Archive member included to satisfy reference by file (symbol)

c:/renesas/ra/e2studio_v2022-04_fsp_v3.7.0/toolchains/gcc_arm/gcc-arm-none-eabi-10.3-2021.10/bin/../lib/gcc/arm-none-eabi/10.3.1/thumb/v8-m.base/nofp\libgcc.a(_muldi3.o)
                              ./ra/fsp/src/bsp/mcu/all/bsp_delay.o (__aeabi_lmul)
c:/renesas/ra/e2studio_v2022-04_fsp_v3.7.0/toolchains/gcc_arm/gcc-arm-none-eabi-10.3-2021.10/bin/../lib/gcc/arm-none-eabi/10.3.1/../../../../arm-none-eabi/lib/thumb/v8-m.base/nofp\libg_nano.a(lib_a-errno.o)
                              ./ra/fsp/src/bsp/mcu/all/bsp_sbrk.o (__errno)
c:/renesas/ra/e2studio_v2022-04_fsp_v3.7.0/toolchains/gcc_arm/gcc-arm-none-eabi-10.3-2021.10/bin/../lib/gcc/arm-none-eabi/10.3.1/../../../../arm-none-eabi/lib/thumb/v8-m.base/nofp\libg_nano.a(lib_a-exit.o)
                              c:/renesas/ra/e2studio_v2022-04_fsp_v3.7.0/toolchains/gcc_arm/gcc-arm-none-eabi-10.3-2021.10/bin/../lib/gcc/arm-none-eabi/10.3.1/../../../../arm-none-eabi/lib/thumb/v8-m.base/nofp/rdimon-crt0.o (exit)
c:/renesas/ra/e2studio_v2022-04_fsp_v3.7.0/toolchains/gcc_arm/gcc-arm-none-eabi-10.3-2021.10/bin/../lib/gcc/arm-none-eabi/10.3.1/../../../../arm-none-eabi/lib/thumb/v8-m.base/nofp\libg_nano.a(lib_a-impure.o)
                              c:/renesas/ra/e2studio_v2022-04_fsp_v3.7.0/toolchains/gcc_arm/gcc-arm-none-eabi-10.3-2021.10/bin/../lib/gcc/arm-none-eabi/10.3.1/../../../../arm-none-eabi/lib/thumb/v8-m.base/nofp\libg_nano.a(lib_a-exit.o) (_global_impure_ptr)
c:/renesas/ra/e2studio_v2022-04_fsp_v3.7.0/toolchains/gcc_arm/gcc-arm-none-eabi-10.3-2021.10/bin/../lib/gcc/arm-none-eabi/10.3.1/../../../../arm-none-eabi/lib/thumb/v8-m.base/nofp\libg_nano.a(lib_a-init.o)
                              c:/renesas/ra/e2studio_v2022-04_fsp_v3.7.0/toolchains/gcc_arm/gcc-arm-none-eabi-10.3-2021.10/bin/../lib/gcc/arm-none-eabi/10.3.1/../../../../arm-none-eabi/lib/thumb/v8-m.base/nofp/rdimon-crt0.o (__libc_init_array)
c:/renesas/ra/e2studio_v2022-04_fsp_v3.7.0/toolchains/gcc_arm/gcc-arm-none-eabi-10.3-2021.10/bin/../lib/gcc/arm-none-eabi/10.3.1/../../../../arm-none-eabi/lib/thumb/v8-m.base/nofp\libg_nano.a(lib_a-memcpy-stub.o)
                              ./ra/fsp/src/bsp/cmsis/Device/RENESAS/Source/system.o (memcpy)
c:/renesas/ra/e2studio_v2022-04_fsp_v3.7.0/toolchains/gcc_arm/gcc-arm-none-eabi-10.3-2021.10/bin/../lib/gcc/arm-none-eabi/10.3.1/../../../../arm-none-eabi/lib/thumb/v8-m.base/nofp\libg_nano.a(lib_a-memset.o)
                              c:/renesas/ra/e2studio_v2022-04_fsp_v3.7.0/toolchains/gcc_arm/gcc-arm-none-eabi-10.3-2021.10/bin/../lib/gcc/arm-none-eabi/10.3.1/../../../../arm-none-eabi/lib/thumb/v8-m.base/nofp/rdimon-crt0.o (memset)
c:/renesas/ra/e2studio_v2022-04_fsp_v3.7.0/toolchains/gcc_arm/gcc-arm-none-eabi-10.3-2021.10/bin/../lib/gcc/arm-none-eabi/10.3.1/../../../../arm-none-eabi/lib/thumb/v8-m.base/nofp\librdimon_nano.a(rdimon-syscalls.o)
                              c:/renesas/ra/e2studio_v2022-04_fsp_v3.7.0/toolchains/gcc_arm/gcc-arm-none-eabi-10.3-2021.10/bin/../lib/gcc/arm-none-eabi/10.3.1/../../../../arm-none-eabi/lib/thumb/v8-m.base/nofp/rdimon-crt0.o (initialise_monitor_handles)
c:/renesas/ra/e2studio_v2022-04_fsp_v3.7.0/toolchains/gcc_arm/gcc-arm-none-eabi-10.3-2021.10/bin/../lib/gcc/arm-none-eabi/10.3.1/../../../../arm-none-eabi/lib/thumb/v8-m.base/nofp\librdimon_nano.a(rdimon-_exit.o)
                              c:/renesas/ra/e2studio_v2022-04_fsp_v3.7.0/toolchains/gcc_arm/gcc-arm-none-eabi-10.3-2021.10/bin/../lib/gcc/arm-none-eabi/10.3.1/../../../../arm-none-eabi/lib/thumb/v8-m.base/nofp\libg_nano.a(lib_a-exit.o) (_exit)
c:/renesas/ra/e2studio_v2022-04_fsp_v3.7.0/toolchains/gcc_arm/gcc-arm-none-eabi-10.3-2021.10/bin/../lib/gcc/arm-none-eabi/10.3.1/../../../../arm-none-eabi/lib/thumb/v8-m.base/nofp\librdimon_nano.a(rdimon-_kill.o)
                              c:/renesas/ra/e2studio_v2022-04_fsp_v3.7.0/toolchains/gcc_arm/gcc-arm-none-eabi-10.3-2021.10/bin/../lib/gcc/arm-none-eabi/10.3.1/../../../../arm-none-eabi/lib/thumb/v8-m.base/nofp\librdimon_nano.a(rdimon-_exit.o) (_kill_shared)
c:/renesas/ra/e2studio_v2022-04_fsp_v3.7.0/toolchains/gcc_arm/gcc-arm-none-eabi-10.3-2021.10/bin/../lib/gcc/arm-none-eabi/10.3.1/../../../../arm-none-eabi/lib/thumb/v8-m.base/nofp\libc_nano.a(lib_a-findfp.o)
                              c:/renesas/ra/e2studio_v2022-04_fsp_v3.7.0/toolchains/gcc_arm/gcc-arm-none-eabi-10.3-2021.10/bin/../lib/gcc/arm-none-eabi/10.3.1/../../../../arm-none-eabi/lib/thumb/v8-m.base/nofp\librdimon_nano.a(rdimon-syscalls.o) (__sinit)
c:/renesas/ra/e2studio_v2022-04_fsp_v3.7.0/toolchains/gcc_arm/gcc-arm-none-eabi-10.3-2021.10/bin/../lib/gcc/arm-none-eabi/10.3.1/../../../../arm-none-eabi/lib/thumb/v8-m.base/nofp\libc_nano.a(lib_a-fwalk.o)
[...]
Memory Configuration

Name             Origin             Length             Attributes
FLASH            0x00000000         0x00010000         xr
RAM              0x20004000         0x00004000         xrw
DATA_FLASH       0x40100000         0x00001000         xr
QSPI_FLASH       0x60000000         0x00000000         xr
OSPI_DEVICE_0    0x68000000         0x00000000         xr
OSPI_DEVICE_1    0x70000000         0x00000000         xr
OSPI_DEVICE_0_RAM 0x68000000         0x00000000         xrw
OSPI_DEVICE_1_RAM 0x70000000         0x00000000         xrw
SDRAM            0x90000000         0x00000000         xrw
OPTION_SETTING   0x00000000         0x00000000         r
OPTION_SETTING_S 0x00000000         0x00000000         r
ID_CODE          0x01010018         0x00000020         xr
*default*        0x00000000         0xffffffff

Linker script and memory map

LOAD c:/renesas/ra/e2studio_v2022-04_fsp_v3.7.0/toolchains/gcc_arm/gcc-arm-none-eabi-10.3-2021.10/bin/../lib/gcc/arm-none-eabi/10.3.1/thumb/v8-m.base/nofp/crti.o
LOAD c:/renesas/ra/e2studio_v2022-04_fsp_v3.7.0/toolchains/gcc_arm/gcc-arm-none-eabi-10.3-2021.10/bin/../lib/gcc/arm-none-eabi/10.3.1/thumb/v8-m.base/nofp/crtbegin.o
LOAD c:/renesas/ra/e2studio_v2022-04_fsp_v3.7.0/toolchains/gcc_arm/gcc-arm-none-eabi-10.3-2021.10/bin/../lib/gcc/arm-none-eabi/10.3.1/../../../../arm-none-eabi/lib/thumb/v8-m.base/nofp/rdimon-crt0.o
START GROUP
LOAD ./src/hal_entry.o
LOAD ./ra_gen/common_data.o
LOAD ./ra_gen/hal_data.o
LOAD ./ra_gen/main.o
LOAD ./ra_gen/pin_data.o
LOAD ./ra_gen/vector_data.o
LOAD ./ra/fsp/src/rm_touch/rm_touch.o
LOAD ./ra/fsp/src/r_ioport/r_ioport.o
LOAD ./ra/fsp/src/r_dtc/r_dtc.o
LOAD ./ra/fsp/src/r_ctsu/r_ctsu.o
LOAD ./ra/fsp/src/bsp/mcu/all/bsp_clocks.o
LOAD ./ra/fsp/src/bsp/mcu/all/bsp_common.o
LOAD ./ra/fsp/src/bsp/mcu/all/bsp_delay.o
LOAD ./ra/fsp/src/bsp/mcu/all/bsp_group_irq.o
LOAD ./ra/fsp/src/bsp/mcu/all/bsp_guard.o
LOAD ./ra/fsp/src/bsp/mcu/all/bsp_io.o
LOAD ./ra/fsp/src/bsp/mcu/all/bsp_irq.o
LOAD ./ra/fsp/src/bsp/mcu/all/bsp_register_protection.o
LOAD ./ra/fsp/src/bsp/mcu/all/bsp_rom_registers.o
LOAD ./ra/fsp/src/bsp/mcu/all/bsp_sbrk.o
LOAD ./ra/fsp/src/bsp/mcu/all/bsp_security.o
LOAD ./ra/fsp/src/bsp/cmsis/Device/RENESAS/Source/startup.o
LOAD ./ra/fsp/src/bsp/cmsis/Device/RENESAS/Source/system.o
LOAD ./qe_gen/qe_touch_config.o
LOAD ./qe_gen/qe_touch_sample.o
END GROUP
START GROUP
LOAD c:/renesas/ra/e2studio_v2022-04_fsp_v3.7.0/toolchains/gcc_arm/gcc-arm-none-eabi-10.3-2021.10/bin/../lib/gcc/arm-none-eabi/10.3.1/thumb/v8-m.base/nofp\libgcc.a
LOAD c:/renesas/ra/e2studio_v2022-04_fsp_v3.7.0/toolchains/gcc_arm/gcc-arm-none-eabi-10.3-2021.10/bin/../lib/gcc/arm-none-eabi/10.3.1/../../../../arm-none-eabi/lib/thumb/v8-m.base/nofp\libg_nano.a
LOAD c:/renesas/ra/e2studio_v2022-04_fsp_v3.7.0/toolchains/gcc_arm/gcc-arm-none-eabi-10.3-2021.10/bin/../lib/gcc/arm-none-eabi/10.3.1/../../../../arm-none-eabi/lib/thumb/v8-m.base/nofp\libc_nano.a
END GROUP
START GROUP
LOAD c:/renesas/ra/e2studio_v2022-04_fsp_v3.7.0/toolchains/gcc_arm/gcc-arm-none-eabi-10.3-2021.10/bin/../lib/gcc/arm-none-eabi/10.3.1/thumb/v8-m.base/nofp\libgcc.a
LOAD c:/renesas/ra/e2studio_v2022-04_fsp_v3.7.0/toolchains/gcc_arm/gcc-arm-none-eabi-10.3-2021.10/bin/../lib/gcc/arm-none-eabi/10.3.1/../../../../arm-none-eabi/lib/thumb/v8-m.base/nofp\libc_nano.a
LOAD c:/renesas/ra/e2studio_v2022-04_fsp_v3.7.0/toolchains/gcc_arm/gcc-arm-none-eabi-10.3-2021.10/bin/../lib/gcc/arm-none-eabi/10.3.1/../../../../arm-none-eabi/lib/thumb/v8-m.base/nofp\librdimon_nano.a
END GROUP
START GROUP
LOAD c:/renesas/ra/e2studio_v2022-04_fsp_v3.7.0/toolchains/gcc_arm/gcc-arm-none-eabi-10.3-2021.10/bin/../lib/gcc/arm-none-eabi/10.3.1/thumb/v8-m.base/nofp\libgcc.a
LOAD c:/renesas/ra/e2studio_v2022-04_fsp_v3.7.0/toolchains/gcc_arm/gcc-arm-none-eabi-10.3-2021.10/bin/../lib/gcc/arm-none-eabi/10.3.1/../../../../arm-none-eabi/lib/thumb/v8-m.base/nofp\libc_nano.a
LOAD c:/renesas/ra/e2studio_v2022-04_fsp_v3.7.0/toolchains/gcc_arm/gcc-arm-none-eabi-10.3-2021.10/bin/../lib/gcc/arm-none-eabi/10.3.1/../../../../arm-none-eabi/lib/thumb/v8-m.base/nofp\librdimon_nano.a
END GROUP
LOAD c:/renesas/ra/e2studio_v2022-04_fsp_v3.7.0/toolchains/gcc_arm/gcc-arm-none-eabi-10.3-2021.10/bin/../lib/gcc/arm-none-eabi/10.3.1/thumb/v8-m.base/nofp/crtend.o
LOAD c:/renesas/ra/e2studio_v2022-04_fsp_v3.7.0/toolchains/gcc_arm/gcc-arm-none-eabi-10.3-2021.10/bin/../lib/gcc/arm-none-eabi/10.3.1/thumb/v8-m.base/nofp/crtn.o
                0x20004000                RAM_START = 0x20004000
                0x00004000                RAM_LENGTH = 0x4000
                0x00000000                FLASH_START = 0x0
                0x00010000                FLASH_LENGTH = 0x10000
                0x40100000                DATA_FLASH_START = 0x40100000
                0x00001000                DATA_FLASH_LENGTH = 0x1000
                0x00000000                OPTION_SETTING_START = 0x0
                0x00000000                OPTION_SETTING_LENGTH = 0x0
                0x00000000                OPTION_SETTING_S_START = 0x0
                0x00000000                OPTION_SETTING_S_LENGTH = 0x0
                0x01010018                ID_CODE_START = 0x1010018
                0x00000020                ID_CODE_LENGTH = 0x20
                0x90000000                SDRAM_START = 0x90000000
                0x00000000                SDRAM_LENGTH = 0x0
                0x60000000                QSPI_FLASH_START = 0x60000000
                0x00000000                QSPI_FLASH_LENGTH = 0x0
                0x68000000                OSPI_DEVICE_0_START = 0x68000000
                0x00000000                OSPI_DEVICE_0_LENGTH = 0x0
                0x70000000                OSPI_DEVICE_1_START = 0x70000000
                0x00000000                OSPI_DEVICE_1_LENGTH = 0x0
                0x00000000                QSPI_FLASH_PRV_LENGTH = DEFINED (QSPI_FLASH_SIZE)?ABSOLUTE (QSPI_FLASH_SIZE):ABSOLUTE (QSPI_FLASH_LENGTH)
                0x00000000                OSPI_DEVICE_0_PRV_LENGTH = DEFINED (OSPI_DEVICE_0_SIZE)?ABSOLUTE (OSPI_DEVICE_0_SIZE):ABSOLUTE (OSPI_DEVICE_0_LENGTH)
                0x00000000                OSPI_DEVICE_1_PRV_LENGTH = DEFINED (OSPI_DEVICE_1_SIZE)?ABSOLUTE (OSPI_DEVICE_1_SIZE):ABSOLUTE (OSPI_DEVICE_1_LENGTH)
                0x00000000                __RESERVE_NS_RAM = ((! (DEFINED (PROJECT_NONSECURE)) && DEFINED (RAM_NS_BUFFER_LENGTH)) && (OPTION_SETTING_S_LENGTH != 0x0))
                0x00000000                RAM_NS_BUFFER_BLOCK_LENGTH = DEFINED (RAM_NS_BUFFER_LENGTH)?ALIGN (RAM_NS_BUFFER_LENGTH, 0x2000):0x0
                0x00000000                RAM_NS_BUFFER_LENGTH = DEFINED (RAM_NS_BUFFER_LENGTH)?RAM_NS_BUFFER_LENGTH:0x0
                0x20008000                RAM_NS_BUFFER_START = ((RAM_START + RAM_LENGTH) - RAM_NS_BUFFER_LENGTH)
                0x20008000                RAM_NS_BUFFER_BLOCK_START = ((RAM_START + RAM_LENGTH) - RAM_NS_BUFFER_BLOCK_LENGTH)
                0x0100a180                OPTION_SETTING_START_NS = 0x100a180
                0x00000001                __bl_FSP_BOOTABLE_IMAGE = 0x1
                0x00000001                __bln_FSP_BOOTABLE_IMAGE = 0x1
                0x00000000                PROJECT_SECURE_OR_FLAT = ((! (DEFINED (PROJECT_NONSECURE)) && OPTION_SETTING_LENGTH) && ! (DEFINED (FSP_BOOTABLE_IMAGE)))
                0x00000000                USE_OPTION_SETTING_NS = (DEFINED (PROJECT_NONSECURE) && ! (DEFINED (FSP_BOOTABLE_IMAGE)))
                0x00000000                __bl_FLASH_IMAGE_START = ! (DEFINED (FLASH_BOOTLOADER_LENGTH))?0x0:(FLASH_APPLICATION_IMAGE_NUMBER == 0x1)?(FLASH_BOOTLOADER_LENGTH + FLASH_BOOTLOADER_HEADER_LENGTH):(((FLASH_BOOTLOADER_LENGTH + FLASH_BOOTLOADER_SCRATCH_LENGTH) + FLASH_APPLICATION_S_LENGTH) + FLASH_BOOTLOADER_HEADER_LENGTH)
                0x00000000                __bl_FLASH_IMAGE_LENGTH = ! (DEFINED (FLASH_BOOTLOADER_LENGTH))?0x0:(FLASH_APPLICATION_S_LENGTH - FLASH_BOOTLOADER_HEADER_LENGTH)
                0x00000000                __bl_FLASH_IMAGE_END = (__bl_FLASH_IMAGE_START + __bl_FLASH_IMAGE_LENGTH)
                0x00000000                __bl_XIP_SECONDARY_FLASH_IMAGE_START = ! (DEFINED (FLASH_BOOTLOADER_LENGTH))?0x0:((FLASH_BOOTLOADER_LENGTH + FLASH_APPLICATION_S_LENGTH) + FLASH_BOOTLOADER_HEADER_LENGTH)
                0x00000000                __bl_XIP_SECONDARY_FLASH_IMAGE_END = (__bl_XIP_SECONDARY_FLASH_IMAGE_START + __bl_FLASH_IMAGE_LENGTH)
                0x00000000                __bl_FLASH_NS_START = ! (DEFINED (FLASH_BOOTLOADER_LENGTH))?0x0:(FLASH_APPLICATION_NS_LENGTH == 0x0)?__bl_FLASH_IMAGE_END:((__bl_FLASH_IMAGE_START - FLASH_BOOTLOADER_HEADER_LENGTH) + FLASH_APPLICATION_S_LENGTH)
                0x00000000                __bl_FLASH_NSC_START = ! (DEFINED (FLASH_BOOTLOADER_LENGTH))?0x0:(FLASH_APPLICATION_NS_LENGTH == 0x0)?__bl_FLASH_IMAGE_END:(__bl_FLASH_NS_START - FLASH_APPLICATION_NSC_LENGTH)
                0x00000000                __bl_RAM_NS_START = ! (DEFINED (FLASH_BOOTLOADER_LENGTH))?0x0:(FLASH_APPLICATION_NS_LENGTH == 0x0)?(RAM_START + RAM_LENGTH):((RAM_START + RAM_LENGTH) - RAM_APPLICATION_NS_LENGTH)
                0x00000000                __bl_RAM_NSC_START = ! (DEFINED (FLASH_BOOTLOADER_LENGTH))?0x0:(FLASH_APPLICATION_NS_LENGTH == 0x0)?(RAM_START + RAM_LENGTH):(__bl_RAM_NS_START - RAM_APPLICATION_NSC_LENGTH)
                0x00000000                __bl_FLASH_NS_IMAGE_START = ! (DEFINED (FLASH_BOOTLOADER_LENGTH))?0x0:(FLASH_APPLICATION_NS_LENGTH == 0x0)?__bl_FLASH_IMAGE_END:(__bl_FLASH_NS_START + FLASH_BOOTLOADER_HEADER_LENGTH_2)
                0x00000000                __bln_FLASH_IMAGE_START = __bl_FLASH_NS_IMAGE_START
                0x00000000                __bln_FLASH_IMAGE_LENGTH = ! (DEFINED (FLASH_BOOTLOADER_LENGTH))?0x0:(FLASH_APPLICATION_NS_LENGTH == 0x0)?__bl_FLASH_IMAGE_END:(FLASH_APPLICATION_NS_LENGTH - FLASH_BOOTLOADER_HEADER_LENGTH_2)
                0x00000000                XIP_SECONDARY_SLOT_IMAGE = DEFINED (XIP_SECONDARY_SLOT_IMAGE)?XIP_SECONDARY_SLOT_IMAGE:0x0
                0x00000000                FLASH_ORIGIN = ! (DEFINED (FLASH_IMAGE_START))?FLASH_START:(XIP_SECONDARY_SLOT_IMAGE == 0x1)?XIP_SECONDARY_FLASH_IMAGE_START:FLASH_IMAGE_START
                0x00010000                LIMITED_FLASH_LENGTH = DEFINED (FLASH_IMAGE_LENGTH)?FLASH_IMAGE_LENGTH:DEFINED (FLASH_BOOTLOADER_LENGTH)?FLASH_BOOTLOADER_LENGTH:FLASH_LENGTH
START GROUP
LOAD c:/renesas/ra/e2studio_v2022-04_fsp_v3.7.0/toolchains/gcc_arm/gcc-arm-none-eabi-10.3-2021.10/bin/../lib/gcc/arm-none-eabi/10.3.1/thumb/v8-m.base/nofp\libgcc.a
LOAD c:/renesas/ra/e2studio_v2022-04_fsp_v3.7.0/toolchains/gcc_arm/gcc-arm-none-eabi-10.3-2021.10/bin/../lib/gcc/arm-none-eabi/10.3.1/../../../../arm-none-eabi/lib/thumb/v8-m.base/nofp\libc.a
LOAD c:/renesas/ra/e2studio_v2022-04_fsp_v3.7.0/toolchains/gcc_arm/gcc-arm-none-eabi-10.3-2021.10/bin/../lib/gcc/arm-none-eabi/10.3.1/../../../../arm-none-eabi/lib/thumb/v8-m.base/nofp\libm.a
LOAD c:/renesas/ra/e2studio_v2022-04_fsp_v3.7.0/toolchains/gcc_arm/gcc-arm-none-eabi-10.3-2021.10/bin/../lib/gcc/arm-none-eabi/10.3.1/../../../../arm-none-eabi/lib/thumb/v8-m.base/nofp\libnosys.a
END GROUP

.text           0x00000000     0x38b8
                0x00000000                __tz_FLASH_S = ABSOLUTE (FLASH_START)
                0x00000000                __ROM_Start = .
 *(.fixed_vectors*)
 .fixed_vectors
                0x00000000       0x40 ./ra/fsp/src/bsp/cmsis/Device/RENESAS/Source/startup.o
                0x00000000                __Vectors
 *(.application_vectors*)
 .application_vectors
                0x00000040       0x80 ./ra_gen/vector_data.o
                0x00000040                g_vector_table
                0x000000c0                __Vectors_End = .
                0x00000400                . = (OPTION_SETTING_LENGTH > 0x0)?.:(__ROM_Start + 0x400)
 *fill*         0x000000c0      0x340 ff
 *(.rom_registers*)
 .rom_registers
                0x00000400       0x3c ./ra/fsp/src/bsp/mcu/all/bsp_rom_registers.o
                0x00000500                . = (OPTION_SETTING_LENGTH > 0x0)?.:(__ROM_Start + 0x500)
 *fill*         0x0000043c       0xc4 ff
                0x00000500                . = ALIGN (0x80)
 *(.mcuboot_sce9_key*)
 *(.text*)
 .text          0x00000500       0x50 c:/renesas/ra/e2studio_v2022-04_fsp_v3.7.0/toolchains/gcc_arm/gcc-arm-none-eabi-10.3-2021.10/bin/../lib/gcc/arm-none-eabi/10.3.1/thumb/v8-m.base/nofp/crtbegin.o
 .text.hal_entry
                0x00000550       0xe0 ./src/hal_entry.o
                0x00000550                hal_entry
 .text.R_BSP_WarmStart
                0x00000630       0x38 ./src/hal_entry.o
                0x00000630                R_BSP_WarmStart
 .text.startup.main
                0x00000668        0xc ./ra_gen/main.o
                0x00000668                main
 .text.RM_TOUCH_Open
                0x00000674      0x1dc ./ra/fsp/src/rm_touch/rm_touch.o
                0x00000674                RM_TOUCH_Open
 .text.RM_TOUCH_ScanStart
                0x00000850       0x18 ./ra/fsp/src/rm_touch/rm_touch.o
                0x00000850                RM_TOUCH_ScanStart
 .text.RM_TOUCH_PadDataGet
                0x00000868        0x4 ./ra/fsp/src/rm_touch/rm_touch.o
                0x00000868                RM_TOUCH_PadDataGet
 .text.RM_TOUCH_CallbackSet
                0x0000086c       0x10 ./ra/fsp/src/rm_touch/rm_touch.o
                0x0000086c                RM_TOUCH_CallbackSet
 .text.RM_TOUCH_SensitivityRatioGet
                0x0000087c       0x8c ./ra/fsp/src/rm_touch/rm_touch.o
                0x0000087c                RM_TOUCH_SensitivityRatioGet
 .text.RM_TOUCH_ThresholdAdjust
                0x00000908       0x88 ./ra/fsp/src/rm_touch/rm_touch.o
                0x00000908                RM_TOUCH_ThresholdAdjust
 .text.RM_TOUCH_DriftControl
                0x00000990        0x8 ./ra/fsp/src/rm_touch/rm_touch.o
                0x00000990                RM_TOUCH_DriftControl
 .text.RM_TOUCH_DataGet
                0x00000998      0x480 ./ra/fsp/src/rm_touch/rm_touch.o
                0x00000998                RM_TOUCH_DataGet
 .text.RM_TOUCH_ScanStop
                0x00000e18       0x28 ./ra/fsp/src/rm_touch/rm_touch.o
                0x00000e18                RM_TOUCH_ScanStop
 .text.RM_TOUCH_Close
                0x00000e40       0x40 ./ra/fsp/src/rm_touch/rm_touch.o
                0x00000e40                RM_TOUCH_Close
 .text.R_IOPORT_Close
                0x00000e80        0x8 ./ra/fsp/src/r_ioport/r_ioport.o
                0x00000e80                R_IOPORT_Close
 .text.R_IOPORT_PinRead
                0x00000e88       0x24 ./ra/fsp/src/r_ioport/r_ioport.o
                0x00000e88                R_IOPORT_PinRead
 .text.R_IOPORT_PortRead
                0x00000eac       0x18 ./ra/fsp/src/r_ioport/r_ioport.o
                0x00000eac                R_IOPORT_PortRead
 .text.R_IOPORT_PortWrite
                0x00000ec4       0x20 ./ra/fsp/src/r_ioport/r_ioport.o
                0x00000ec4                R_IOPORT_PortWrite
 .text.R_IOPORT_PinWrite
                0x00000ee4       0x28 ./ra/fsp/src/r_ioport/r_ioport.o
                0x00000ee4                R_IOPORT_PinWrite
 .text.R_IOPORT_PortDirectionSet
                0x00000f0c       0x24 ./ra/fsp/src/r_ioport/r_ioport.o
                0x00000f0c                R_IOPORT_PortDirectionSet
 .text.R_IOPORT_PortEventInputRead
                0x00000f30       0x18 ./ra/fsp/src/r_ioport/r_ioport.o
                0x00000f30                R_IOPORT_PortEventInputRead
 .text.R_IOPORT_PinEventInputRead
                0x00000f48       0x2c ./ra/fsp/src/r_ioport/r_ioport.o
                0x00000f48                R_IOPORT_PinEventInputRead
 .text.R_IOPORT_PortEventOutputWrite
                0x00000f74       0x20 ./ra/fsp/src/r_ioport/r_ioport.o
                0x00000f74                R_IOPORT_PortEventOutputWrite
 .text.R_IOPORT_EthernetModeCfg
                0x00000f94        0x4 ./ra/fsp/src/r_ioport/r_ioport.o
                0x00000f94                R_IOPORT_EthernetModeCfg
 .text.R_IOPORT_PinEventOutputWrite
                0x00000f98       0x4c ./ra/fsp/src/r_ioport/r_ioport.o
                0x00000f98                R_IOPORT_PinEventOutputWrite
 .text.r_ioport_pins_config
                0x00000fe4       0xf8 ./ra/fsp/src/r_ioport/r_ioport.o
 .text.R_IOPORT_Open
                0x000010dc       0x18 ./ra/fsp/src/r_ioport/r_ioport.o
                0x000010dc                R_IOPORT_Open
 .text.R_IOPORT_PinsCfg
                0x000010f4        0xc ./ra/fsp/src/r_ioport/r_ioport.o
                0x000010f4                R_IOPORT_PinsCfg
 .text.R_IOPORT_PinCfg
                0x00001100       0xa0 ./ra/fsp/src/r_ioport/r_ioport.o
                0x00001100                R_IOPORT_PinCfg
 .text.R_DTC_Reset
                0x000011a0       0xa0 ./ra/fsp/src/r_dtc/r_dtc.o
                0x000011a0                R_DTC_Reset
 .text.R_DTC_SoftwareStart
                0x00001240        0x4 ./ra/fsp/src/r_dtc/r_dtc.o
                0x00001240                R_DTC_SoftwareStart
 .text.R_DTC_SoftwareStop
                0x00001244        0x4 ./ra/fsp/src/r_dtc/r_dtc.o
                0x00001244                R_DTC_SoftwareStop
 .text.R_DTC_Enable
                0x00001248       0x20 ./ra/fsp/src/r_dtc/r_dtc.o
                0x00001248                R_DTC_Enable
 .text.R_DTC_Disable
                0x00001268       0x20 ./ra/fsp/src/r_dtc/r_dtc.o
                0x00001268                R_DTC_Disable
 .text.R_DTC_InfoGet
                0x00001288       0x4c ./ra/fsp/src/r_dtc/r_dtc.o
                0x00001288                R_DTC_InfoGet
 .text.R_DTC_Close
                0x000012d4       0x34 ./ra/fsp/src/r_dtc/r_dtc.o
                0x000012d4                R_DTC_Close
 .text.R_DTC_Open
                0x00001308       0xe0 ./ra/fsp/src/r_dtc/r_dtc.o
                0x00001308                R_DTC_Open
 .text.R_DTC_Reconfigure
                0x000013e8       0xa4 ./ra/fsp/src/r_dtc/r_dtc.o
                0x000013e8                R_DTC_Reconfigure
 .text.R_CTSU_CallbackSet
                0x0000148c        0xc ./ra/fsp/src/r_ctsu/r_ctsu.o
                0x0000148c                R_CTSU_CallbackSet
 .text.ctsu_transfer_configure
                0x00001498       0xc0 ./ra/fsp/src/r_ctsu/r_ctsu.o
 .text.R_CTSU_ScanStart
                0x00001558      0x1b8 ./ra/fsp/src/r_ctsu/r_ctsu.o
                0x00001558                R_CTSU_ScanStart
 .text.R_CTSU_Diagnosis
                0x00001710       0x10 ./ra/fsp/src/r_ctsu/r_ctsu.o
                0x00001710                R_CTSU_Diagnosis
 .text.R_CTSU_ScanStop
                0x00001720       0x60 ./ra/fsp/src/r_ctsu/r_ctsu.o
                0x00001720                R_CTSU_ScanStop
 .text.R_CTSU_DataInsert
                0x00001780       0x44 ./ra/fsp/src/r_ctsu/r_ctsu.o
                0x00001780                R_CTSU_DataInsert
 .text.R_CTSU_Close
                0x000017c4       0x7c ./ra/fsp/src/r_ctsu/r_ctsu.o
                0x000017c4                R_CTSU_Close
 .text.ctsu_correction_fleq.constprop.0
                0x00001840       0x34 ./ra/fsp/src/r_ctsu/r_ctsu.o
 .text.R_CTSU_SpecificDataGet
                0x00001874      0x144 ./ra/fsp/src/r_ctsu/r_ctsu.o
                0x00001874                R_CTSU_SpecificDataGet
 .text.ctsu_correction_calc.part.0.isra.0
                0x000019b8       0xdc ./ra/fsp/src/r_ctsu/r_ctsu.o
 .text.R_CTSU_DataGet
                0x00001a94      0x3c0 ./ra/fsp/src/r_ctsu/r_ctsu.o
                0x00001a94                R_CTSU_DataGet
 .text.R_CTSU_Open
                0x00001e54      0xb20 ./ra/fsp/src/r_ctsu/r_ctsu.o
                0x00001e54                R_CTSU_Open
 .text.ctsu_write_isr
                0x00002974       0x24 ./ra/fsp/src/r_ctsu/r_ctsu.o
                0x00002974                ctsu_write_isr
 .text.ctsu_read_isr
                0x00002998       0x24 ./ra/fsp/src/r_ctsu/r_ctsu.o
                0x00002998                ctsu_read_isr
 .text.ctsu_end_interrupt
                0x000029bc       0xb8 ./ra/fsp/src/r_ctsu/r_ctsu.o
                0x000029bc                ctsu_end_interrupt
 .text.ctsu_end_isr
                0x00002a74       0x4c ./ra/fsp/src/r_ctsu/r_ctsu.o
                0x00002a74                ctsu_end_isr
 .text.SystemCoreClockUpdate
                0x00002ac0       0x2c ./ra/fsp/src/bsp/mcu/all/bsp_clocks.o
                0x00002ac0                SystemCoreClockUpdate
 .text.bsp_clock_init
                0x00002aec      0x140 ./ra/fsp/src/bsp/mcu/all/bsp_clocks.o
                0x00002aec                bsp_clock_init
 .text.bsp_init_internal
                0x00002c2c        0x4 ./ra/fsp/src/bsp/mcu/all/bsp_common.o
                0x00002c2c                bsp_init_internal
                0x00002c2c                bsp_init
 .text.bsp_prv_software_delay_loop
                0x00002c30        0x8 ./ra/fsp/src/bsp/mcu/all/bsp_delay.o
                0x00002c30                bsp_prv_software_delay_loop
 .text.R_BSP_SoftwareDelay
                0x00002c38       0x5c ./ra/fsp/src/bsp/mcu/all/bsp_delay.o
                0x00002c38                R_BSP_SoftwareDelay
 .text.NMI_Handler
                0x00002c94       0x48 ./ra/fsp/src/bsp/mcu/all/bsp_group_irq.o
                0x00002c94                NMI_Handler
 .text.bsp_irq_cfg
                0x00002cdc       0x28 ./ra/fsp/src/bsp/mcu/all/bsp_irq.o
                0x00002cdc                bsp_irq_cfg
 .text.R_BSP_RegisterProtectEnable
                0x00002d04       0x54 ./ra/fsp/src/bsp/mcu/all/bsp_register_protection.o
                0x00002d04                R_BSP_RegisterProtectEnable
 .text.R_BSP_RegisterProtectDisable
                0x00002d58       0x4c ./ra/fsp/src/bsp/mcu/all/bsp_register_protection.o
                0x00002d58                R_BSP_RegisterProtectDisable
 .text.Default_Handler
                0x00002da4        0x4 ./ra/fsp/src/bsp/cmsis/Device/RENESAS/Source/startup.o
                0x00002da4                DebugMon_Handler
                0x00002da4                HardFault_Handler
                0x00002da4                SysTick_Handler
                0x00002da4                PendSV_Handler
                0x00002da4                UsageFault_Handler
                0x00002da4                SecureFault_Handler
                0x00002da4                Default_Handler
                0x00002da4                MemManage_Handler
                0x00002da4                SVC_Handler
                0x00002da4                BusFault_Handler
 .text.Reset_Handler
                0x00002da8        0xc ./ra/fsp/src/bsp/cmsis/Device/RENESAS/Source/startup.o
                0x00002da8                Reset_Handler
 .text.SystemInit
                0x00002db4      0x144 ./ra/fsp/src/bsp/cmsis/Device/RENESAS/Source/system.o
                0x00002db4                SystemInit
 .text.qe_touch_callback
                0x00002ef8       0x1c ./qe_gen/qe_touch_config.o
                0x00002ef8                qe_touch_callback
 .text.qe_touch_main
                0x00002f14      0x558 ./qe_gen/qe_touch_sample.o
                0x00002f14                qe_touch_main
 .text          0x0000346c       0x5c c:/renesas/ra/e2studio_v2022-04_fsp_v3.7.0/toolchains/gcc_arm/gcc-arm-none-eabi-10.3-2021.10/bin/../lib/gcc/arm-none-eabi/10.3.1/thumb/v8-m.base/nofp\libgcc.a(_muldi3.o)
                0x0000346c                __muldi3
                0x0000346c                __aeabi_lmul
 .text.memcpy   0x000034c8       0x12 c:/renesas/ra/e2studio_v2022-04_fsp_v3.7.0/toolchains/gcc_arm/gcc-arm-none-eabi-10.3-2021.10/bin/../lib/gcc/arm-none-eabi/10.3.1/../../../../arm-none-eabi/lib/thumb/v8-m.base/nofp\libg_nano.a(lib_a-memcpy-stub.o)
                0x000034c8                memcpy
 .text.memset   0x000034da       0x10 c:/renesas/ra/e2studio_v2022-04_fsp_v3.7.0/toolchains/gcc_arm/gcc-arm-none-eabi-10.3-2021.10/bin/../lib/gcc/arm-none-eabi/10.3.1/../../../../arm-none-eabi/lib/thumb/v8-m.base/nofp\libg_nano.a(lib_a-memset.o)
                0x000034da                memset
 *(.version)
 *fill*         0x000034ea        0x2 ff
 .version       0x000034ec       0x50 ./ra/fsp/src/bsp/mcu/all/bsp_common.o
 *(.init)
 .init          0x0000353c        0x4 c:/renesas/ra/e2studio_v2022-04_fsp_v3.7.0/toolchains/gcc_arm/gcc-arm-none-eabi-10.3-2021.10/bin/../lib/gcc/arm-none-eabi/10.3.1/thumb/v8-m.base/nofp/crti.o
                0x0000353c                _init
 .init          0x00003540        0x8 c:/renesas/ra/e2studio_v2022-04_fsp_v3.7.0/toolchains/gcc_arm/gcc-arm-none-eabi-10.3-2021.10/bin/../lib/gcc/arm-none-eabi/10.3.1/thumb/v8-m.base/nofp/crtn.o
 *(.fini)
 .fini          0x00003548        0x4 c:/renesas/ra/e2studio_v2022-04_fsp_v3.7.0/toolchains/gcc_arm/gcc-arm-none-eabi-10.3-2021.10/bin/../lib/gcc/arm-none-eabi/10.3.1/thumb/v8-m.base/nofp/crti.o
                0x00003548                _fini
 .fini          0x0000354c        0x8 c:/renesas/ra/e2studio_v2022-04_fsp_v3.7.0/toolchains/gcc_arm/gcc-arm-none-eabi-10.3-2021.10/bin/../lib/gcc/arm-none-eabi/10.3.1/thumb/v8-m.base/nofp/crtn.o
 *crtbegin.o(.ctors)
 *crtbegin?.o(.ctors)
 *(EXCLUDE_FILE(*crtend.o *crtend?.o) .ctors)
 *(SORT_BY_NAME(.ctors.*))
 *(.ctors)
 *crtbegin.o(.dtors)
 *crtbegin?.o(.dtors)
 *(EXCLUDE_FILE(*crtend.o *crtend?.o) .dtors)
 *(SORT_BY_NAME(.dtors.*))
 *(.dtors)
 *(.rodata*)
 .rodata.g_ioport
                0x00003554        0xc ./ra_gen/common_data.o
                0x00003554                g_ioport
 .rodata.g_transfer0
                0x00003560        0xc ./ra_gen/common_data.o
                0x00003560                g_transfer0
 .rodata.g_transfer0_cfg
                0x0000356c        0x8 ./ra_gen/common_data.o
                0x0000356c                g_transfer0_cfg
 .rodata.g_transfer0_cfg_extend
                0x00003574        0x1 ./ra_gen/common_data.o
                0x00003574                g_transfer0_cfg_extend
 *fill*         0x00003575        0x3 ff
 .rodata.g_transfer1
                0x00003578        0xc ./ra_gen/common_data.o
                0x00003578                g_transfer1
 .rodata.g_transfer1_cfg
                0x00003584        0x8 ./ra_gen/common_data.o
                0x00003584                g_transfer1_cfg
 .rodata.g_transfer1_cfg_extend
                0x0000358c        0x1 ./ra_gen/common_data.o
                0x0000358c                g_transfer1_cfg_extend
 *fill*         0x0000358d        0x3 ff
 .rodata.g_bsp_pin_cfg
                0x00003590        0x8 ./ra_gen/pin_data.o
                0x00003590                g_bsp_pin_cfg
 .rodata.g_bsp_pin_cfg_data
                0x00003598      0x108 ./ra_gen/pin_data.o
                0x00003598                g_bsp_pin_cfg_data
 .rodata.g_interrupt_event_link_select
                0x000036a0       0x20 ./ra_gen/vector_data.o
                0x000036a0                g_interrupt_event_link_select
 .rodata.g_touch_on_ctsu
                0x000036c0       0x28 ./ra/fsp/src/rm_touch/rm_touch.o
                0x000036c0                g_touch_on_ctsu
 .rodata.g_ioport_on_ioport
                0x000036e8       0x38 ./ra/fsp/src/r_ioport/r_ioport.o
                0x000036e8                g_ioport_on_ioport
 .rodata.g_transfer_on_dtc
                0x00003720       0x24 ./ra/fsp/src/r_dtc/r_dtc.o
                0x00003720                g_transfer_on_dtc
 .rodata.g_ctsu_on_ctsu
                0x00003744       0x24 ./ra/fsp/src/r_ctsu/r_ctsu.o
                0x00003744                g_ctsu_on_ctsu
 .rodata.g_ctsu_tscap_pin_cfg
                0x00003768        0x8 ./ra/fsp/src/r_ctsu/r_ctsu.o
 .rodata.g_prcr_masks
                0x00003770        0x8 ./ra/fsp/src/bsp/mcu/all/bsp_register_protection.o
 .rodata.g_qe_ctsu_cfg_config01
                0x00003778       0x40 ./qe_gen/qe_touch_config.o
                0x00003778                g_qe_ctsu_cfg_config01
 .rodata.g_qe_ctsu_element_cfg_config01
                0x000037b8       0x5a ./qe_gen/qe_touch_config.o
                0x000037b8                g_qe_ctsu_element_cfg_config01
 *fill*         0x00003812        0x2 ff
 .rodata.g_qe_ctsu_instance_config01
                0x00003814        0xc ./qe_gen/qe_touch_config.o
                0x00003814                g_qe_ctsu_instance_config01
 .rodata.g_qe_touch_button_cfg_config01
                0x00003820       0x5a ./qe_gen/qe_touch_config.o
                0x00003820                g_qe_touch_button_cfg_config01
 *fill*         0x0000387a        0x2 ff
 .rodata.g_qe_touch_cfg_config01
                0x0000387c       0x2c ./qe_gen/qe_touch_config.o
                0x0000387c                g_qe_touch_cfg_config01
 .rodata.g_qe_touch_instance_config01
                0x000038a8        0xc ./qe_gen/qe_touch_config.o
                0x000038a8                g_qe_touch_instance_config01
                0x000038b4                __usb_dev_descriptor_start_fs = .
 *(.usb_device_desc_fs*)
                0x000038b4                __usb_cfg_descriptor_start_fs = .
 *(.usb_config_desc_fs*)
                0x000038b4                __usb_interface_descriptor_start_fs = .
 *(.usb_interface_desc_fs*)
                0x000038b4                __usb_descriptor_end_fs = .
                0x000038b4                __usb_dev_descriptor_start_hs = .
 *(.usb_device_desc_hs*)
                0x000038b4                __usb_cfg_descriptor_start_hs = .
 *(.usb_config_desc_hs*)
                0x000038b4                __usb_interface_descriptor_start_hs = .
 *(.usb_interface_desc_hs*)
                0x000038b4                __usb_descriptor_end_hs = .
 *(.eh_frame*)
 .eh_frame      0x000038b4        0x0 c:/renesas/ra/e2studio_v2022-04_fsp_v3.7.0/toolchains/gcc_arm/gcc-arm-none-eabi-10.3-2021.10/bin/../lib/gcc/arm-none-eabi/10.3.1/thumb/v8-m.base/nofp/crtbegin.o
 .eh_frame      0x000038b4        0x4 c:/renesas/ra/e2studio_v2022-04_fsp_v3.7.0/toolchains/gcc_arm/gcc-arm-none-eabi-10.3-2021.10/bin/../lib/gcc/arm-none-eabi/10.3.1/thumb/v8-m.base/nofp/crtend.o
                0x000038b8                __ROM_End = .
                0x000000c0                __Vectors_Size = (__Vectors_End - __Vectors)

.glue_7         0x000038b8        0x0
 .glue_7        0x000038b8        0x0 linker stubs

.glue_7t        0x000038b8        0x0
 .glue_7t       0x000038b8        0x0 linker stubs

.vfp11_veneer   0x000038b8        0x0
 .vfp11_veneer  0x000038b8        0x0 linker stubs

.v4_bx          0x000038b8        0x0
 .v4_bx         0x000038b8        0x0 linker stubs

.iplt           0x000038b8        0x0
 .iplt          0x000038b8        0x0 c:/renesas/ra/e2studio_v2022-04_fsp_v3.7.0/toolchains/gcc_arm/gcc-arm-none-eabi-10.3-2021.10/bin/../lib/gcc/arm-none-eabi/10.3.1/thumb/v8-m.base/nofp/crtbegin.o

.ARM.extab
 *(.ARM.extab* .gnu.linkonce.armextab.*)
                0x000038b8                __exidx_start = .

.ARM.exidx
 *(.ARM.exidx* .gnu.linkonce.armexidx.*)
                0x000038b8                __exidx_end = .
                0x000038b8                __etext = .
                0x20004000                __tz_RAM_S = ORIGIN (RAM)

.fsp_dtc_vector_table
                0x20004000       0x80
                0x20004000                . = ORIGIN (RAM)
 *(.fsp_dtc_vector_table)
 .fsp_dtc_vector_table
                0x20004000       0x80 ./ra/fsp/src/r_dtc/r_dtc.o

.data           0x20004080       0x38 load address 0x000038b8
                0x20004080                __data_start__ = .
                0x20004080                . = ALIGN (0x4)
                0x20004080                __Code_In_RAM_Start = .
 *(.code_in_ram*)
                0x20004080                __Code_In_RAM_End = .
 *(vtable)
 *(.data.*)
 .data.g_transfer0_info
                0x20004080       0x10 ./ra_gen/common_data.o
                0x20004080                g_transfer0_info
 .data.g_transfer1_info
                0x20004090       0x10 ./ra_gen/common_data.o
                0x20004090                g_transfer1_info
 .data.g_ctsu_tscap_pin_cfg_data
                0x200040a0        0x8 ./ra/fsp/src/r_ctsu/r_ctsu.o
 .data.aux_mute
                0x200040a8        0x4 ./qe_gen/qe_touch_sample.o
                0x200040a8                aux_mute
 .data.opt_mute
                0x200040ac        0x4 ./qe_gen/qe_touch_sample.o
                0x200040ac                opt_mute
 *(.data)
                0x200040b0                . = ALIGN (0x4)
                0x200040b0                PROVIDE (__preinit_array_start = .)
 *(.preinit_array)
                0x200040b0                PROVIDE (__preinit_array_end = .)
                0x200040b0                . = ALIGN (0x4)
                0x200040b0                PROVIDE (__init_array_start = .)
 *(SORT_BY_NAME(.init_array.*))
 *(.init_array)
 .init_array    0x200040b0        0x4 c:/renesas/ra/e2studio_v2022-04_fsp_v3.7.0/toolchains/gcc_arm/gcc-arm-none-eabi-10.3-2021.10/bin/../lib/gcc/arm-none-eabi/10.3.1/thumb/v8-m.base/nofp/crtbegin.o
                0x200040b4                PROVIDE (__init_array_end = .)
                0x200040b4                . = ALIGN (0x4)
                [!provide]                PROVIDE (__fini_array_start = .)
 *(SORT_BY_NAME(.fini_array.*))
 *(.fini_array)
 .fini_array    0x200040b4        0x4 c:/renesas/ra/e2studio_v2022-04_fsp_v3.7.0/toolchains/gcc_arm/gcc-arm-none-eabi-10.3-2021.10/bin/../lib/gcc/arm-none-eabi/10.3.1/thumb/v8-m.base/nofp/crtbegin.o
                [!provide]                PROVIDE (__fini_array_end = .)
 *(.jcr*)
                0x200040b8                . = ALIGN (0x4)
                0x200040b8                __data_end__ = .
                0x000038f0                DATA_END = (LOADADDR (.data) + SIZEOF (.data))
                0x00003c00                SGSTUBS_LOC = (DEFINED (PROJECT_SECURE) && DEFINED (FLASH_NSC_START))?ABSOLUTE (FLASH_NSC_START):ALIGN (DATA_END, 0x400)

.igot.plt       0x200040b8        0x0 load address 0x000038f0
 .igot.plt      0x200040b8        0x0 c:/renesas/ra/e2studio_v2022-04_fsp_v3.7.0/toolchains/gcc_arm/gcc-arm-none-eabi-10.3-2021.10/bin/../lib/gcc/arm-none-eabi/10.3.1/thumb/v8-m.base/nofp/crtbegin.o

.gnu.sgstubs    0x00003c00        0x0
                0x00003c00                __tz_FLASH_C = DEFINED (FLASH_NSC_START)?ABSOLUTE (FLASH_NSC_START):__RESERVE_NS_RAM?ABSOLUTE ((FLASH_START + FLASH_LENGTH)):ALIGN (0x400)
                0x00003c00                _start_sg = .
 *(.gnu.sgstubs*)
                0x00003c00                . = ALIGN (0x20)
                0x00003c00                _end_sg = .
                0x00008000                __tz_FLASH_N = DEFINED (FLASH_NS_START)?ABSOLUTE (FLASH_NS_START):__RESERVE_NS_RAM?ABSOLUTE ((FLASH_START + FLASH_LENGTH)):(FLASH_LENGTH < 0x8000)?FLASH_LENGTH:ALIGN (0x8000)
                0x00008000                FLASH_NS_IMAGE_START = DEFINED (FLASH_NS_IMAGE_START)?FLASH_NS_IMAGE_START:__tz_FLASH_N
                0x60000000                __tz_QSPI_FLASH_S = ORIGIN (QSPI_FLASH)

.qspi_flash     0x60000000        0x0
                0x60000000                __qspi_flash_start__ = .
 *(.qspi_flash*)
 *(.code_in_qspi*)
                0x60000000                __qspi_flash_end__ = .
                0x00000000                __qspi_flash_code_size__ = (__qspi_flash_end__ - __qspi_flash_start__)
                0x000038f0                __qspi_flash_code_addr__ = (__etext + (__data_end__ - __data_start__))

.qspi_non_retentive
                0x60000000        0x0 load address 0x000038f0
                0x60000000                __qspi_non_retentive_start__ = .
 *(.qspi_non_retentive*)
                0x60000000                __qspi_non_retentive_end__ = .
                0x00000000                __qspi_non_retentive_size__ = (__qspi_non_retentive_end__ - __qspi_non_retentive_start__)
                0x04000000                __qspi_region_max_size__ = 0x4000000
                0x60000000                __qspi_region_start_address__ = __qspi_flash_start__
                0x64000000                __qspi_region_end_address__ = (__qspi_flash_start__ + __qspi_region_max_size__)
                0x60000000                __tz_QSPI_FLASH_N = __qspi_non_retentive_end__

.OSPI_DEVICE_0_NO_LOAD
                0x68000000        0x0
                0x68000000                . = ALIGN (0x4)
                0x68000000                __ospi_device_0_start__ = .
 *(.ospi_device_0_no_load*)
                0x68000000                . = ALIGN (0x4)
                0x68000000                __ospi_device_0_end__ = .

.OSPI_DEVICE_1_NO_LOAD
                0x70000000        0x0
                0x70000000                . = ALIGN (0x4)
                0x70000000                __ospi_device_1_start__ = .
 *(.ospi_device_1_no_load*)
                0x70000000                . = ALIGN (0x4)
                0x70000000                __ospi_device_1_end__ = .
                0x68000000                __tz_OSPI_DEVICE_0_S = ORIGIN (OSPI_DEVICE_0)

.OSPI_DEVICE_0  0x68000000        0x0
                0x68000000                __ospi_device_0_start__ = .
 *(.ospi_device_0*)
 *(.code_in_ospi_device_0*)
                0x68000000                __ospi_device_0_end__ = .
                0x00000000                __ospi_device_0_code_size__ = (__ospi_device_0_end__ - __ospi_device_0_start__)
                0x000038f0                __ospi_device_0_code_addr__ = (__etext + (__data_end__ - __data_start__))

.ospi_device_0_non_retentive
                0x68000000        0x0 load address 0x000038f0
                0x68000000                __ospi_device_0_non_retentive_start__ = .
 *(.ospi_device_0_non_retentive*)
                0x68000000                __ospi_device_0_non_retentive_end__ = .
                0x00000000                __ospi_device_0_non_retentive_size__ = (__ospi_device_0_non_retentive_end__ - __ospi_device_0_non_retentive_start__)
                0x08000000                __ospi_device_0_region_max_size__ = 0x8000000
                0x68000000                __ospi_device_0_region_start_address__ = __ospi_device_0_start__
                0x70000000                __ospi_device_0_region_end_address__ = (__ospi_device_0_start__ + __ospi_device_0_region_max_size__)
                0x68000000                __tz_OSPI_DEVICE_0_N = __ospi_device_0_non_retentive_end__
                0x70000000                __tz_OSPI_DEVICE_1_S = ORIGIN (OSPI_DEVICE_1)

.OSPI_DEVICE_1  0x70000000        0x0
                0x70000000                __ospi_device_1_start__ = .
 *(.ospi_device_1*)
 *(.code_in_ospi_device_1*)
                0x70000000                __ospi_device_1_end__ = .
                0x00000000                __ospi_device_1_code_size__ = (__ospi_device_1_end__ - __ospi_device_1_start__)
                0x000038f0                __ospi_device_1_code_addr__ = (__etext + (__data_end__ - __data_start__))

.ospi_device_1_non_retentive
                0x70000000        0x0 load address 0x000038f0
                0x70000000                __ospi_device_1_non_retentive_start__ = .
 *(.ospi_device_1_non_retentive*)
                0x70000000                __ospi_device_1_non_retentive_end__ = .
                0x00000000                __ospi_device_1_non_retentive_size__ = (__ospi_device_1_non_retentive_end__ - __ospi_device_1_non_retentive_start__)
                0x10000000                __ospi_device_1_region_max_size__ = 0x10000000
                0x70000000                __ospi_device_1_region_start_address__ = __ospi_device_1_start__
                0x80000000                __ospi_device_1_region_end_address__ = (__ospi_device_1_start__ + __ospi_device_1_region_max_size__)
                0x70000000                __tz_OSPI_DEVICE_1_N = __ospi_device_1_non_retentive_end__

.noinit         0x200040b8       0x18
                0x200040b8                . = ALIGN (0x4)
                0x200040b8                __noinit_start = .
 *(.noinit*)
 .noinit        0x200040b8       0x14 ./ra/fsp/src/bsp/mcu/all/bsp_clocks.o
                0x200040d0                . = ALIGN (0x8)
 *fill*         0x200040cc        0x4 
 *(.heap.*)
                0x200040d0                __noinit_end = .

.bss            0x200040d0      0x684
                0x200040d0                . = ALIGN (0x4)
                0x200040d0                __bss_start__ = .
 *(.bss*)
 .bss           0x200040d0       0x1c c:/renesas/ra/e2studio_v2022-04_fsp_v3.7.0/toolchains/gcc_arm/gcc-arm-none-eabi-10.3-2021.10/bin/../lib/gcc/arm-none-eabi/10.3.1/thumb/v8-m.base/nofp/crtbegin.o
 .bss.g_ioport_ctrl
                0x200040ec        0x8 ./ra_gen/common_data.o
                0x200040ec                g_ioport_ctrl
 .bss.g_transfer0_ctrl
                0x200040f4        0x8 ./ra_gen/common_data.o
                0x200040f4                g_transfer0_ctrl
 .bss.g_transfer1_ctrl
                0x200040fc        0x8 ./ra_gen/common_data.o
                0x200040fc                g_transfer1_ctrl
 .bss.g_touch_button_drift_buf
                0x20004104       0x3c ./ra/fsp/src/rm_touch/rm_touch.o
 .bss.g_touch_button_drift_count
                0x20004140       0x1e ./ra/fsp/src/rm_touch/rm_touch.o
 *fill*         0x2000415e        0x2 
 .bss.g_touch_button_hysteresis
                0x20004160       0x1e ./ra/fsp/src/rm_touch/rm_touch.o
 .bss.g_touch_button_index
                0x2000417e        0x1 ./ra/fsp/src/rm_touch/rm_touch.o
 *fill*         0x2000417f        0x1 
 .bss.g_touch_button_off_count
                0x20004180       0x1e ./ra/fsp/src/rm_touch/rm_touch.o
 *fill*         0x2000419e        0x2 
 .bss.g_touch_button_on_count
                0x200041a0       0x1e ./ra/fsp/src/rm_touch/rm_touch.o
 *fill*         0x200041be        0x2 
 .bss.g_touch_button_reference
                0x200041c0       0x1e ./ra/fsp/src/rm_touch/rm_touch.o
 *fill*         0x200041de        0x2 
 .bss.g_touch_button_threshold
                0x200041e0       0x1e ./ra/fsp/src/rm_touch/rm_touch.o
 *fill*         0x200041fe        0x2 
 .bss.g_touch_monitor_buf
                0x20004200       0xbf ./ra/fsp/src/rm_touch/rm_touch.o
 .bss.g_touch_monitor_id
                0x200042bf        0x1 ./ra/fsp/src/rm_touch/rm_touch.o
 .bss.g_touch_monitor_size
                0x200042c0       0x10 ./ra/fsp/src/rm_touch/rm_touch.o
 .bss.gp_touch_isr_context
                0x200042d0        0x4 ./ra/fsp/src/rm_touch/rm_touch.o
                0x200042d0                gp_touch_isr_context
 .bss.g_dtc_state_initialized.0
                0x200042d4        0x1 ./ra/fsp/src/r_dtc/r_dtc.o
 *fill*         0x200042d5        0x3 
 .bss.g_ctsu_correction_info
                0x200042d8       0x98 ./ra/fsp/src/r_ctsu/r_ctsu.o
 .bss.g_ctsu_ctsuwr
                0x20004370       0xb4 ./ra/fsp/src/r_ctsu/r_ctsu.o
 .bss.g_ctsu_element_index
                0x20004424        0x2 ./ra/fsp/src/r_ctsu/r_ctsu.o
 *fill*         0x20004426        0x2 
 .bss.g_ctsu_selected_freq_self
                0x20004428        0xf ./ra/fsp/src/r_ctsu/r_ctsu.o
                0x20004428                g_ctsu_selected_freq_self
 *fill*         0x20004437        0x1 
 .bss.g_ctsu_self_corr
                0x20004438       0x5a ./ra/fsp/src/r_ctsu/r_ctsu.o
 *fill*         0x20004492        0x2 
 .bss.g_ctsu_self_data
                0x20004494       0x1e ./ra/fsp/src/r_ctsu/r_ctsu.o
 .bss.g_ctsu_self_element_index
                0x200044b2        0x2 ./ra/fsp/src/r_ctsu/r_ctsu.o
 .bss.g_ctsu_self_raw
                0x200044b4       0x5a ./ra/fsp/src/r_ctsu/r_ctsu.o
 *fill*         0x2000450e        0x2 
 .bss.g_ctsu_tscap_ioport_ctrl
                0x20004510        0x8 ./ra/fsp/src/r_ctsu/r_ctsu.o
 .bss.g_ctsu_tuning_count
                0x20004518        0xf ./ra/fsp/src/r_ctsu/r_ctsu.o
 *fill*         0x20004527        0x1 
 .bss.g_ctsu_tuning_diff
                0x20004528       0x3c ./ra/fsp/src/r_ctsu/r_ctsu.o
 .bss.g_bsp_group_irq_sources
                0x20004564       0x40 ./ra/fsp/src/bsp/mcu/all/bsp_group_irq.o
                0x20004564                g_bsp_group_irq_sources
 .bss.g_protect_pfswe_counter
                0x200045a4        0x4 ./ra/fsp/src/bsp/mcu/all/bsp_io.o
                0x200045a4                g_protect_pfswe_counter
 .bss.gp_renesas_isr_context
                0x200045a8       0x80 ./ra/fsp/src/bsp/mcu/all/bsp_irq.o
                0x200045a8                gp_renesas_isr_context
 .bss.g_protect_counters
                0x20004628        0x8 ./ra/fsp/src/bsp/mcu/all/bsp_register_protection.o
                0x20004628                g_protect_counters
 .bss.SystemCoreClock
                0x20004630        0x4 ./ra/fsp/src/bsp/cmsis/Device/RENESAS/Source/system.o
                0x20004630                SystemCoreClock
 .bss.g_qe_ctsu_ctrl_config01
                0x20004634       0x88 ./qe_gen/qe_touch_config.o
                0x20004634                g_qe_ctsu_ctrl_config01
 .bss.g_qe_ctsu_event
                0x200046bc        0x1 ./qe_gen/qe_touch_config.o
                0x200046bc                g_qe_ctsu_event
 *fill*         0x200046bd        0x3 
 .bss.g_qe_touch_ctrl_config01
                0x200046c0       0x80 ./qe_gen/qe_touch_config.o
                0x200046c0                g_qe_touch_ctrl_config01
 .bss.g_qe_touch_flag
                0x20004740        0x1 ./qe_gen/qe_touch_config.o
                0x20004740                g_qe_touch_flag
 *fill*         0x20004741        0x7 
 .bss.button_status
                0x20004748        0x8 ./qe_gen/qe_touch_sample.o
                0x20004748                button_status
 .bss.keyreset  0x20004750        0x4 ./qe_gen/qe_touch_sample.o
                0x20004750                keyreset
 *(COMMON)
                0x20004754                . = ALIGN (0x4)
                0x20004754                __bss_end__ = .

.heap           0x20004754        0x4
                0x20004758                . = ALIGN (0x8)
 *fill*         0x20004754        0x4 
                0x20004758                __HeapBase = .
 *(.heap)
                0x20004758                __HeapLimit = .

.stack_dummy    0x20004758      0x400
                0x20004758                . = ALIGN (0x8)
                0x20004758                __StackLimit = .
 *(.stack)
 .stack         0x20004758      0x400 ./ra/fsp/src/bsp/cmsis/Device/RENESAS/Source/startup.o
                0x20004b58                __StackTop = .
 *(.stack*)
                0x20004b58                __StackTopAll = .
                0x20004b58                PROVIDE (__stack = __StackTopAll)
                0x20004b58                __RAM_segment_used_end__ = ALIGN (__StackTopAll, 0x4)
                0x20004c00                __tz_RAM_C = DEFINED (RAM_NSC_START)?ABSOLUTE (RAM_NSC_START):__RESERVE_NS_RAM?ABSOLUTE (RAM_NS_BUFFER_BLOCK_START):ALIGN (__RAM_segment_used_end__, 0x400)
                0x20006000                __tz_RAM_N = DEFINED (RAM_NS_START)?ABSOLUTE (RAM_NS_START):__RESERVE_NS_RAM?ABSOLUTE (RAM_NS_BUFFER_BLOCK_START):ALIGN (__tz_RAM_C, 0x2000)

.ns_buffer      0x20004b58        0x0
                0x20004b58                . = __RESERVE_NS_RAM?ABSOLUTE ((RAM_NS_BUFFER_START & 0xffffffe0)):.
 *(.ns_buffer*)

.data_flash     0x40100000        0x0
                0x40100000                . = ORIGIN (DATA_FLASH)
                0x40100000                __tz_DATA_FLASH_S = .
                0x40100000                __Data_Flash_Start = .
 *(.data_flash*)
                0x40100000                __Data_Flash_End = .
                0x40100000                __tz_DATA_FLASH_N = DEFINED (DATA_FLASH_NS_START)?ABSOLUTE (DATA_FLASH_NS_START):__RESERVE_NS_RAM?ABSOLUTE ((DATA_FLASH_START + DATA_FLASH_LENGTH)):ALIGN (0x400)
                0x90000000                __tz_SDRAM_S = ORIGIN (SDRAM)

.sdram          0x90000000        0x0
                0x90000000                __SDRAM_Start = .
 *(.sdram*)
 *(.frame*)
                0x90000000                __SDRAM_End = .
                0x90000000                __tz_SDRAM_N = __SDRAM_End
                0x01010018                __tz_ID_CODE_S = ORIGIN (ID_CODE)

.id_code        0x01010018       0x1c
                0x01010018                __ID_Code_Start = .
 *(.id_code*)
 .id_code       0x01010018       0x1c ./ra/fsp/src/bsp/mcu/all/bsp_rom_registers.o
                0x01010034                __ID_Code_End = .
                0x01010034                __tz_ID_CODE_N = __ID_Code_End
                0x00000000                __tz_OPTION_SETTING_S = ORIGIN (OPTION_SETTING)

.rel.dyn        0x01010034        0x0
 .rel.iplt      0x01010034        0x0 c:/renesas/ra/e2studio_v2022-04_fsp_v3.7.0/toolchains/gcc_arm/gcc-arm-none-eabi-10.3-2021.10/bin/../lib/gcc/arm-none-eabi/10.3.1/thumb/v8-m.base/nofp/crtbegin.o

.option_setting
                0x00000000        0x0
                0x00000000                __OPTION_SETTING_Start = .
 *(.option_setting_ofs0)
                0x00000000                . = PROJECT_SECURE_OR_FLAT?(__OPTION_SETTING_Start + 0x10):__OPTION_SETTING_Start
 *(.option_setting_dualsel)
                0x00000000                . = PROJECT_SECURE_OR_FLAT?(__OPTION_SETTING_Start + 0x34):__OPTION_SETTING_Start
 *(.option_setting_sas)
                0x00000000                __OPTION_SETTING_End = .
                0x0100a180                __tz_OPTION_SETTING_N = OPTION_SETTING_START_NS

.option_setting_ns
                0x00000000        0x0
                0x00000000                __OPTION_SETTING_NS_Start = .
 *(.option_setting_ofs1)
                0x00000000                . = USE_OPTION_SETTING_NS?(__OPTION_SETTING_NS_Start + 0x10):__OPTION_SETTING_NS_Start
 *(.option_setting_banksel)
                0x00000000                . = USE_OPTION_SETTING_NS?(__OPTION_SETTING_NS_Start + 0x40):__OPTION_SETTING_NS_Start
 *(.option_setting_bps0)
                0x00000000                . = USE_OPTION_SETTING_NS?(__OPTION_SETTING_NS_Start + 0x44):__OPTION_SETTING_NS_Start
 *(.option_setting_bps1)
                0x00000000                . = USE_OPTION_SETTING_NS?(__OPTION_SETTING_NS_Start + 0x48):__OPTION_SETTING_NS_Start
 *(.option_setting_bps2)
                0x00000000                . = USE_OPTION_SETTING_NS?(__OPTION_SETTING_NS_Start + 0x60):__OPTION_SETTING_NS_Start
 *(.option_setting_pbps0)
                0x00000000                . = USE_OPTION_SETTING_NS?(__OPTION_SETTING_NS_Start + 0x64):__OPTION_SETTING_NS_Start
 *(.option_setting_pbps1)
                0x00000000                . = USE_OPTION_SETTING_NS?(__OPTION_SETTING_NS_Start + 0x68):__OPTION_SETTING_NS_Start
 *(.option_setting_pbps2)
                0x00000000                __OPTION_SETTING_NS_End = .
                0x00000000                __tz_OPTION_SETTING_S_S = ORIGIN (OPTION_SETTING_S)

.option_setting_s
                0x00000000        0x0
                0x00000000                __OPTION_SETTING_S_Start = .
 *(.option_setting_ofs1_sec)
                0x00000000                . = PROJECT_SECURE_OR_FLAT?(__OPTION_SETTING_S_Start + 0x10):__OPTION_SETTING_S_Start
 *(.option_setting_banksel_sec)
                0x00000000                . = PROJECT_SECURE_OR_FLAT?(__OPTION_SETTING_S_Start + 0x40):__OPTION_SETTING_S_Start
 *(.option_setting_bps_sec0)
                0x00000000                . = PROJECT_SECURE_OR_FLAT?(__OPTION_SETTING_S_Start + 0x44):__OPTION_SETTING_S_Start
 *(.option_setting_bps_sec1)
                0x00000000                . = PROJECT_SECURE_OR_FLAT?(__OPTION_SETTING_S_Start + 0x48):__OPTION_SETTING_S_Start
 *(.option_setting_bps_sec2)
                0x00000000                . = PROJECT_SECURE_OR_FLAT?(__OPTION_SETTING_S_Start + 0x60):__OPTION_SETTING_S_Start
 *(.option_setting_pbps_sec0)
                0x00000000                . = PROJECT_SECURE_OR_FLAT?(__OPTION_SETTING_S_Start + 0x64):__OPTION_SETTING_S_Start
 *(.option_setting_pbps_sec1)
                0x00000000                . = PROJECT_SECURE_OR_FLAT?(__OPTION_SETTING_S_Start + 0x68):__OPTION_SETTING_S_Start
 *(.option_setting_pbps_sec2)
                0x00000000                . = PROJECT_SECURE_OR_FLAT?(__OPTION_SETTING_S_Start + 0x80):__OPTION_SETTING_S_Start
 *(.option_setting_ofs1_sel)
                0x00000000                . = PROJECT_SECURE_OR_FLAT?(__OPTION_SETTING_S_Start + 0x90):__OPTION_SETTING_S_Start
 *(.option_setting_banksel_sel)
                0x00000000                . = PROJECT_SECURE_OR_FLAT?(__OPTION_SETTING_S_Start + 0xc0):__OPTION_SETTING_S_Start
 *(.option_setting_bps_sel0)
                0x00000000                . = PROJECT_SECURE_OR_FLAT?(__OPTION_SETTING_S_Start + 0xc4):__OPTION_SETTING_S_Start
 *(.option_setting_bps_sel1)
                0x00000000                . = PROJECT_SECURE_OR_FLAT?(__OPTION_SETTING_S_Start + 0xc8):__OPTION_SETTING_S_Start
 *(.option_setting_bps_sel2)
                0x00000000                __OPTION_SETTING_S_End = .
                0x00000000                __tz_OPTION_SETTING_S_N = __OPTION_SETTING_S_End
OUTPUT(RA.elf elf32-littlearm)
LOAD linker stubs

.ARM.attributes
                0x00000000       0x2c
 .ARM.attributes
                0x00000000       0x22 c:/renesas/ra/e2studio_v2022-04_fsp_v3.7.0/toolchains/gcc_arm/gcc-arm-none-eabi-10.3-2021.10/bin/../lib/gcc/arm-none-eabi/10.3.1/thumb/v8-m.base/nofp/crti.o
 .ARM.attributes
                0x00000022       0x30 c:/renesas/ra/e2studio_v2022-04_fsp_v3.7.0/toolchains/gcc_arm/gcc-arm-none-eabi-10.3-2021.10/bin/../lib/gcc/arm-none-eabi/10.3.1/thumb/v8-m.base/nofp/crtbegin.o
 .ARM.attributes
                0x00000052       0x30 ./src/hal_entry.o
 .ARM.attributes
                0x00000082       0x30 ./ra_gen/common_data.o
 .ARM.attributes
                0x000000b2       0x30 ./ra_gen/main.o
 .ARM.attributes
                0x000000e2       0x30 ./ra_gen/pin_data.o
 .ARM.attributes
                0x00000112       0x30 ./ra_gen/vector_data.o
 .ARM.attributes
                0x00000142       0x30 ./ra/fsp/src/rm_touch/rm_touch.o
 .ARM.attributes
                0x00000172       0x30 ./ra/fsp/src/r_ioport/r_ioport.o
 .ARM.attributes
                0x000001a2       0x30 ./ra/fsp/src/r_dtc/r_dtc.o
 .ARM.attributes
                0x000001d2       0x30 ./ra/fsp/src/r_ctsu/r_ctsu.o
 .ARM.attributes
                0x00000202       0x30 ./ra/fsp/src/bsp/mcu/all/bsp_clocks.o
 .ARM.attributes
                0x00000232       0x30 ./ra/fsp/src/bsp/mcu/all/bsp_common.o
 .ARM.attributes
                0x00000262       0x30 ./ra/fsp/src/bsp/mcu/all/bsp_delay.o
 .ARM.attributes
                0x00000292       0x30 ./ra/fsp/src/bsp/mcu/all/bsp_group_irq.o
 .ARM.attributes
                0x000002c2       0x30 ./ra/fsp/src/bsp/mcu/all/bsp_io.o
 .ARM.attributes
                0x000002f2       0x30 ./ra/fsp/src/bsp/mcu/all/bsp_irq.o
 .ARM.attributes
                0x00000322       0x30 ./ra/fsp/src/bsp/mcu/all/bsp_register_protection.o
 .ARM.attributes
                0x00000352       0x30 ./ra/fsp/src/bsp/mcu/all/bsp_rom_registers.o
 .ARM.attributes
                0x00000382       0x30 ./ra/fsp/src/bsp/cmsis/Device/RENESAS/Source/startup.o
 .ARM.attributes
                0x000003b2       0x30 ./ra/fsp/src/bsp/cmsis/Device/RENESAS/Source/system.o
 .ARM.attributes
                0x000003e2       0x30 ./qe_gen/qe_touch_config.o
 .ARM.attributes
                0x00000412       0x30 ./qe_gen/qe_touch_sample.o
 .ARM.attributes
                0x00000442       0x30 c:/renesas/ra/e2studio_v2022-04_fsp_v3.7.0/toolchains/gcc_arm/gcc-arm-none-eabi-10.3-2021.10/bin/../lib/gcc/arm-none-eabi/10.3.1/thumb/v8-m.base/nofp\libgcc.a(_muldi3.o)
 .ARM.attributes
                0x00000472       0x30 c:/renesas/ra/e2studio_v2022-04_fsp_v3.7.0/toolchains/gcc_arm/gcc-arm-none-eabi-10.3-2021.10/bin/../lib/gcc/arm-none-eabi/10.3.1/../../../../arm-none-eabi/lib/thumb/v8-m.base/nofp\libg_nano.a(lib_a-memcpy-stub.o)
 .ARM.attributes
                0x000004a2       0x30 c:/renesas/ra/e2studio_v2022-04_fsp_v3.7.0/toolchains/gcc_arm/gcc-arm-none-eabi-10.3-2021.10/bin/../lib/gcc/arm-none-eabi/10.3.1/../../../../arm-none-eabi/lib/thumb/v8-m.base/nofp\libg_nano.a(lib_a-memset.o)
 .ARM.attributes
                0x000004d2       0x30 c:/renesas/ra/e2studio_v2022-04_fsp_v3.7.0/toolchains/gcc_arm/gcc-arm-none-eabi-10.3-2021.10/bin/../lib/gcc/arm-none-eabi/10.3.1/thumb/v8-m.base/nofp/crtend.o
 .ARM.attributes
                0x00000502       0x22 c:/renesas/ra/e2studio_v2022-04_fsp_v3.7.0/toolchains/gcc_arm/gcc-arm-none-eabi-10.3-2021.10/bin/../lib/gcc/arm-none-eabi/10.3.1/thumb/v8-m.base/nofp/crtn.o

.comment        0x00000000       0x49
 .comment       0x00000000       0x49 ./src/hal_entry.o
                                 0x4a (size before relaxing)
 .comment       0x00000049       0x4a ./ra_gen/common_data.o
 .comment       0x00000049       0x4a ./ra_gen/main.o
 .comment       0x00000049       0x4a ./ra_gen/pin_data.o
 .comment       0x00000049       0x4a ./ra_gen/vector_data.o
 .comment       0x00000049       0x4a ./ra/fsp/src/rm_touch/rm_touch.o
 .comment       0x00000049       0x4a ./ra/fsp/src/r_ioport/r_ioport.o
 .comment       0x00000049       0x4a ./ra/fsp/src/r_dtc/r_dtc.o
 .comment       0x00000049       0x4a ./ra/fsp/src/r_ctsu/r_ctsu.o
 .comment       0x00000049       0x4a ./ra/fsp/src/bsp/mcu/all/bsp_clocks.o
 .comment       0x00000049       0x4a ./ra/fsp/src/bsp/mcu/all/bsp_common.o
 .comment       0x00000049       0x4a ./ra/fsp/src/bsp/mcu/all/bsp_delay.o
 .comment       0x00000049       0x4a ./ra/fsp/src/bsp/mcu/all/bsp_group_irq.o
 .comment       0x00000049       0x4a ./ra/fsp/src/bsp/mcu/all/bsp_io.o
 .comment       0x00000049       0x4a ./ra/fsp/src/bsp/mcu/all/bsp_irq.o
 .comment       0x00000049       0x4a ./ra/fsp/src/bsp/mcu/all/bsp_register_protection.o
 .comment       0x00000049       0x4a ./ra/fsp/src/bsp/mcu/all/bsp_rom_registers.o
 .comment       0x00000049       0x4a ./ra/fsp/src/bsp/cmsis/Device/RENESAS/Source/startup.o
 .comment       0x00000049       0x4a ./ra/fsp/src/bsp/cmsis/Device/RENESAS/Source/system.o
 .comment       0x00000049       0x4a ./qe_gen/qe_touch_config.o
 .comment       0x00000049       0x4a ./qe_gen/qe_touch_sample.o

.debug_info     0x00000000    0x2e417
 .debug_info    0x00000000     0x20e8 ./src/hal_entry.o
 .debug_info    0x000020e8     0x1952 ./ra_gen/common_data.o
 .debug_info    0x00003a3a       0xb1 ./ra_gen/main.o
 .debug_info    0x00003aeb      0x9e1 ./ra_gen/pin_data.o
 .debug_info    0x000044cc      0x3f1 ./ra_gen/vector_data.o
 .debug_info    0x000048bd     0x3392 ./ra/fsp/src/rm_touch/rm_touch.o
 .debug_info    0x00007c4f     0x2f57 ./ra/fsp/src/r_ioport/r_ioport.o
 .debug_info    0x0000aba6     0x570a ./ra/fsp/src/r_dtc/r_dtc.o
 .debug_info    0x000102b0     0xa98d ./ra/fsp/src/r_ctsu/r_ctsu.o
 .debug_info    0x0001ac3d     0x49a0 ./ra/fsp/src/bsp/mcu/all/bsp_clocks.o
 .debug_info    0x0001f5dd      0x906 ./ra/fsp/src/bsp/mcu/all/bsp_common.o
 .debug_info    0x0001fee3      0x1ef ./ra/fsp/src/bsp/mcu/all/bsp_delay.o
 .debug_info    0x000200d2     0x1389 ./ra/fsp/src/bsp/mcu/all/bsp_group_irq.o
 .debug_info    0x0002145b       0xaa ./ra/fsp/src/bsp/mcu/all/bsp_io.o
 .debug_info    0x00021505      0xf2a ./ra/fsp/src/bsp/mcu/all/bsp_irq.o
 .debug_info    0x0002242f     0x39f2 ./ra/fsp/src/bsp/mcu/all/bsp_register_protection.o
 .debug_info    0x00025e21       0xdd ./ra/fsp/src/bsp/mcu/all/bsp_rom_registers.o
 .debug_info    0x00025efe      0x148 ./ra/fsp/src/bsp/cmsis/Device/RENESAS/Source/startup.o
 .debug_info    0x00026046     0x1cdd ./ra/fsp/src/bsp/cmsis/Device/RENESAS/Source/system.o
 .debug_info    0x00027d23     0x30e2 ./qe_gen/qe_touch_config.o
 .debug_info    0x0002ae05     0x3612 ./qe_gen/qe_touch_sample.o

.debug_abbrev   0x00000000     0x2ea4
 .debug_abbrev  0x00000000      0x273 ./src/hal_entry.o
 .debug_abbrev  0x00000273      0x207 ./ra_gen/common_data.o
 .debug_abbrev  0x0000047a       0x66 ./ra_gen/main.o
 .debug_abbrev  0x000004e0       0xdc ./ra_gen/pin_data.o
 .debug_abbrev  0x000005bc       0x9e ./ra_gen/vector_data.o
 .debug_abbrev  0x0000065a      0x39c ./ra/fsp/src/rm_touch/rm_touch.o
 .debug_abbrev  0x000009f6      0x39a ./ra/fsp/src/r_ioport/r_ioport.o
 .debug_abbrev  0x00000d90      0x4a2 ./ra/fsp/src/r_dtc/r_dtc.o
 .debug_abbrev  0x00001232      0x675 ./ra/fsp/src/r_ctsu/r_ctsu.o
 .debug_abbrev  0x000018a7      0x38a ./ra/fsp/src/bsp/mcu/all/bsp_clocks.o
 .debug_abbrev  0x00001c31      0x188 ./ra/fsp/src/bsp/mcu/all/bsp_common.o
 .debug_abbrev  0x00001db9      0x10d ./ra/fsp/src/bsp/mcu/all/bsp_delay.o
 .debug_abbrev  0x00001ec6      0x256 ./ra/fsp/src/bsp/mcu/all/bsp_group_irq.o
 .debug_abbrev  0x0000211c       0x5e ./ra/fsp/src/bsp/mcu/all/bsp_io.o
 .debug_abbrev  0x0000217a      0x1a6 ./ra/fsp/src/bsp/mcu/all/bsp_irq.o
 .debug_abbrev  0x00002320      0x252 ./ra/fsp/src/bsp/mcu/all/bsp_register_protection.o
 .debug_abbrev  0x00002572       0x5f ./ra/fsp/src/bsp/mcu/all/bsp_rom_registers.o
 .debug_abbrev  0x000025d1       0xe6 ./ra/fsp/src/bsp/cmsis/Device/RENESAS/Source/startup.o
 .debug_abbrev  0x000026b7      0x340 ./ra/fsp/src/bsp/cmsis/Device/RENESAS/Source/system.o
 .debug_abbrev  0x000029f7      0x259 ./qe_gen/qe_touch_config.o
 .debug_abbrev  0x00002c50      0x254 ./qe_gen/qe_touch_sample.o

.debug_loc      0x00000000     0x589f
 .debug_loc     0x00000000       0x42 ./src/hal_entry.o
 .debug_loc     0x00000042     0x1106 ./ra/fsp/src/rm_touch/rm_touch.o
 .debug_loc     0x00001148      0xefd ./ra/fsp/src/r_ioport/r_ioport.o
 .debug_loc     0x00002045      0x5ef ./ra/fsp/src/r_dtc/r_dtc.o
 .debug_loc     0x00002634     0x2b5d ./ra/fsp/src/r_ctsu/r_ctsu.o
 .debug_loc     0x00005191      0x206 ./ra/fsp/src/bsp/mcu/all/bsp_clocks.o
 .debug_loc     0x00005397       0x25 ./ra/fsp/src/bsp/mcu/all/bsp_common.o
 .debug_loc     0x000053bc      0x185 ./ra/fsp/src/bsp/mcu/all/bsp_delay.o
 .debug_loc     0x00005541       0xac ./ra/fsp/src/bsp/mcu/all/bsp_group_irq.o
 .debug_loc     0x000055ed       0x3f ./ra/fsp/src/bsp/mcu/all/bsp_irq.o
 .debug_loc     0x0000562c      0x110 ./ra/fsp/src/bsp/mcu/all/bsp_register_protection.o
 .debug_loc     0x0000573c      0x11a ./ra/fsp/src/bsp/cmsis/Device/RENESAS/Source/system.o
 .debug_loc     0x00005856       0x49 ./qe_gen/qe_touch_sample.o

.debug_aranges  0x00000000      0x458
 .debug_aranges
                0x00000000       0x28 ./src/hal_entry.o
 .debug_aranges
                0x00000028       0x20 ./ra_gen/common_data.o
 .debug_aranges
                0x00000048       0x20 ./ra_gen/main.o
 .debug_aranges
                0x00000068       0x18 ./ra_gen/pin_data.o
 .debug_aranges
                0x00000080       0x18 ./ra_gen/vector_data.o
 .debug_aranges
                0x00000098       0x68 ./ra/fsp/src/rm_touch/rm_touch.o
 .debug_aranges
                0x00000100       0x90 ./ra/fsp/src/r_ioport/r_ioport.o
 .debug_aranges
                0x00000190       0x60 ./ra/fsp/src/r_dtc/r_dtc.o
 .debug_aranges
                0x000001f0       0x90 ./ra/fsp/src/r_ctsu/r_ctsu.o
 .debug_aranges
                0x00000280       0x50 ./ra/fsp/src/bsp/mcu/all/bsp_clocks.o
 .debug_aranges
                0x000002d0       0x30 ./ra/fsp/src/bsp/mcu/all/bsp_common.o
 .debug_aranges
                0x00000300       0x28 ./ra/fsp/src/bsp/mcu/all/bsp_delay.o
 .debug_aranges
                0x00000328       0x28 ./ra/fsp/src/bsp/mcu/all/bsp_group_irq.o
 .debug_aranges
                0x00000350       0x18 ./ra/fsp/src/bsp/mcu/all/bsp_io.o
 .debug_aranges
                0x00000368       0x20 ./ra/fsp/src/bsp/mcu/all/bsp_irq.o
 .debug_aranges
                0x00000388       0x28 ./ra/fsp/src/bsp/mcu/all/bsp_register_protection.o
 .debug_aranges
                0x000003b0       0x18 ./ra/fsp/src/bsp/mcu/all/bsp_rom_registers.o
 .debug_aranges
                0x000003c8       0x28 ./ra/fsp/src/bsp/cmsis/Device/RENESAS/Source/startup.o
 .debug_aranges
                0x000003f0       0x28 ./ra/fsp/src/bsp/cmsis/Device/RENESAS/Source/system.o
 .debug_aranges
                0x00000418       0x20 ./qe_gen/qe_touch_config.o
 .debug_aranges
                0x00000438       0x20 ./qe_gen/qe_touch_sample.o

.debug_ranges   0x00000000      0xb80
 .debug_ranges  0x00000000       0x18 ./src/hal_entry.o
 .debug_ranges  0x00000018       0x10 ./ra_gen/common_data.o
 .debug_ranges  0x00000028       0x10 ./ra_gen/main.o
 .debug_ranges  0x00000038      0x138 ./ra/fsp/src/rm_touch/rm_touch.o
 .debug_ranges  0x00000170      0x1b0 ./ra/fsp/src/r_ioport/r_ioport.o
 .debug_ranges  0x00000320      0x140 ./ra/fsp/src/r_dtc/r_dtc.o
 .debug_ranges  0x00000460      0x540 ./ra/fsp/src/r_ctsu/r_ctsu.o
 .debug_ranges  0x000009a0       0xd0 ./ra/fsp/src/bsp/mcu/all/bsp_clocks.o
 .debug_ranges  0x00000a70       0x20 ./ra/fsp/src/bsp/mcu/all/bsp_common.o
 .debug_ranges  0x00000a90       0x18 ./ra/fsp/src/bsp/mcu/all/bsp_delay.o
 .debug_ranges  0x00000aa8       0x30 ./ra/fsp/src/bsp/mcu/all/bsp_group_irq.o
 .debug_ranges  0x00000ad8       0x10 ./ra/fsp/src/bsp/mcu/all/bsp_irq.o
 .debug_ranges  0x00000ae8       0x48 ./ra/fsp/src/bsp/mcu/all/bsp_register_protection.o
 .debug_ranges  0x00000b30       0x18 ./ra/fsp/src/bsp/cmsis/Device/RENESAS/Source/startup.o
 .debug_ranges  0x00000b48       0x18 ./ra/fsp/src/bsp/cmsis/Device/RENESAS/Source/system.o
 .debug_ranges  0x00000b60       0x10 ./qe_gen/qe_touch_config.o
 .debug_ranges  0x00000b70       0x10 ./qe_gen/qe_touch_sample.o

.debug_line     0x00000000     0x812b
 .debug_line    0x00000000      0x3b7 ./src/hal_entry.o
 .debug_line    0x000003b7      0x341 ./ra_gen/common_data.o
 .debug_line    0x000006f8       0x5e ./ra_gen/main.o
 .debug_line    0x00000756      0x1e8 ./ra_gen/pin_data.o
 .debug_line    0x0000093e       0xe9 ./ra_gen/vector_data.o
 .debug_line    0x00000a27     0x1134 ./ra/fsp/src/rm_touch/rm_touch.o
 .debug_line    0x00001b5b      0xb22 ./ra/fsp/src/r_ioport/r_ioport.o
 .debug_line    0x0000267d      0x8ac ./ra/fsp/src/r_dtc/r_dtc.o
 .debug_line    0x00002f29     0x274e ./ra/fsp/src/r_ctsu/r_ctsu.o
 .debug_line    0x00005677      0x680 ./ra/fsp/src/bsp/mcu/all/bsp_clocks.o
 .debug_line    0x00005cf7      0x2b5 ./ra/fsp/src/bsp/mcu/all/bsp_common.o
 .debug_line    0x00005fac      0x2bb ./ra/fsp/src/bsp/mcu/all/bsp_delay.o
 .debug_line    0x00006267      0x311 ./ra/fsp/src/bsp/mcu/all/bsp_group_irq.o
 .debug_line    0x00006578      0x1a7 ./ra/fsp/src/bsp/mcu/all/bsp_io.o
 .debug_line    0x0000671f      0x2e3 ./ra/fsp/src/bsp/mcu/all/bsp_irq.o
 .debug_line    0x00006a02      0x3cf ./ra/fsp/src/bsp/mcu/all/bsp_register_protection.o
 .debug_line    0x00006dd1      0x161 ./ra/fsp/src/bsp/mcu/all/bsp_rom_registers.o
 .debug_line    0x00006f32      0x22b ./ra/fsp/src/bsp/cmsis/Device/RENESAS/Source/startup.o
 .debug_line    0x0000715d      0x535 ./ra/fsp/src/bsp/cmsis/Device/RENESAS/Source/system.o
 .debug_line    0x00007692      0x3d5 ./qe_gen/qe_touch_config.o
 .debug_line    0x00007a67      0x6c4 ./qe_gen/qe_touch_sample.o

.debug_str      0x00000000     0xb981
 .debug_str     0x00000000     0x367c ./src/hal_entry.o
                               0x3716 (size before relaxing)
 .debug_str     0x0000367c      0x73d ./ra_gen/common_data.o
                               0x395e (size before relaxing)
 .debug_str     0x00003db9       0x11 ./ra_gen/main.o
                                0x19e (size before relaxing)
 .debug_str     0x00003dca      0x5d6 ./ra_gen/pin_data.o
                               0x1cae (size before relaxing)
 .debug_str     0x000043a0      0xc4f ./ra_gen/vector_data.o
                                0xdc7 (size before relaxing)
 .debug_str     0x00004fef     0x2703 ./ra/fsp/src/rm_touch/rm_touch.o
                               0x47ce (size before relaxing)
 .debug_str     0x000076f2      0x7a4 ./ra/fsp/src/r_ioport/r_ioport.o
                               0x3a22 (size before relaxing)
 .debug_str     0x00007e96     0x18f4 ./ra/fsp/src/r_dtc/r_dtc.o
                               0x3a6f (size before relaxing)
 .debug_str     0x0000978a     0x14d0 ./ra/fsp/src/r_ctsu/r_ctsu.o
                               0x86ce (size before relaxing)
 .debug_str     0x0000ac5a      0x44b ./ra/fsp/src/bsp/mcu/all/bsp_clocks.o
                               0x1f88 (size before relaxing)
 .debug_str     0x0000b0a5      0x10b ./ra/fsp/src/bsp/mcu/all/bsp_common.o
                               0x1a41 (size before relaxing)
 .debug_str     0x0000b1b0       0xbe ./ra/fsp/src/bsp/mcu/all/bsp_delay.o
                                0x2d4 (size before relaxing)
 .debug_str     0x0000b26e      0x1de ./ra/fsp/src/bsp/mcu/all/bsp_group_irq.o
                               0x1f4c (size before relaxing)
 .debug_str     0x0000b44c       0x23 ./ra/fsp/src/bsp/mcu/all/bsp_io.o
                                0x1c7 (size before relaxing)
 .debug_str     0x0000b46f       0x30 ./ra/fsp/src/bsp/mcu/all/bsp_irq.o
                               0x1243 (size before relaxing)
 .debug_str     0x0000b49f      0x12b ./ra/fsp/src/bsp/mcu/all/bsp_register_protection.o
                               0x1873 (size before relaxing)
 .debug_str     0x0000b5ca       0x51 ./ra/fsp/src/bsp/mcu/all/bsp_rom_registers.o
                                0x1dd (size before relaxing)
 .debug_str     0x0000b61b       0x82 ./ra/fsp/src/bsp/cmsis/Device/RENESAS/Source/startup.o
                                0x211 (size before relaxing)
 .debug_str     0x0000b69d      0x165 ./ra/fsp/src/bsp/cmsis/Device/RENESAS/Source/system.o
                                0xcd5 (size before relaxing)
 .debug_str     0x0000b802      0x148 ./qe_gen/qe_touch_config.o
                               0x498f (size before relaxing)
 .debug_str     0x0000b94a       0x37 ./qe_gen/qe_touch_sample.o
                               0x5946 (size before relaxing)

.debug_frame    0x00000000      0x8f4
 .debug_frame   0x00000000       0x40 ./src/hal_entry.o
 .debug_frame   0x00000040       0x20 ./ra_gen/common_data.o
 .debug_frame   0x00000060       0x28 ./ra_gen/main.o
 .debug_frame   0x00000088      0x138 ./ra/fsp/src/rm_touch/rm_touch.o
 .debug_frame   0x000001c0      0x154 ./ra/fsp/src/r_ioport/r_ioport.o
 .debug_frame   0x00000314       0xf0 ./ra/fsp/src/r_dtc/r_dtc.o
 .debug_frame   0x00000404      0x1d4 ./ra/fsp/src/r_ctsu/r_ctsu.o
 .debug_frame   0x000005d8       0xa8 ./ra/fsp/src/bsp/mcu/all/bsp_clocks.o
 .debug_frame   0x00000680       0x40 ./ra/fsp/src/bsp/mcu/all/bsp_common.o
 .debug_frame   0x000006c0       0x3c ./ra/fsp/src/bsp/mcu/all/bsp_delay.o
 .debug_frame   0x000006fc       0x40 ./ra/fsp/src/bsp/mcu/all/bsp_group_irq.o
 .debug_frame   0x0000073c       0x20 ./ra/fsp/src/bsp/mcu/all/bsp_irq.o
 .debug_frame   0x0000075c       0x48 ./ra/fsp/src/bsp/mcu/all/bsp_register_protection.o
 .debug_frame   0x000007a4       0x38 ./ra/fsp/src/bsp/cmsis/Device/RENESAS/Source/startup.o
 .debug_frame   0x000007dc       0x40 ./ra/fsp/src/bsp/cmsis/Device/RENESAS/Source/system.o
 .debug_frame   0x0000081c       0x20 ./qe_gen/qe_touch_config.o
 .debug_frame   0x0000083c       0x3c ./qe_gen/qe_touch_sample.o
 .debug_frame   0x00000878       0x34 c:/renesas/ra/e2studio_v2022-04_fsp_v3.7.0/toolchains/gcc_arm/gcc-arm-none-eabi-10.3-2021.10/bin/../lib/gcc/arm-none-eabi/10.3.1/thumb/v8-m.base/nofp\libgcc.a(_muldi3.o)
 .debug_frame   0x000008ac       0x28 c:/renesas/ra/e2studio_v2022-04_fsp_v3.7.0/toolchains/gcc_arm/gcc-arm-none-eabi-10.3-2021.10/bin/../lib/gcc/arm-none-eabi/10.3.1/../../../../arm-none-eabi/lib/thumb/v8-m.base/nofp\libg_nano.a(lib_a-memcpy-stub.o)
 .debug_frame   0x000008d4       0x20 c:/renesas/ra/e2studio_v2022-04_fsp_v3.7.0/toolchains/gcc_arm/gcc-arm-none-eabi-10.3-2021.10/bin/../lib/gcc/arm-none-eabi/10.3.1/../../../../arm-none-eabi/lib/thumb/v8-m.base/nofp\libg_nano.a(lib_a-memset.o)
