Component: Arm Compiler for Embedded 6.22 Tool: armlink [5ee90200]

==============================================================================

Section Cross References

    gd32f4xx_it.o(.ARM.exidx.text.NMI_Handler) refers to gd32f4xx_it.o(.text.NMI_Handler) for [Anonymous Symbol]
    gd32f4xx_it.o(.ARM.exidx.text.HardFault_Handler) refers to gd32f4xx_it.o(.text.HardFault_Handler) for [Anonymous Symbol]
    gd32f4xx_it.o(.ARM.exidx.text.MemManage_Handler) refers to gd32f4xx_it.o(.text.MemManage_Handler) for [Anonymous Symbol]
    gd32f4xx_it.o(.ARM.exidx.text.BusFault_Handler) refers to gd32f4xx_it.o(.text.BusFault_Handler) for [Anonymous Symbol]
    gd32f4xx_it.o(.ARM.exidx.text.UsageFault_Handler) refers to gd32f4xx_it.o(.text.UsageFault_Handler) for [Anonymous Symbol]
    gd32f4xx_it.o(.ARM.exidx.text.DebugMon_Handler) refers to gd32f4xx_it.o(.text.DebugMon_Handler) for [Anonymous Symbol]
    gd32f4xx_it.o(.text.SysTick_Handler) refers to systick.o(.text.delay_decrement) for delay_decrement
    gd32f4xx_it.o(.ARM.exidx.text.SysTick_Handler) refers to gd32f4xx_it.o(.text.SysTick_Handler) for [Anonymous Symbol]
    main.o(.text.main) refers to gd32f4xx_misc.o(.text.nvic_priority_group_set) for nvic_priority_group_set
    main.o(.text.main) refers to systick.o(.text.systick_config) for systick_config
    main.o(.text.main) refers to segger_rtt.o(.text.SEGGER_RTT_Init) for SEGGER_RTT_Init
    main.o(.text.main) refers to segger_rtt.o(.text.SEGGER_RTT_SetTerminal) for SEGGER_RTT_SetTerminal
    main.o(.text.main) refers to main.o(.rodata.str1.1) for .L.str
    main.o(.text.main) refers to segger_rtt_printf.o(.text.SEGGER_RTT_printf) for SEGGER_RTT_printf
    main.o(.text.main) refers to printer.o(.text.initPrinter) for initPrinter
    main.o(.text.main) refers to uart.o(.text.initCOM) for initCOM
    main.o(.text.main) refers to uart.o(.text.comString) for comString
    main.o(.text.main) refers to screen_basic.o(.text.LCD_Init) for LCD_Init
    main.o(.text.main) refers to screen_basic.o(.bss..L_MergedGlobals) for POINT_COLOR
    main.o(.text.main) refers to screen_basic.o(.text.LCD_DrawRectangle) for LCD_DrawRectangle
    main.o(.text.main) refers to screen_basic.o(.text.LCD_ShowString) for LCD_ShowString
    main.o(.text.main) refers to ctrlbd.o(.text.initKeyBoard) for initKeyBoard
    main.o(.text.main) refers to bsp_rtc.o(.text.rtc_config) for rtc_config
    main.o(.text.main) refers to timer.o(.text.InitTimer) for InitTimer
    main.o(.text.main) refers to 12lead.o(.text.init12Lead) for init12Lead
    main.o(.text.main) refers to spo2.o(.text.InitSPO2) for InitSPO2
    main.o(.text.main) refers to pressure.o(.text.initPressure) for initPressure
    main.o(.text.main) refers to ecg_monitor.o(.text.monecgInit) for monecgInit
    main.o(.text.main) refers to resp_monitor.o(.text.respmonInit) for respmonInit
    main.o(.text.main) refers to screen_basic.o(.text.LCD_Clear) for LCD_Clear
    main.o(.text.main) refers to appmanager.o(.text.App_Core) for App_Core
    main.o(.ARM.exidx.text.main) refers to main.o(.text.main) for [Anonymous Symbol]
    main.o(.text.card_info_get) refers to segger_rtt_printf.o(.text.SEGGER_RTT_printf) for SEGGER_RTT_printf
    main.o(.text.card_info_get) refers to sdcard.o(.bss..L_MergedGlobals.2) for sd_scr
    main.o(.text.card_info_get) refers to main.o(.rodata.str1.1) for .L.str.21
    main.o(.text.card_info_get) refers to main.o(.bss.sd_cardinfo) for sd_cardinfo
    main.o(.text.card_info_get) refers to sdcard.o(.text.sd_card_capacity_get) for sd_card_capacity_get
    main.o(.ARM.exidx.text.card_info_get) refers to main.o(.text.card_info_get) for [Anonymous Symbol]
    main.o(.text.sd_fatfs_init) refers to main.o(.bss.fs) for fs
    main.o(.text.sd_fatfs_init) refers to main.o(.rodata.str1.1) for .L.str.41
    main.o(.text.sd_fatfs_init) refers to ff.o(.text.f_mount) for f_mount
    main.o(.text.sd_fatfs_init) refers to segger_rtt_printf.o(.text.SEGGER_RTT_printf) for SEGGER_RTT_printf
    main.o(.ARM.exidx.text.sd_fatfs_init) refers to main.o(.text.sd_fatfs_init) for [Anonymous Symbol]
    main.o(.text.main1) refers to systick.o(.text.systick_config) for systick_config
    main.o(.text.main1) refers to gd32f4xx_misc.o(.text.nvic_priority_group_set) for nvic_priority_group_set
    main.o(.text.main1) refers to gd32f4xx_misc.o(.text.nvic_irq_enable) for nvic_irq_enable
    main.o(.text.main1) refers to segger_rtt.o(.text.SEGGER_RTT_Init) for SEGGER_RTT_Init
    main.o(.text.main1) refers to segger_rtt.o(.text.SEGGER_RTT_SetTerminal) for SEGGER_RTT_SetTerminal
    main.o(.text.main1) refers to main.o(.rodata.str1.1) for .L.str
    main.o(.text.main1) refers to segger_rtt_printf.o(.text.SEGGER_RTT_printf) for SEGGER_RTT_printf
    main.o(.text.main1) refers to timer.o(.text.InitTimer) for InitTimer
    main.o(.text.main1) refers to main.o(.bss.fs) for fs
[...]
    bv1                                      0x100007e4   Data           4  12lead.o(.bss..L_MergedGlobals.1)
    eccbv1r                                  0x100007e8   Data           4  12lead.o(.bss..L_MergedGlobals.1)
    bv2                                      0x100007ec   Data           4  12lead.o(.bss..L_MergedGlobals.1)
    eccbv2r                                  0x100007f0   Data           4  12lead.o(.bss..L_MergedGlobals.1)
    bv3                                      0x100007f4   Data           4  12lead.o(.bss..L_MergedGlobals.1)
    eccbv3r                                  0x100007f8   Data           4  12lead.o(.bss..L_MergedGlobals.1)
    bv4                                      0x100007fc   Data           4  12lead.o(.bss..L_MergedGlobals.1)
    eccbv4r                                  0x10000800   Data           4  12lead.o(.bss..L_MergedGlobals.1)
    bv5                                      0x10000804   Data           4  12lead.o(.bss..L_MergedGlobals.1)
    eccbv5r                                  0x10000808   Data           4  12lead.o(.bss..L_MergedGlobals.1)
    i                                        0x1000080c   Data           4  12lead.o(.bss..L_MergedGlobals.1)
    ch1p                                     0x10000810   Data           4  12lead.o(.bss..L_MergedGlobals.1)
    ch1                                      0x10000814   Data           4  12lead.o(.bss..L_MergedGlobals.1)
    ch2                                      0x10000818   Data           4  12lead.o(.bss..L_MergedGlobals.1)
    ch3                                      0x1000081c   Data           4  12lead.o(.bss..L_MergedGlobals.1)
    ch4                                      0x10000820   Data           4  12lead.o(.bss..L_MergedGlobals.1)
    ch5                                      0x10000824   Data           4  12lead.o(.bss..L_MergedGlobals.1)
    ch6                                      0x10000828   Data           4  12lead.o(.bss..L_MergedGlobals.1)
    ch7                                      0x1000082c   Data           4  12lead.o(.bss..L_MergedGlobals.1)
    ch8                                      0x10000830   Data           4  12lead.o(.bss..L_MergedGlobals.1)
    nl2                                      0x10000834   Data           4  12lead.o(.bss..L_MergedGlobals.1)
    l2                                       0x10000838   Data           4  12lead.o(.bss..L_MergedGlobals.1)
    nl3                                      0x1000083c   Data           4  12lead.o(.bss..L_MergedGlobals.1)
    l3                                       0x10000840   Data           4  12lead.o(.bss..L_MergedGlobals.1)
    nv1                                      0x10000844   Data           4  12lead.o(.bss..L_MergedGlobals.1)
    mode                                     0x10000848   Data           1  printer.o(.bss..L_MergedGlobals.1)
    dbl                                      0x10000849   Data           1  printer.o(.bss..L_MergedGlobals.1)
    back                                     0x1000084c   Data           4  printer.o(.bss..L_MergedGlobals.1)
    black                                    0x10000850   Data           4  printer.o(.bss..L_MergedGlobals.1)
    figer                                    0x10000858   Data           1  spo2.o(.bss..L_MergedGlobals.1)
    online                                   0x10000859   Data           1  spo2.o(.bss..L_MergedGlobals.1)
    group                                    0x10000890   Data           4  spo2.o(.bss..L_MergedGlobals.1)
    max_d                                    0x10000894   Data           4  spo2.o(.bss..L_MergedGlobals.1)
    min                                      0x10000898   Data           4  spo2.o(.bss..L_MergedGlobals.1)
    retmax                                   0x1000089c   Data           4  spo2.o(.bss..L_MergedGlobals.1)
    needavg                                  0x100008c0   Data           8  spo2.o(.bss..L_MergedGlobals.1)
    overmemory                               0x100008d4   Data           1  nibpsolve.o(.bss..L_MergedGlobals.5)
    dsig                                     0x100008d5   Data           1  nibpsolve.o(.bss..L_MergedGlobals.5)
    rsig                                     0x100008d6   Data           1  nibpsolve.o(.bss..L_MergedGlobals.5)
    points                                   0x100008d7   Data           1  nibpsolve.o(.bss..L_MergedGlobals.5)
    args                                     0x100008d8   Data           4  nibpsolve.o(.bss..L_MergedGlobals.5)
    ct                                       0x100008dc   Data           4  nibpsolve.o(.bss..L_MergedGlobals.5)
    rise                                     0x100008e0   Data           4  nibpsolve.o(.bss..L_MergedGlobals.5)
    dcount                                   0x100008e4   Data           4  nibpsolve.o(.bss..L_MergedGlobals.5)
    stp                                      0x100008e8   Data           4  nibpsolve.o(.bss..L_MergedGlobals.5)
    avab                                     0x100008ec   Data           4  nibpsolve.o(.bss..L_MergedGlobals.5)
    idxmaxium                                0x100008f0   Data           4  nibpsolve.o(.bss..L_MergedGlobals.5)
    maxfidx                                  0x100008f4   Data           4  nibpsolve.o(.bss..L_MergedGlobals.5)
    ava                                      0x100008f8   Data           4  nibpsolve.o(.bss..L_MergedGlobals.5)
    b                                        0x10000904   Data           4  nibpsolve.o(.bss..L_MergedGlobals.5)
    bb                                       0x10000908   Data           4  nibpsolve.o(.bss..L_MergedGlobals.5)
    bbb                                      0x1000090c   Data           4  nibpsolve.o(.bss..L_MergedGlobals.5)
    bbbb                                     0x10000910   Data           4  nibpsolve.o(.bss..L_MergedGlobals.5)
    bbbbb                                    0x10000914   Data           4  nibpsolve.o(.bss..L_MergedGlobals.5)
    nb                                       0x10000918   Data           4  nibpsolve.o(.bss..L_MergedGlobals.5)
    nbb                                      0x1000091c   Data           4  nibpsolve.o(.bss..L_MergedGlobals.5)
    nbbb                                     0x10000920   Data           4  nibpsolve.o(.bss..L_MergedGlobals.5)
    nbplow_pass_filter                       0x10000924   Data          16  nibpsolve.o(.bss..L_MergedGlobals.5)
    isiced                                   0x10000934   Data           1  12leadapp.o(.bss..L_MergedGlobals.52)
    is12inited                               0x10000935   Data           1  12leadapp.o(.bss..L_MergedGlobals.52)
    start10s                                 0x10000936   Data           1  12leadapp.o(.bss..L_MergedGlobals.52)
    point                                    0x10000938   Data           4  12leadapp.o(.bss..L_MergedGlobals.52)
    tpx                                      0x1000093c   Data           4  12leadapp.o(.bss..L_MergedGlobals.52)
    bfv6                                     0x10000940   Data           4  12leadapp.o(.bss..L_MergedGlobals.52)
    hrc                                      0x10000944   Data           4  12leadapp.o(.bss..L_MergedGlobals.52)
    hrjd                                     0x10000948   Data           4  12leadapp.o(.bss..L_MergedGlobals.52)
    chr                                      0x1000094c   Data           4  12leadapp.o(.bss..L_MergedGlobals.52)
    dpxl1                                    0x10000950   Data           4  12leadapp.o(.bss..L_MergedGlobals.52)
    dpxl2                                    0x10000954   Data           4  12leadapp.o(.bss..L_MergedGlobals.52)
    dpxl3                                    0x10000958   Data           4  12leadapp.o(.bss..L_MergedGlobals.52)
    dpxavr                                   0x1000095c   Data           4  12leadapp.o(.bss..L_MergedGlobals.52)
    dpxavl                                   0x10000960   Data           4  12leadapp.o(.bss..L_MergedGlobals.52)
    dpxavf                                   0x10000964   Data           4  12leadapp.o(.bss..L_MergedGlobals.52)
    dpxv1                                    0x10000968   Data           4  12leadapp.o(.bss..L_MergedGlobals.52)
    dpxv2                                    0x1000096c   Data           4  12leadapp.o(.bss..L_MergedGlobals.52)
    dpxv3                                    0x10000970   Data           4  12leadapp.o(.bss..L_MergedGlobals.52)
    dpxv4                                    0x10000974   Data           4  12leadapp.o(.bss..L_MergedGlobals.52)
    dpxv5                                    0x10000978   Data           4  12leadapp.o(.bss..L_MergedGlobals.52)
    dpxv6                                    0x1000097c   Data           4  12leadapp.o(.bss..L_MergedGlobals.52)
    bfl1                                     0x10000980   Data           4  12leadapp.o(.bss..L_MergedGlobals.52)
    bfl2                                     0x10000984   Data           4  12leadapp.o(.bss..L_MergedGlobals.52)
    bfl3                                     0x10000988   Data           4  12leadapp.o(.bss..L_MergedGlobals.52)
    bfavr                                    0x1000098c   Data           4  12leadapp.o(.bss..L_MergedGlobals.52)
    bfavl                                    0x10000990   Data           4  12leadapp.o(.bss..L_MergedGlobals.52)
    bfavf                                    0x10000994   Data           4  12leadapp.o(.bss..L_MergedGlobals.52)
    bfv1                                     0x10000998   Data           4  12leadapp.o(.bss..L_MergedGlobals.52)
    bfv2                                     0x1000099c   Data           4  12leadapp.o(.bss..L_MergedGlobals.52)
    bfv3                                     0x100009a0   Data           4  12leadapp.o(.bss..L_MergedGlobals.52)
    bfv4                                     0x100009a4   Data           4  12leadapp.o(.bss..L_MergedGlobals.52)
    bfv5                                     0x100009a8   Data           4  12leadapp.o(.bss..L_MergedGlobals.52)
    bbfl1                                    0x100009ac   Data           4  12leadapp.o(.bss..L_MergedGlobals.52)
    bbfl2                                    0x100009b0   Data           4  12leadapp.o(.bss..L_MergedGlobals.53)
    bbfl3                                    0x100009b4   Data           4  12leadapp.o(.bss..L_MergedGlobals.53)
    k                                        0x100009b8   Data           4  12leadapp.o(.bss..L_MergedGlobals.53)
    buffs                                    0x100009bc   Data         100  12leadapp.o(.bss..L_MergedGlobals.53)
    jntm                                     0x10000c20   Data           4  ecg_monitor.o(.bss.jntm)
    kl3                                      0x10000c24   Data         120  12lead.o(.bss.kl3)
    kv2                                      0x10000c9c   Data         120  12lead.o(.bss.kv2)
    kv4                                      0x10000d14   Data         120  12lead.o(.bss.kv4)
    kv6                                      0x10000d8c   Data         120  12lead.o(.bss.kv6)
    nibpvals                                 0x10000e04   Data        6400  nibpsolve.o(.bss.nibpvals)
    pavl                                     0x10002704   Data        8000  12leadapp.o(.bss.pavl)
    pl3                                      0x10004644   Data        8000  12leadapp.o(.bss.pl3)
    pointidx                                 0x10006584   Data         200  nibpsolve.o(.bss.pointidx)
    psspidx                                  0x1000664c   Data         200  nibpsolve.o(.bss.psspidx)
    pv1                                      0x10006714   Data        8000  12leadapp.o(.bss.pv1)
    pv3                                      0x10008654   Data        8000  12leadapp.o(.bss.pv3)
    pv5                                      0x1000a594   Data        8000  12leadapp.o(.bss.pv5)
    rtc_initpara_time                        0x1000c4d4   Data          20  bsp_rtc.o(.bss.rtc_initpara_time)
    selectapp                                0x1000c848   Data           1  appmanager.o(.bss.selectapp)
    spl2                                     0x1000d65c   Data        8000  ecgjudge.o(.bss.spl2)
    wirecolor                                0x20000000   Data           1  12leadapp.o(.data..L_MergedGlobals)
    viewpage                                 0x20000001   Data           1  12leadapp.o(.data..L_MergedGlobals)
    txt                                      0x20000002   Data           4  12leadapp.o(.data..L_MergedGlobals)
    bv6                                      0x20000008   Data           4  12lead.o(.data..L_MergedGlobals)
    eccbv6r                                  0x2000000c   Data           4  12lead.o(.data..L_MergedGlobals)
    min_d                                    0x20000018   Data           4  spo2.o(.data..L_MergedGlobals)
    max                                      0x2000001c   Data           4  spo2.o(.data..L_MergedGlobals)
    retmin                                   0x20000020   Data           4  spo2.o(.data..L_MergedGlobals)
    SystemCoreClock                          0x20000024   Data           4  system_gd32f4xx.o(.data.SystemCoreClock)
    appret                                   0x20000028   Data           4  appmanager.o(.data.appret)
    ncfgc                                    0x2000002c   Data          16  ecgjudge.o(.data.ncfgc)
    scr                                      0x2000003c   Data           1  ctrlbd.o(.data.scr)
    ismoninited                              0x2000004c   Data           1  monitor.o(.bss..L_MergedGlobals)
    drawresp                                 0x2000004d   Data           1  monitor.o(.bss..L_MergedGlobals)
    ecglead                                  0x2000004e   Data           1  monitor.o(.bss..L_MergedGlobals)
    nibpsig                                  0x2000004f   Data           1  monitor.o(.bss..L_MergedGlobals)
    nibpupdate                               0x20000050   Data           1  monitor.o(.bss..L_MergedGlobals)
    mssig                                    0x20000054   Data           4  monitor.o(.bss..L_MergedGlobals)
    spdat                                    0x20000058   Data           4  monitor.o(.bss..L_MergedGlobals)
    bpi                                      0x2000005c   Data           4  monitor.o(.bss..L_MergedGlobals)
    dres                                     0x20000060   Data           4  monitor.o(.bss..L_MergedGlobals)
    bs                                       0x20000064   Data           4  monitor.o(.bss..L_MergedGlobals)
    rpoint                                   0x20000068   Data           4  monitor.o(.bss..L_MergedGlobals)
    gp                                       0x2000006c   Data           4  monitor.o(.bss..L_MergedGlobals)
    dpxresp                                  0x20000070   Data           4  monitor.o(.bss..L_MergedGlobals)
    nibp                                     0x20000074   Data           4  monitor.o(.bss..L_MergedGlobals)
    dpxspo2                                  0x20000078   Data           4  monitor.o(.bss..L_MergedGlobals)
    bspo2                                    0x2000007c   Data           4  monitor.o(.bss..L_MergedGlobals)
    bfres                                    0x20000080   Data           4  monitor.o(.bss..L_MergedGlobals)
    spo2                                     0x20000084   Data           4  monitor.o(.bss..L_MergedGlobals)
    pi                                       0x20000088   Data           4  monitor.o(.bss..L_MergedGlobals)
    gbspo2                                   0x2000008c   Data           4  monitor.o(.bss..L_MergedGlobals)
    spd                                      0x20000090   Data           8  monitor.o(.bss..L_MergedGlobals)
    bkb                                      0x20000098   Data           4  ecgjudge.o(.bss..L_MergedGlobals)
    tem                                      0x2000009c   Data           4  ecgjudge.o(.bss..L_MergedGlobals)
    v5min                                    0x200000a0   Data           4  ecgjudge.o(.bss..L_MergedGlobals)
    v5minsum                                 0x200000a4   Data           4  ecgjudge.o(.bss..L_MergedGlobals)
    v5zero                                   0x200000a8   Data           4  ecgjudge.o(.bss..L_MergedGlobals)
    led12_s_RR                               0x200000ac   Data           4  ecgjudge.o(.bss..L_MergedGlobals)
    led12_s_QT                               0x200000b0   Data           4  ecgjudge.o(.bss..L_MergedGlobals)
    led12_s_QTc                              0x200000b4   Data           4  ecgjudge.o(.bss..L_MergedGlobals)
    led12_s_P                                0x200000b8   Data           4  ecgjudge.o(.bss..L_MergedGlobals)
    led12_s_QRS                              0x200000bc   Data           4  ecgjudge.o(.bss..L_MergedGlobals)
    led12_s_T                                0x200000c0   Data           4  ecgjudge.o(.bss..L_MergedGlobals)
    led12_s_QRS_deg                          0x200000c4   Data           4  ecgjudge.o(.bss..L_MergedGlobals)
    led12_s_RV1                              0x200000c8   Data           4  ecgjudge.o(.bss..L_MergedGlobals)
    led12_s_SV1                              0x200000cc   Data           4  ecgjudge.o(.bss..L_MergedGlobals)
    led12_s_RV5                              0x200000d0   Data           4  ecgjudge.o(.bss..L_MergedGlobals)
    led12_s_SV5                              0x200000d4   Data           4  ecgjudge.o(.bss..L_MergedGlobals)
    led12_s_HR                               0x200000d8   Data           4  ecgjudge.o(.bss..L_MergedGlobals)
    newix                                    0x200000dc   Data           4  ecgjudge.o(.bss..L_MergedGlobals)
    v1zero                                   0x20000108   Data           4  ecgjudge.o(.bss..L_MergedGlobals)
    v1maxsum                                 0x2000010c   Data           4  ecgjudge.o(.bss..L_MergedGlobals)
    v1minsum                                 0x20000110   Data           4  ecgjudge.o(.bss..L_MergedGlobals)
    v5maxsum                                 0x20000118   Data           4  ecgjudge.o(.bss..L_MergedGlobals.1)
    v1max                                    0x2000011c   Data           4  ecgjudge.o(.bss..L_MergedGlobals.1)
    v5max                                    0x20000120   Data           4  ecgjudge.o(.bss..L_MergedGlobals.1)
    v1min                                    0x20000124   Data           4  ecgjudge.o(.bss..L_MergedGlobals.1)
    v1                                       0x20000130   Data           4  12lead.o(.bss..L_MergedGlobals.2)
    nv2                                      0x20000134   Data           4  12lead.o(.bss..L_MergedGlobals.2)
    v2                                       0x20000138   Data           4  12lead.o(.bss..L_MergedGlobals.2)
    nv3                                      0x2000013c   Data           4  12lead.o(.bss..L_MergedGlobals.2)
    v3                                       0x20000140   Data           4  12lead.o(.bss..L_MergedGlobals.2)
    nv4                                      0x20000144   Data           4  12lead.o(.bss..L_MergedGlobals.2)
    v4                                       0x20000148   Data           4  12lead.o(.bss..L_MergedGlobals.2)
    nv5                                      0x2000014c   Data           4  12lead.o(.bss..L_MergedGlobals.2)
    v5                                       0x20000150   Data           4  12lead.o(.bss..L_MergedGlobals.2)
    nv6                                      0x20000154   Data           4  12lead.o(.bss..L_MergedGlobals.2)
    v6                                       0x20000158   Data           4  12lead.o(.bss..L_MergedGlobals.2)
    n                                        0x2000015c   Data           4  12lead.o(.bss..L_MergedGlobals.2)
    nbsl2                                    0x20000160   Data           4  12lead.o(.bss..L_MergedGlobals.2)
    bbsl2                                    0x20000164   Data           4  12lead.o(.bss..L_MergedGlobals.2)
    bsl2                                     0x20000168   Data           4  12lead.o(.bss..L_MergedGlobals.2)
    nbsl3                                    0x2000016c   Data           4  12lead.o(.bss..L_MergedGlobals.2)
    bbsl3                                    0x20000170   Data           4  12lead.o(.bss..L_MergedGlobals.2)
    bsl3                                     0x20000174   Data           4  12lead.o(.bss..L_MergedGlobals.2)
    nbsv1                                    0x20000178   Data           4  12lead.o(.bss..L_MergedGlobals.2)
    bbsv1                                    0x2000017c   Data           4  12lead.o(.bss..L_MergedGlobals.2)
    bsv1                                     0x20000180   Data           4  12lead.o(.bss..L_MergedGlobals.2)
    nbsv2                                    0x20000184   Data           4  12lead.o(.bss..L_MergedGlobals.2)
    bbsv2                                    0x20000188   Data           4  12lead.o(.bss..L_MergedGlobals.2)
    bsv2                                     0x2000018c   Data           4  12lead.o(.bss..L_MergedGlobals.2)
    nbsv3                                    0x20000190   Data           4  12lead.o(.bss..L_MergedGlobals.2)
    bbsv3                                    0x20000194   Data           4  12lead.o(.bss..L_MergedGlobals.2)
    bsv3                                     0x20000198   Data           4  12lead.o(.bss..L_MergedGlobals.2)
    nbsv4                                    0x2000019c   Data           4  12lead.o(.bss..L_MergedGlobals.2)
    bbsv4                                    0x200001a0   Data           4  12lead.o(.bss..L_MergedGlobals.2)
    bsv4                                     0x200001a4   Data           4  12lead.o(.bss..L_MergedGlobals.2)
    nbsv5                                    0x200001a8   Data           4  12lead.o(.bss..L_MergedGlobals.2)
    bbsv5                                    0x2000021c   Data           4  12lead.o(.bss..L_MergedGlobals.3)
    bsv5                                     0x20000220   Data           4  12lead.o(.bss..L_MergedGlobals.3)
    bbsv6                                    0x20000224   Data           4  12lead.o(.bss..L_MergedGlobals.3)
    bsv6                                     0x20000228   Data           4  12lead.o(.bss..L_MergedGlobals.3)
    fbsl2                                    0x2000022c   Data           4  12lead.o(.bss..L_MergedGlobals.3)
    fl2                                      0x20000230   Data           4  12lead.o(.bss..L_MergedGlobals.3)
    fbsl3                                    0x20000234   Data           4  12lead.o(.bss..L_MergedGlobals.3)
    fl3                                      0x20000238   Data           4  12lead.o(.bss..L_MergedGlobals.3)
    fl1                                      0x2000023c   Data           4  12lead.o(.bss..L_MergedGlobals.3)
    favr                                     0x20000240   Data           4  12lead.o(.bss..L_MergedGlobals.3)
    favl                                     0x20000244   Data           4  12lead.o(.bss..L_MergedGlobals.3)
    favf                                     0x20000248   Data           4  12lead.o(.bss..L_MergedGlobals.3)
    fbsv1                                    0x2000024c   Data           4  12lead.o(.bss..L_MergedGlobals.3)
    fv1                                      0x20000250   Data           4  12lead.o(.bss..L_MergedGlobals.3)
    fbsv2                                    0x20000254   Data           4  12lead.o(.bss..L_MergedGlobals.3)
    fv2                                      0x20000258   Data           4  12lead.o(.bss..L_MergedGlobals.3)
    fbsv3                                    0x2000025c   Data           4  12lead.o(.bss..L_MergedGlobals.3)
    fv3                                      0x20000260   Data           4  12lead.o(.bss..L_MergedGlobals.3)
    fbsv4                                    0x20000264   Data           4  12lead.o(.bss..L_MergedGlobals.3)
    fv4                                      0x20000268   Data           4  12lead.o(.bss..L_MergedGlobals.3)
    fbsv5                                    0x2000026c   Data           4  12lead.o(.bss..L_MergedGlobals.3)
    fv5                                      0x20000270   Data           4  12lead.o(.bss..L_MergedGlobals.3)
    fbsv6                                    0x20000274   Data           4  12lead.o(.bss..L_MergedGlobals.3)
    dat                                      0x20000278   Data          27  12lead.o(.bss..L_MergedGlobals.3)
    _SEGGER_RTT                              0x200002f4   Data         168  segger_rtt.o(.bss._SEGGER_RTT)
    a4buffer                                 0x2000039c   Data       128000  printer.o(.bss.a4buffer)
    destorysign                              0x2001f7a0   Data           1  appmanager.o(.bss.destorysign)
    kl2                                      0x2001f7a4   Data         120  12lead.o(.bss.kl2)
    kv1                                      0x2001f81c   Data         120  12lead.o(.bss.kv1)
    kv3                                      0x2001f894   Data         120  12lead.o(.bss.kv3)
    kv5                                      0x2001f90c   Data         120  12lead.o(.bss.kv5)
    ltdc_lcd_framebuf0                       0x2001f984   Data       384000  screen_basic.o(.bss.ltdc_lcd_framebuf0)
    nbphight_pass_filter                     0x2007d584   Data          20  nibpsolve.o(.bss.nbphight_pass_filter)
    pavf                                     0x2007d598   Data        8000  12leadapp.o(.bss.pavf)
    pavr                                     0x2007f4d8   Data        8000  12leadapp.o(.bss.pavr)
    pl1                                      0x20081418   Data        8000  12leadapp.o(.bss.pl1)
    pl2                                      0x20083358   Data        8000  12leadapp.o(.bss.pl2)
    pv2                                      0x20085298   Data        8000  12leadapp.o(.bss.pv2)
    pv4                                      0x200871d8   Data        8000  12leadapp.o(.bss.pv4)
    pv6                                      0x20089118   Data        8000  12leadapp.o(.bss.pv6)
    resultidx                                0x2008b058   Data         280  nibpsolve.o(.bss.resultidx)
    sidebar12                                0x2008b510   Data       112000  12leadapp.o(.bss.sidebar12)
    slnibp                                   0x200a6a90   Data       12800  nibpsolve.o(.bss.slnibp)
    spresp                                   0x200ac9e0   Data        8000  respjudge.o(.bss.spresp)
    step                                     0x200ae920   Data           4  printer.o(.bss.step)
    waveindexfxnew                           0x200ae924   Data        3200  ecgjudge.o(.bss.waveindexfxnew)



==============================================================================

Memory Map of the image

  Image Entry point : 0x080001ad

  Load Region LR_IROM1 (Base: 0x08000000, Size: 0x000248d0, Max: 0x00200000, ABSOLUTE, COMPRESSED[0x000242d8])

    Execution Region ER_IROM1 (Exec base: 0x08000000, Load base: 0x08000000, Size: 0x000241b8, Max: 0x00200000, ABSOLUTE)

    Exec Addr    Load Addr    Size         Type   Attr      Idx    E Section Name        Object

    0x08000000   0x08000000   0x000001ac   Data   RO         2130    RESET               startup_gd32f450_470.o
    0x080001ac   0x080001ac   0x00000008   Code   RO         2242  * !!!main             c_w.l(__main.o)
    0x080001b4   0x080001b4   0x0000005c   Code   RO         2750    !!!scatter          c_w.l(__scatter.o)
    0x08000210   0x08000210   0x0000005a   Code   RO         2748    !!dczerorl2         c_w.l(__dczerorl2.o)
    0x0800026a   0x0800026a   0x00000002   PAD
    0x0800026c   0x0800026c   0x0000001a   Code   RO         2754    !!handler_copy      c_w.l(__scatter_copy.o)
    0x08000286   0x08000286   0x00000002   PAD
    0x08000288   0x08000288   0x00000002   Code   RO         2751    !!handler_null      c_w.l(__scatter.o)
    0x0800028a   0x0800028a   0x00000002   PAD
    0x0800028c   0x0800028c   0x0000001c   Code   RO         2756    !!handler_zi        c_w.l(__scatter_zi.o)
    0x080002a8   0x080002a8   0x00000000   Code   RO         2221    .ARM.Collect$$_printf_percent$$00000000  c_w.l(_printf_percent.o)
    0x080002a8   0x080002a8   0x00000006   Code   RO         2213    .ARM.Collect$$_printf_percent$$00000001  c_w.l(_printf_n.o)
    0x080002ae   0x080002ae   0x00000006   Code   RO         2215    .ARM.Collect$$_printf_percent$$00000002  c_w.l(_printf_p.o)
    0x080002b4   0x080002b4   0x00000006   Code   RO         2220    .ARM.Collect$$_printf_percent$$00000003  c_w.l(_printf_f.o)
    0x080002ba   0x080002ba   0x00000006   Code   RO         2217    .ARM.Collect$$_printf_percent$$00000008  c_w.l(_printf_i.o)
    0x080002c0   0x080002c0   0x00000006   Code   RO         2218    .ARM.Collect$$_printf_percent$$00000009  c_w.l(_printf_d.o)
    0x080002c6   0x080002c6   0x00000006   Code   RO         2219    .ARM.Collect$$_printf_percent$$0000000A  c_w.l(_printf_u.o)
    0x080002cc   0x080002cc   0x00000006   Code   RO         2216    .ARM.Collect$$_printf_percent$$0000000B  c_w.l(_printf_o.o)
    0x080002d2   0x080002d2   0x00000006   Code   RO         2214    .ARM.Collect$$_printf_percent$$0000000C  c_w.l(_printf_x.o)
    0x080002d8   0x080002d8   0x0000000a   Code   RO         2303    .ARM.Collect$$_printf_percent$$00000012  c_w.l(_printf_l.o)
    0x080002e2   0x080002e2   0x00000006   Code   RO         2211    .ARM.Collect$$_printf_percent$$00000013  c_w.l(_printf_c.o)
    0x080002e8   0x080002e8   0x00000006   Code   RO         2212    .ARM.Collect$$_printf_percent$$00000014  c_w.l(_printf_s.o)
    0x080002ee   0x080002ee   0x00000006   Code   RO         2222    .ARM.Collect$$_printf_percent$$00000015  c_w.l(_printf_lc.o)
    0x080002f4   0x080002f4   0x00000006   Code   RO         2223    .ARM.Collect$$_printf_percent$$00000016  c_w.l(_printf_ls.o)
    0x080002fa   0x080002fa   0x00000004   Code   RO         2302    .ARM.Collect$$_printf_percent$$00000017  c_w.l(_printf_percent_end.o)
    0x080002fe   0x080002fe   0x00000002   Code   RO         2532    .ARM.Collect$$libinit$$00000000  c_w.l(libinit.o)
    0x08000300   0x08000300   0x00000004   Code   RO         2533    .ARM.Collect$$libinit$$00000001  c_w.l(libinit2.o)
    0x08000304   0x08000304   0x00000000   Code   RO         2536    .ARM.Collect$$libinit$$00000004  c_w.l(libinit2.o)
    0x08000304   0x08000304   0x00000000   Code   RO         2538    .ARM.Collect$$libinit$$00000006  c_w.l(libinit2.o)
    0x08000304   0x08000304   0x00000000   Code   RO         2541    .ARM.Collect$$libinit$$0000000C  c_w.l(libinit2.o)
    0x08000304   0x08000304   0x00000000   Code   RO         2543    .ARM.Collect$$libinit$$0000000E  c_w.l(libinit2.o)
    0x08000304   0x08000304   0x00000000   Code   RO         2545    .ARM.Collect$$libinit$$00000010  c_w.l(libinit2.o)
    0x08000304   0x08000304   0x00000006   Code   RO         2546    .ARM.Collect$$libinit$$00000011  c_w.l(libinit2.o)
    0x0800030a   0x0800030a   0x00000000   Code   RO         2548    .ARM.Collect$$libinit$$00000013  c_w.l(libinit2.o)
    0x0800030a   0x0800030a   0x0000000c   Code   RO         2549    .ARM.Collect$$libinit$$00000014  c_w.l(libinit2.o)
    0x08000316   0x08000316   0x00000000   Code   RO         2550    .ARM.Collect$$libinit$$00000015  c_w.l(libinit2.o)
    0x08000316   0x08000316   0x00000000   Code   RO         2552    .ARM.Collect$$libinit$$00000017  c_w.l(libinit2.o)
    0x08000316   0x08000316   0x0000000a   Code   RO         2553    .ARM.Collect$$libinit$$00000018  c_w.l(libinit2.o)
    0x08000320   0x08000320   0x00000000   Code   RO         2554    .ARM.Collect$$libinit$$00000019  c_w.l(libinit2.o)
    0x08000320   0x08000320   0x00000000   Code   RO         2556    .ARM.Collect$$libinit$$0000001B  c_w.l(libinit2.o)
    0x08000320   0x08000320   0x00000000   Code   RO         2558    .ARM.Collect$$libinit$$0000001D  c_w.l(libinit2.o)
    0x08000320   0x08000320   0x00000000   Code   RO         2560    .ARM.Collect$$libinit$$0000001F  c_w.l(libinit2.o)
    0x08000320   0x08000320   0x00000000   Code   RO         2562    .ARM.Collect$$libinit$$00000021  c_w.l(libinit2.o)
    0x08000320   0x08000320   0x00000000   Code   RO         2564    .ARM.Collect$$libinit$$00000023  c_w.l(libinit2.o)
    0x08000320   0x08000320   0x00000000   Code   RO         2566    .ARM.Collect$$libinit$$00000025  c_w.l(libinit2.o)
    0x08000320   0x08000320   0x00000000   Code   RO         2568    .ARM.Collect$$libinit$$00000027  c_w.l(libinit2.o)
    0x08000320   0x08000320   0x00000000   Code   RO         2572    .ARM.Collect$$libinit$$0000002E  c_w.l(libinit2.o)
    0x08000320   0x08000320   0x00000000   Code   RO         2574    .ARM.Collect$$libinit$$00000030  c_w.l(libinit2.o)
    0x08000320   0x08000320   0x00000000   Code   RO         2576    .ARM.Collect$$libinit$$00000032  c_w.l(libinit2.o)
    0x08000320   0x08000320   0x00000000   Code   RO         2578    .ARM.Collect$$libinit$$00000034  c_w.l(libinit2.o)
    0x08000320   0x08000320   0x00000002   Code   RO         2579    .ARM.Collect$$libinit$$00000035  c_w.l(libinit2.o)
    0x08000322   0x08000322   0x00000002   Code   RO         2729    .ARM.Collect$$libshutdown$$00000000  c_w.l(libshutdown.o)
    0x08000324   0x08000324   0x00000000   Code   RO         2581    .ARM.Collect$$libshutdown$$00000002  c_w.l(libshutdown2.o)
    0x08000324   0x08000324   0x00000000   Code   RO         2583    .ARM.Collect$$libshutdown$$00000004  c_w.l(libshutdown2.o)
    0x08000324   0x08000324   0x00000000   Code   RO         2586    .ARM.Collect$$libshutdown$$00000007  c_w.l(libshutdown2.o)
    0x08000324   0x08000324   0x00000000   Code   RO         2589    .ARM.Collect$$libshutdown$$0000000A  c_w.l(libshutdown2.o)
    0x08000324   0x08000324   0x00000000   Code   RO         2591    .ARM.Collect$$libshutdown$$0000000C  c_w.l(libshutdown2.o)
    0x08000324   0x08000324   0x00000000   Code   RO         2594    .ARM.Collect$$libshutdown$$0000000F  c_w.l(libshutdown2.o)
    0x08000324   0x08000324   0x00000002   Code   RO         2595    .ARM.Collect$$libshutdown$$00000010  c_w.l(libshutdown2.o)
    0x08000326   0x08000326   0x00000000   Code   RO         2281    .ARM.Collect$$rtentry$$00000000  c_w.l(__rtentry.o)
    0x08000326   0x08000326   0x00000000   Code   RO         2354    .ARM.Collect$$rtentry$$00000002  c_w.l(__rtentry2.o)
    0x08000326   0x08000326   0x00000006   Code   RO         2366    .ARM.Collect$$rtentry$$00000004  c_w.l(__rtentry4.o)
    0x0800032c   0x0800032c   0x00000000   Code   RO         2356    .ARM.Collect$$rtentry$$00000009  c_w.l(__rtentry2.o)
    0x0800032c   0x0800032c   0x00000004   Code   RO         2357    .ARM.Collect$$rtentry$$0000000A  c_w.l(__rtentry2.o)
    0x08000330   0x08000330   0x00000000   Code   RO         2359    .ARM.Collect$$rtentry$$0000000C  c_w.l(__rtentry2.o)
    0x08000330   0x08000330   0x00000008   Code   RO         2360    .ARM.Collect$$rtentry$$0000000D  c_w.l(__rtentry2.o)
    0x08000338   0x08000338   0x00000002   Code   RO         2602    .ARM.Collect$$rtexit$$00000000  c_w.l(rtexit.o)
    0x0800033a   0x0800033a   0x00000000   Code   RO         2663    .ARM.Collect$$rtexit$$00000002  c_w.l(rtexit2.o)
    0x0800033a   0x0800033a   0x00000004   Code   RO         2664    .ARM.Collect$$rtexit$$00000003  c_w.l(rtexit2.o)
    0x0800033e   0x0800033e   0x00000006   Code   RO         2665    .ARM.Collect$$rtexit$$00000004  c_w.l(rtexit2.o)
    0x08000344   0x08000344   0x00000040   Code   RO         2131    .text               startup_gd32f450_470.o
    0x08000384   0x08000384   0x000000f0   Code   RO         2139    .text               c_w.l(lludivv7m.o)
    0x08000474   0x08000474   0x00000028   Code   RO         2147    .text               c_w.l(noretval__2sprintf.o)
    0x0800049c   0x0800049c   0x0000004e   Code   RO         2151    .text               c_w.l(_printf_pad.o)
    0x080004ea   0x080004ea   0x00000024   Code   RO         2153    .text               c_w.l(_printf_truncate.o)
    0x0800050e   0x0800050e   0x00000052   Code   RO         2155    .text               c_w.l(_printf_str.o)
    0x08000560   0x08000560   0x00000078   Code   RO         2157    .text               c_w.l(_printf_dec.o)
    0x080005d8   0x080005d8   0x00000028   Code   RO         2159    .text               c_w.l(_printf_charcount.o)
    0x08000600   0x08000600   0x000000bc   Code   RO         2161    .text               c_w.l(_printf_wctomb.o)
    0x080006bc   0x080006bc   0x00000054   Code   RO         2166    .text               c_w.l(_printf_oct_int.o)
    0x08000710   0x08000710   0x0000007c   Code   RO         2182    .text               c_w.l(_printf_hex_int_ptr.o)
    0x0800078c   0x0800078c   0x00000188   Code   RO         2208    .text               c_w.l(__printf_flags_ss_wp.o)
    0x08000914   0x08000914   0x0000008a   Code   RO         2226    .text               c_w.l(rt_memcpy_v6.o)
    0x0800099e   0x0800099e   0x00000064   Code   RO         2228    .text               c_w.l(rt_memcpy_w.o)
    0x08000a02   0x08000a02   0x0000007a   Code   RO         2230    .text               c_w.l(rt_memmove_w.o)
    0x08000a7c   0x08000a7c   0x00000010   Code   RO         2234    .text               c_w.l(aeabi_memset4.o)
    0x08000a8c   0x08000a8c   0x00000044   Code   RO         2236    .text               c_w.l(rt_memclr.o)
    0x08000ad0   0x08000ad0   0x0000004e   Code   RO         2238    .text               c_w.l(rt_memclr_w.o)
    0x08000b1e   0x08000b1e   0x00000006   Code   RO         2240    .text               c_w.l(heapauxi.o)
    0x08000b24   0x08000b24   0x000000b2   Code   RO         2286    .text               c_w.l(_printf_intcommon.o)
    0x08000bd6   0x08000bd6   0x0000041c   Code   RO         2288    .text               c_w.l(_printf_fp_dec.o)
    0x08000ff2   0x08000ff2   0x00000002   PAD
    0x08000ff4   0x08000ff4   0x00000030   Code   RO         2292    .text               c_w.l(_printf_char_common.o)
    0x08001024   0x08001024   0x0000000a   Code   RO         2294    .text               c_w.l(_sputc.o)
    0x0800102e   0x0800102e   0x0000002c   Code   RO         2296    .text               c_w.l(_printf_char.o)
    0x0800105a   0x0800105a   0x0000002c   Code   RO         2300    .text               c_w.l(_printf_wchar.o)
    0x08001086   0x08001086   0x00000048   Code   RO         2310    .text               c_w.l(_c16rtomb.o)
    0x080010ce   0x080010ce   0x00000002   PAD
    0x080010d0   0x080010d0   0x00000010   Code   RO         2368    .text               c_w.l(rt_ctype_table.o)
    0x080010e0   0x080010e0   0x00000008   Code   RO         2375    .text               c_w.l(rt_locale_intlibspace.o)
    0x080010e8   0x080010e8   0x0000008a   Code   RO         2377    .text               c_w.l(lludiv10.o)
    0x08001172   0x08001172   0x00000002   PAD
    0x08001174   0x08001174   0x00000080   Code   RO         2379    .text               c_w.l(_printf_fp_infnan.o)
    0x080011f4   0x080011f4   0x000000e4   Code   RO         2383    .text               c_w.l(bigflt0.o)
    0x080012d8   0x080012d8   0x00000008   Code   RO         2434    .text               c_w.l(libspace.o)
    0x080012e0   0x080012e0   0x0000004a   Code   RO         2439    .text               c_w.l(sys_stackheap_outer.o)
    0x0800132a   0x0800132a   0x00000012   Code   RO         2515    .text               c_w.l(exit.o)
    0x0800133c   0x0800133c   0x00000004   PAD
    0x08001340   0x08001340   0x0000007c   Code   RO         2525    .text               c_w.l(strcmpv7em.o)
    0x080013bc   0x080013bc   0x0000000c   Code   RO         2655    .text               c_w.l(sys_exit.o)
    0x080013c8   0x080013c8   0x00000002   Code   RO         2659    .text               c_w.l(use_no_semi.o)
    0x080013ca   0x080013ca   0x00000000   Code   RO         2661    .text               c_w.l(indicate_semi.o)
    0x080013ca   0x080013ca   0x00000002   PAD
    0x080013cc   0x080013cc   0x00000782   Code   RO          446    .text.A4_DrawChar   screen_basic.o
    0x08001b4e   0x08001b4e   0x00000002   PAD
    0x08001b50   0x08001b50   0x000000a2   Code   RO          487    .text.A4_DrawString  printer.o
    0x08001bf2   0x08001bf2   0x00000006   PAD
    0x08001bf8   0x08001bf8   0x000009fe   Code   RO          202    .text.App_12lead_10s  12leadapp.o
    0x080025f6   0x080025f6   0x00000002   PAD
    0x080025f8   0x080025f8   0x00000c74   Code   RO          204    .text.App_12lead_func_viewpage  12leadapp.o
    0x0800326c   0x0800326c   0x00000004   PAD
    0x08003270   0x08003270   0x0000233c   Code   RO          200    .text.App_12lead_main  12leadapp.o
    0x080055ac   0x080055ac   0x00004318   Code   RO          206    .text.App_12lead_print10s  12leadapp.o
    0x080098c4   0x080098c4   0x000000bc   Code   RO          233    .text.App_Core      appmanager.o
    0x08009980   0x08009980   0x0000443c   Code   RO          188    .text.App_monitor_SnapShot  monitor.o
    0x0800ddbc   0x0800ddbc   0x00000004   PAD
    0x0800ddc0   0x0800ddc0   0x00001bec   Code   RO          186    .text.App_monitor_main  monitor.o
    0x0800f9ac   0x0800f9ac   0x00000064   Code   RO          607    .text.BcdToDecimal  bsp_rtc.o
    0x0800fa10   0x0800fa10   0x00000002   Code   RO            8    .text.BusFault_Handler  gd32f4xx_it.o
    0x0800fa12   0x0800fa12   0x00000006   PAD
    0x0800fa18   0x0800fa18   0x00000268   Code   RO          525    .text.CalData       spo2.o
    0x0800fc80   0x0800fc80   0x00000002   Code   RO           12    .text.DebugMon_Handler  gd32f4xx_it.o
    0x0800fc82   0x0800fc82   0x00000002   PAD
    0x0800fc84   0x0800fc84   0x000000a4   Code   RO          398    .text.EXTI10_15_IRQHandler  ctrlbd.o
    0x0800fd28   0x0800fd28   0x00000188   Code   RO          394    .text.EXTI4_IRQHandler  ctrlbd.o
    0x0800feb0   0x0800feb0   0x0000001c   Code   RO          396    .text.EXTI5_9_IRQHandler  ctrlbd.o
    0x0800fecc   0x0800fecc   0x0000002a   Code   RO          558    .text.GetADC        adc.o
    0x0800fef6   0x0800fef6   0x00000002   PAD
    0x0800fef8   0x0800fef8   0x00000034   Code   RO          517    .text.GetSPO2Data   spo2.o
    0x0800ff2c   0x0800ff2c   0x000000d4   Code   RO          523    .text.GetSPO2Wave_Prossed  spo2.o
    0x08010000   0x08010000   0x0000000e   Code   RO          176    .text.GetSysTime    timer.o
    0x0801000e   0x0801000e   0x00000002   PAD
    0x08010010   0x08010010   0x000016fa   Code   RO          515    .text.HandleData    spo2.o
    0x0801170a   0x0801170a   0x00000002   PAD
    0x0801170c   0x0801170c   0x00000002   Code   RO            4    .text.HardFault_Handler  gd32f4xx_it.o
    0x0801170e   0x0801170e   0x00000002   PAD
    0x08011710   0x08011710   0x00000032   Code   RO          255    .text.Hight_pass_filter  ecgjudge.o
    0x08011742   0x08011742   0x00000002   PAD
    0x08011744   0x08011744   0x000001c8   Code   RO          378    .text.IIC_Read_Byte  pressure.o
    0x0801190c   0x0801190c   0x000001b4   Code   RO          372    .text.IIC_Send_Byte  pressure.o
    0x08011ac0   0x08011ac0   0x00000160   Code   RO          374    .text.IIC_Wait_Ack  pressure.o
    0x08011c20   0x08011c20   0x000000b4   Code   RO          556    .text.InitADC       adc.o
    0x08011cd4   0x08011cd4   0x00000074   Code   RO          544    .text.InitDAC       dac.o
    0x08011d48   0x08011d48   0x00000090   Code   RO          507    .text.InitSPO2      spo2.o
    0x08011dd8   0x08011dd8   0x00000078   Code   RO          158    .text.InitTimer     timer.o
    0x08011e50   0x08011e50   0x00000040   Code   RO          253    .text.Init_hightPass_alpha  ecgjudge.o
    0x08011e90   0x08011e90   0x00000040   Code   RO          249    .text.Init_lowPass_alpha  ecgjudge.o
    0x08011ed0   0x08011ed0   0x0000001a   Code   RO          426    .text.LCD_Clear     screen_basic.o
    0x08011eea   0x08011eea   0x00000002   PAD
    0x08011eec   0x08011eec   0x000000be   Code   RO          434    .text.LCD_DrawLine  screen_basic.o
    0x08011faa   0x08011faa   0x00000002   PAD
    0x08011fac   0x08011fac   0x0000023a   Code   RO          436    .text.LCD_DrawRectangle  screen_basic.o
    0x080121e6   0x080121e6   0x00000002   PAD
    0x080121e8   0x080121e8   0x0000007a   Code   RO          424    .text.LCD_Init      screen_basic.o
    0x08012262   0x08012262   0x00000002   PAD
    0x08012264   0x08012264   0x00000d34   Code   RO          430    .text.LCD_ShowChar  screen_basic.o
    0x08012f98   0x08012f98   0x000000a0   Code   RO          432    .text.LCD_ShowString  screen_basic.o
    0x08013038   0x08013038   0x000000be   Code   RO          438    .text.LCD_SolidRectangle  screen_basic.o
    0x080130f6   0x080130f6   0x00000002   PAD
    0x080130f8   0x080130f8   0x0000002c   Code   RO          428    .text.LTDC_Draw_Point  screen_basic.o
    0x08013124   0x08013124   0x00000026   Code   RO          251    .text.Low_pass_filter  ecgjudge.o
    0x0801314a   0x0801314a   0x00000002   PAD
    0x0801314c   0x0801314c   0x00000002   Code   RO            6    .text.MemManage_Handler  gd32f4xx_it.o
    0x0801314e   0x0801314e   0x00000002   PAD
    0x08013150   0x08013150   0x00000002   Code   RO            2    .text.NMI_Handler   gd32f4xx_it.o
    0x08013152   0x08013152   0x00000002   PAD
    0x08013154   0x08013154   0x00000088   Code   RO          119    .text.SEGGER_RTT_Init  segger_rtt.o
    0x080131dc   0x080131dc   0x000001fa   Code   RO          121    .text.SEGGER_RTT_SetTerminal  segger_rtt.o
    0x080133d6   0x080133d6   0x00000002   PAD
    0x080133d8   0x080133d8   0x000000b2   Code   RO           83    .text.SEGGER_RTT_Write  segger_rtt.o
    0x0801348a   0x0801348a   0x00000002   PAD
    0x0801348c   0x0801348c   0x0000016e   Code   RO           79    .text.SEGGER_RTT_WriteNoLock  segger_rtt.o
    0x080135fa   0x080135fa   0x00000002   PAD
    0x080135fc   0x080135fc   0x0000001e   Code   RO          146    .text.SEGGER_RTT_printf  segger_rtt_printf.o
    0x0801361a   0x0801361a   0x00000002   PAD
    0x0801361c   0x0801361c   0x00000648   Code   RO          142    .text.SEGGER_RTT_vprintf  segger_rtt_printf.o
    0x08013c64   0x08013c64   0x00000036   Code   RO          319    .text.SPI_Transport_12Lead  12lead.o
    0x08013c9a   0x08013c9a   0x00000002   PAD
    0x08013c9c   0x08013c9c   0x00000036   Code   RO          571    .text.SPI_Transport_monecg  ecg_monitor.o
    0x08013cd2   0x08013cd2   0x00000002   PAD
    0x08013cd4   0x08013cd4   0x00000036   Code   RO          588    .text.SPI_Transport_respmon  resp_monitor.o
    0x08013d0a   0x08013d0a   0x00000002   PAD
    0x08013d0c   0x08013d0c   0x00000336   Code   RO          509    .text.SPO2AdjTask   spo2.o
    0x08014042   0x08014042   0x00000002   PAD
    0x08014044   0x08014044   0x000003de   Code   RO          513    .text.SPO2Task      spo2.o
    0x08014422   0x08014422   0x00000002   PAD
    0x08014424   0x08014424   0x00000012   Code   RO          546    .text.SetDAC        dac.o
    0x08014436   0x08014436   0x00000002   PAD
    0x08014438   0x08014438   0x000009aa   Code   RO          448    .text.Side_DrawChar  screen_basic.o
    0x08014de2   0x08014de2   0x00000002   PAD
    0x08014de4   0x08014de4   0x000000a2   Code   RO          491    .text.Side_DrawString  printer.o
    0x08014e86   0x08014e86   0x00000002   PAD
    0x08014e88   0x08014e88   0x00000004   Code   RO           14    .text.SysTick_Handler  gd32f4xx_it.o
    0x08014e8c   0x08014e8c   0x0000020c   Code   RO         2116    .text.SystemInit    system_gd32f4xx.o
    0x08015098   0x08015098   0x0000008c   Code   RO          156    .text.TIMER5_DAC_IRQHandler  timer.o
    0x08015124   0x08015124   0x00000252   Code   RO          422    .text.TLI_ConfigParam  screen_basic.o
    0x08015376   0x08015376   0x00000002   PAD
    0x08015378   0x08015378   0x00000002   Code   RO           10    .text.UsageFault_Handler  gd32f4xx_it.o
    0x0801537a   0x0801537a   0x00000002   PAD
    0x0801537c   0x0801537c   0x000001f8   Code   RO          144    .text._PrintUnsigned  segger_rtt_printf.o
    0x08015574   0x08015574   0x00000004   PAD
    0x08015578   0x08015578   0x00001332   Code   RO          323    .text.a12lead_GetmV  12lead.o
    0x080168aa   0x080168aa   0x00000002   PAD
    0x080168ac   0x080168ac   0x000000c6   Code   RO          317    .text.a12lead_REG   12lead.o
    0x08016972   0x08016972   0x00000002   PAD
    0x08016974   0x08016974   0x0000004a   Code   RO          646    .text.adc_calibration_enable  gd32f4xx_adc.o
    0x080169be   0x080169be   0x00000002   PAD
    0x080169c0   0x080169c0   0x00000046   Code   RO          668    .text.adc_channel_length_config  gd32f4xx_adc.o
    0x08016a06   0x08016a06   0x00000002   PAD
    0x08016a08   0x08016a08   0x00000018   Code   RO          636    .text.adc_clock_config  gd32f4xx_adc.o
    0x08016a20   0x08016a20   0x00000012   Code   RO          640    .text.adc_data_alignment_config  gd32f4xx_adc.o
    0x08016a32   0x08016a32   0x00000002   PAD
    0x08016a34   0x08016a34   0x00000016   Code   RO          634    .text.adc_deinit    gd32f4xx_adc.o
    0x08016a4a   0x08016a4a   0x00000002   PAD
    0x08016a4c   0x08016a4c   0x0000000a   Code   RO          660    .text.adc_dma_mode_disable  gd32f4xx_adc.o
    0x08016a56   0x08016a56   0x00000002   PAD
    0x08016a58   0x08016a58   0x00000012   Code   RO          642    .text.adc_enable    gd32f4xx_adc.o
    0x08016a6a   0x08016a6a   0x00000002   PAD
    0x08016a6c   0x08016a6c   0x0000002e   Code   RO          678    .text.adc_external_trigger_config  gd32f4xx_adc.o
    0x08016a9a   0x08016a9a   0x00000002   PAD
    0x08016a9c   0x08016a9c   0x00000022   Code   RO          676    .text.adc_external_trigger_source_config  gd32f4xx_adc.o
    0x08016abe   0x08016abe   0x00000002   PAD
    0x08016ac0   0x08016ac0   0x0000000a   Code   RO          698    .text.adc_flag_get  gd32f4xx_adc.o
    0x08016aca   0x08016aca   0x00000002   PAD
    0x08016acc   0x08016acc   0x0000000e   Code   RO          656    .text.adc_oversample_mode_disable  gd32f4xx_adc.o
    0x08016ada   0x08016ada   0x00000002   PAD
    0x08016adc   0x08016adc   0x00000010   Code   RO          650    .text.adc_resolution_config  gd32f4xx_adc.o
    0x08016aec   0x08016aec   0x000000a8   Code   RO          670    .text.adc_routine_channel_config  gd32f4xx_adc.o
    0x08016b94   0x08016b94   0x00000006   Code   RO          684    .text.adc_routine_data_read  gd32f4xx_adc.o
    0x08016b9a   0x08016b9a   0x00000002   PAD
    0x08016b9c   0x08016b9c   0x00000024   Code   RO          680    .text.adc_software_trigger_enable  gd32f4xx_adc.o
    0x08016bc0   0x08016bc0   0x0000005a   Code   RO          638    .text.adc_special_function_config  gd32f4xx_adc.o
    0x08016c1a   0x08016c1a   0x00000002   PAD
    0x08016c1c   0x08016c1c   0x00000018   Code   RO          714    .text.adc_sync_mode_config  gd32f4xx_adc.o
    0x08016c34   0x08016c34   0x00000014   Code   RO          489    .text.clearA4       printer.o
    0x08016c48   0x08016c48   0x0000003a   Code   RO          624    .text.comString     uart.o
    0x08016c82   0x08016c82   0x00000002   PAD
    0x08016c84   0x08016c84   0x0000000a   Code   RO          768    .text.dac_concurrent_disable  gd32f4xx_dac.o
    0x08016c8e   0x08016c8e   0x00000002   PAD
    0x08016c90   0x08016c90   0x00000020   Code   RO          750    .text.dac_data_set  gd32f4xx_dac.o
    0x08016cb0   0x08016cb0   0x00000024   Code   RO          734    .text.dac_deinit    gd32f4xx_dac.o
    0x08016cd4   0x08016cd4   0x0000001e   Code   RO          736    .text.dac_enable    gd32f4xx_dac.o
    0x08016cf2   0x08016cf2   0x00000002   PAD
    0x08016cf4   0x08016cf4   0x00000020   Code   RO          744    .text.dac_output_buffer_enable  gd32f4xx_dac.o
    0x08016d14   0x08016d14   0x00000020   Code   RO          754    .text.dac_trigger_disable  gd32f4xx_dac.o
    0x08016d34   0x08016d34   0x00000026   Code   RO          760    .text.dac_wave_mode_config  gd32f4xx_dac.o
    0x08016d5a   0x08016d5a   0x00000002   PAD
    0x08016d5c   0x08016d5c   0x0000002c   Code   RO           50    .text.delay_1ms     systick.o
    0x08016d88   0x08016d88   0x00000018   Code   RO           56    .text.delay_decrement  systick.o
    0x08016da0   0x08016da0   0x00000024   Code   RO           52    .text.delay_us      systick.o
    0x08016dc4   0x08016dc4   0x00000092   Code   RO          874    .text.exti_init     gd32f4xx_exti.o
    0x08016e56   0x08016e56   0x00000002   PAD
    0x08016e58   0x08016e58   0x0000000c   Code   RO          894    .text.exti_interrupt_flag_clear  gd32f4xx_exti.o
    0x08016e64   0x08016e64   0x00000012   Code   RO          892    .text.exti_interrupt_flag_get  gd32f4xx_exti.o
    0x08016e76   0x08016e76   0x00000002   PAD
    0x08016e78   0x08016e78   0x0000012e   Code   RO          402    .text.getKey        ctrlbd.o
    0x08016fa6   0x08016fa6   0x00000002   PAD
    0x08016fa8   0x08016fa8   0x00000288   Code   RO          590    .text.getRespValue  resp_monitor.o
    0x08017230   0x08017230   0x000000d0   Code   RO          926    .text.gpio_af_set   gd32f4xx_gpio.o
    0x08017300   0x08017300   0x00000004   Code   RO          912    .text.gpio_bit_reset  gd32f4xx_gpio.o
    0x08017304   0x08017304   0x00000004   Code   RO          910    .text.gpio_bit_set  gd32f4xx_gpio.o
    0x08017308   0x08017308   0x0000000c   Code   RO          914    .text.gpio_bit_write  gd32f4xx_gpio.o
    0x08017314   0x08017314   0x0000000a   Code   RO          918    .text.gpio_input_bit_get  gd32f4xx_gpio.o
    0x0801731e   0x0801731e   0x00000002   PAD
    0x08017320   0x08017320   0x00000174   Code   RO          906    .text.gpio_mode_set  gd32f4xx_gpio.o
    0x08017494   0x08017494   0x000000d8   Code   RO          908    .text.gpio_output_options_set  gd32f4xx_gpio.o
    0x0801756c   0x0801756c   0x000001ac   Code   RO          315    .text.init12Lead    12lead.o
    0x08017718   0x08017718   0x000000ac   Code   RO          620    .text.initCOM       uart.o
    0x080177c4   0x080177c4   0x00000254   Code   RO          392    .text.initKeyBoard  ctrlbd.o
    0x08017a18   0x08017a18   0x00000086   Code   RO          364    .text.initPressure  pressure.o
    0x08017a9e   0x08017a9e   0x00000002   PAD
    0x08017aa0   0x08017aa0   0x000001fa   Code   RO          477    .text.initPrinter   printer.o
    0x08017c9a   0x08017c9a   0x00000002   PAD
    0x08017c9c   0x08017c9c   0x00000398   Code   RO          280    .text.judgeresp     respjudge.o
    0x08018034   0x08018034   0x000000ce   Code   RO          235    .text.keyHandler    appmanager.o
    0x08018102   0x08018102   0x00000002   PAD
    0x08018104   0x08018104   0x000000c0   Code   RO          408    .text.lineHIGH      ctrlbd.o
    0x080181c4   0x080181c4   0x00000274   Code   RO           23    .text.main          main.o
    0x08018438   0x08018438   0x000001bc   Code   RO          567    .text.monecgInit    ecg_monitor.o
    0x080185f4   0x080185f4   0x000000c6   Code   RO          569    .text.monecg_REG    ecg_monitor.o
    0x080186ba   0x080186ba   0x00000006   PAD
    0x080186c0   0x080186c0   0x00000904   Code   RO          573    .text.monitor_GetmV  ecg_monitor.o
    0x08018fc4   0x08018fc4   0x000000ae   Code   RO         1028    .text.nvic_irq_enable  gd32f4xx_misc.o
    0x08019072   0x08019072   0x00000002   PAD
    0x08019074   0x08019074   0x00000014   Code   RO         1026    .text.nvic_priority_group_set  gd32f4xx_misc.o
    0x08019088   0x08019088   0x00000072   Code   RO          481    .text.paperBack     printer.o
    0x080190fa   0x080190fa   0x00000002   PAD
    0x080190fc   0x080190fc   0x00000070   Code   RO          483    .text.paperStep     printer.o
    0x0801916c   0x0801916c   0x00000026   Code   RO          485    .text.paperStop     printer.o
    0x08019192   0x08019192   0x00000002   PAD
    0x08019194   0x08019194   0x00000012   Code   RO         1881    .text.pmu_backup_write_enable  gd32f4xx_pmu.o
    0x080191a6   0x080191a6   0x00000002   PAD
    0x080191a8   0x080191a8   0x00000344   Code   RO          368    .text.pressValue    pressure.o
    0x080194ec   0x080194ec   0x0000041c   Code   RO          479    .text.printLine     printer.o
    0x08019908   0x08019908   0x000000c0   Code   RO         1130    .text.rcu_clock_freq_get  gd32f4xx_rcu.o
    0x080199c8   0x080199c8   0x0000001e   Code   RO         1106    .text.rcu_osci_on   gd32f4xx_rcu.o
    0x080199e6   0x080199e6   0x00000002   PAD
    0x080199e8   0x080199e8   0x00000212   Code   RO         1050    .text.rcu_osci_stab_wait  gd32f4xx_rcu.o
    0x08019bfa   0x08019bfa   0x00000002   PAD
    0x08019bfc   0x08019bfc   0x0000001e   Code   RO         1052    .text.rcu_periph_clock_enable  gd32f4xx_rcu.o
    0x08019c1a   0x08019c1a   0x00000002   PAD
    0x08019c1c   0x08019c1c   0x00000020   Code   RO         1062    .text.rcu_periph_reset_disable  gd32f4xx_rcu.o
    0x08019c3c   0x08019c3c   0x0000001e   Code   RO         1060    .text.rcu_periph_reset_enable  gd32f4xx_rcu.o
    0x08019c5a   0x08019c5a   0x00000002   PAD
    0x08019c5c   0x08019c5c   0x00000074   Code   RO         1086    .text.rcu_pllsai_config  gd32f4xx_rcu.o
    0x08019cd0   0x08019cd0   0x00000014   Code   RO         1088    .text.rcu_rtc_clock_config  gd32f4xx_rcu.o
    0x08019ce4   0x08019ce4   0x00000022   Code   RO         1098    .text.rcu_timer_clock_prescaler_config  gd32f4xx_rcu.o
    0x08019d06   0x08019d06   0x00000002   PAD
    0x08019d08   0x08019d08   0x00000156   Code   RO          294    .text.readnibp      nibpsolve.o
    0x08019e5e   0x08019e5e   0x00000002   PAD
    0x08019e60   0x08019e60   0x000001dc   Code   RO          584    .text.respmonInit   resp_monitor.o
    0x0801a03c   0x0801a03c   0x000000c6   Code   RO          586    .text.respmon_REG   resp_monitor.o
    0x0801a102   0x0801a102   0x00000002   PAD
    0x0801a104   0x0801a104   0x000000c0   Code   RO          406    .text.rowHIGH       ctrlbd.o
    0x0801a1c4   0x0801a1c4   0x00000072   Code   RO          605    .text.rtc_config    bsp_rtc.o
    0x0801a236   0x0801a236   0x00000002   PAD
    0x0801a238   0x0801a238   0x0000005c   Code   RO         1161    .text.rtc_current_time_get  gd32f4xx_rtc.o
    0x0801a294   0x0801a294   0x000001a0   Code   RO         1157    .text.rtc_init      gd32f4xx_rtc.o
    0x0801a434   0x0801a434   0x0000009c   Code   RO         1155    .text.rtc_register_sync_wait  gd32f4xx_rtc.o
    0x0801a4d0   0x0801a4d0   0x00002f08   Code   RO          259    .text.solveecg10s   ecgjudge.o
    0x0801d3d8   0x0801d3d8   0x000008a4   Code   RO          292    .text.solvenibp     nibpsolve.o
    0x0801dc7c   0x0801dc7c   0x0000000a   Code   RO         1349    .text.spi_enable    gd32f4xx_spi.o
    0x0801dc86   0x0801dc86   0x00000002   PAD
    0x0801dc88   0x0801dc88   0x00000006   Code   RO         1377    .text.spi_i2s_data_receive  gd32f4xx_spi.o
    0x0801dc8e   0x0801dc8e   0x00000002   PAD
    0x0801dc90   0x0801dc90   0x00000004   Code   RO         1375    .text.spi_i2s_data_transmit  gd32f4xx_spi.o
    0x0801dc94   0x0801dc94   0x0000000a   Code   RO         1415    .text.spi_i2s_flag_get  gd32f4xx_spi.o
    0x0801dc9e   0x0801dc9e   0x00000002   PAD
    0x0801dca0   0x0801dca0   0x00000034   Code   RO         1347    .text.spi_init      gd32f4xx_spi.o
    0x0801dcd4   0x0801dcd4   0x00000052   Code   RO         1439    .text.syscfg_exti_line_config  gd32f4xx_syscfg.o
    0x0801dd26   0x0801dd26   0x00000002   PAD
    0x0801dd28   0x0801dd28   0x0000004a   Code   RO           48    .text.systick_config  systick.o
    0x0801dd72   0x0801dd72   0x00000002   PAD
    0x0801dd74   0x0801dd74   0x00000084   Code   RO          366    .text.testReset     pressure.o
    0x0801ddf8   0x0801ddf8   0x0000000a   Code   RO         1465    .text.timer_auto_reload_shadow_enable  gd32f4xx_timer.o
    0x0801de02   0x0801de02   0x00000002   PAD
    0x0801de04   0x0801de04   0x0000015a   Code   RO         1455    .text.timer_deinit  gd32f4xx_timer.o
    0x0801df5e   0x0801df5e   0x00000002   PAD
    0x0801df60   0x0801df60   0x0000000a   Code   RO         1461    .text.timer_enable  gd32f4xx_timer.o
    0x0801df6a   0x0801df6a   0x00000002   PAD
    0x0801df6c   0x0801df6c   0x00000006   Code   RO         1589    .text.timer_flag_clear  gd32f4xx_timer.o
    0x0801df72   0x0801df72   0x00000002   PAD
    0x0801df74   0x0801df74   0x000000aa   Code   RO         1459    .text.timer_init    gd32f4xx_timer.o
    0x0801e01e   0x0801e01e   0x00000002   PAD
    0x0801e020   0x0801e020   0x00000008   Code   RO         1591    .text.timer_interrupt_enable  gd32f4xx_timer.o
    0x0801e028   0x0801e028   0x00000006   Code   RO         1597    .text.timer_interrupt_flag_clear  gd32f4xx_timer.o
    0x0801e02e   0x0801e02e   0x00000002   PAD
    0x0801e030   0x0801e030   0x00000016   Code   RO         1595    .text.timer_interrupt_flag_get  gd32f4xx_timer.o
    0x0801e046   0x0801e046   0x00000002   PAD
    0x0801e048   0x0801e048   0x00000010   Code   RO         1457    .text.timer_struct_para_init  gd32f4xx_timer.o
    0x0801e058   0x0801e058   0x0000001a   Code   RO         1613    .text.tli_dither_config  gd32f4xx_tli.o
    0x0801e072   0x0801e072   0x00000002   PAD
    0x0801e074   0x0801e074   0x00000012   Code   RO         1615    .text.tli_enable    gd32f4xx_tli.o
    0x0801e086   0x0801e086   0x00000002   PAD
    0x0801e088   0x0801e088   0x00000094   Code   RO         1611    .text.tli_init      gd32f4xx_tli.o
    0x0801e11c   0x0801e11c   0x0000000e   Code   RO         1635    .text.tli_layer_disable  gd32f4xx_tli.o
    0x0801e12a   0x0801e12a   0x00000002   PAD
    0x0801e12c   0x0801e12c   0x0000000e   Code   RO         1633    .text.tli_layer_enable  gd32f4xx_tli.o
    0x0801e13a   0x0801e13a   0x00000002   PAD
    0x0801e13c   0x0801e13c   0x000000c0   Code   RO         1623    .text.tli_layer_init  gd32f4xx_tli.o
    0x0801e1fc   0x0801e1fc   0x00000022   Code   RO         1621    .text.tli_layer_struct_para_init  gd32f4xx_tli.o
    0x0801e21e   0x0801e21e   0x00000002   PAD
    0x0801e220   0x0801e220   0x0000000e   Code   RO         1641    .text.tli_lut_enable  gd32f4xx_tli.o
    0x0801e22e   0x0801e22e   0x00000002   PAD
    0x0801e230   0x0801e230   0x00000018   Code   RO         1629    .text.tli_lut_init  gd32f4xx_tli.o
    0x0801e248   0x0801e248   0x0000001a   Code   RO         1619    .text.tli_reload_config  gd32f4xx_tli.o
    0x0801e262   0x0801e262   0x00000002   PAD
    0x0801e264   0x0801e264   0x0000000a   Code   RO         1609    .text.tli_struct_para_init  gd32f4xx_tli.o
    0x0801e26e   0x0801e26e   0x00000002   PAD
    0x0801e270   0x0801e270   0x000000d2   Code   RO         1669    .text.usart_baudrate_set  gd32f4xx_usart.o
    0x0801e342   0x0801e342   0x00000002   PAD
    0x0801e344   0x0801e344   0x00000008   Code   RO         1699    .text.usart_data_transmit  gd32f4xx_usart.o
    0x0801e34c   0x0801e34c   0x000000d2   Code   RO         1667    .text.usart_deinit  gd32f4xx_usart.o
    0x0801e41e   0x0801e41e   0x00000002   PAD
    0x0801e420   0x0801e420   0x0000000a   Code   RO         1677    .text.usart_enable  gd32f4xx_usart.o
    0x0801e42a   0x0801e42a   0x00000002   PAD
    0x0801e42c   0x0801e42c   0x00000010   Code   RO         1765    .text.usart_flag_get  gd32f4xx_usart.o
    0x0801e43c   0x0801e43c   0x00000010   Code   RO         1671    .text.usart_parity_config  gd32f4xx_usart.o
    0x0801e44c   0x0801e44c   0x00000010   Code   RO         1675    .text.usart_stop_bit_set  gd32f4xx_usart.o
    0x0801e45c   0x0801e45c   0x0000000c   Code   RO         1681    .text.usart_transmit_config  gd32f4xx_usart.o
    0x0801e468   0x0801e468   0x00000010   Code   RO         1673    .text.usart_word_length_set  gd32f4xx_usart.o
    0x0801e478   0x0801e478   0x0000003e   Code   RO         2386    CL$$btod_d2e        c_w.l(btod.o)
    0x0801e4b6   0x0801e4b6   0x00000046   Code   RO         2388    CL$$btod_d2e_denorm_low  c_w.l(btod.o)
    0x0801e4fc   0x0801e4fc   0x00000060   Code   RO         2387    CL$$btod_d2e_norm_op1  c_w.l(btod.o)
    0x0801e55c   0x0801e55c   0x00000338   Code   RO         2396    CL$$btod_div_common  c_w.l(btod.o)
    0x0801e894   0x0801e894   0x000000dc   Code   RO         2393    CL$$btod_e2e        c_w.l(btod.o)
    0x0801e970   0x0801e970   0x0000002a   Code   RO         2390    CL$$btod_ediv       c_w.l(btod.o)
    0x0801e99a   0x0801e99a   0x0000002a   Code   RO         2389    CL$$btod_emul       c_w.l(btod.o)
    0x0801e9c4   0x0801e9c4   0x00000244   Code   RO         2395    CL$$btod_mult_common  c_w.l(btod.o)
    0x0801ec08   0x0801ec08   0x00000030   Code   RO         2349    i.__ARM_fpclassify  m_wm.l(fpclassify.o)
    0x0801ec38   0x0801ec38   0x000002d8   Code   RO         2274    i.__hardfp_atan     m_wm.l(atan.o)
    0x0801ef10   0x0801ef10   0x000000f8   Code   RO         2351    i.__kernel_poly     m_wm.l(poly.o)
    0x0801f008   0x0801f008   0x00000014   Code   RO         2330    i.__mathlib_dbl_infnan  m_wm.l(dunder.o)
    0x0801f01c   0x0801f01c   0x00000004   PAD
    0x0801f020   0x0801f020   0x00000020   Code   RO         2335    i.__mathlib_dbl_underflow  m_wm.l(dunder.o)
    0x0801f040   0x0801f040   0x0000000e   Code   RO         2201    i._is_digit         c_w.l(__printf_wp.o)
    0x0801f04e   0x0801f04e   0x00000018   Code   RO         2345    i.fabs              m_wm.l(fabs.o)
    0x0801f066   0x0801f066   0x00000002   PAD
    0x0801f068   0x0801f068   0x0000002c   Code   RO         2425    locale$$code        c_w.l(lc_numeric_c.o)
    0x0801f094   0x0801f094   0x0000002c   Code   RO         2513    locale$$code        c_w.l(lc_ctype_c.o)
    0x0801f0c0   0x0801f0c0   0x00000018   Code   RO         2312    x$fpl$basic         fz_wm.l(basic.o)
    0x0801f0d8   0x0801f0d8   0x00000062   Code   RO         2244    x$fpl$d2f           fz_wm.l(d2f.o)
    0x0801f13a   0x0801f13a   0x00000002   PAD
    0x0801f13c   0x0801f13c   0x00000150   Code   RO         2246    x$fpl$dadd          fz_wm.l(daddsub_clz.o)
    0x0801f28c   0x0801f28c   0x00000018   Code   RO         2427    x$fpl$dcmpinf       fz_wm.l(dcmpi.o)
    0x0801f2a4   0x0801f2a4   0x000002b8   Code   RO         2255    x$fpl$ddiv          fz_wm.l(ddiv.o)
    0x0801f55c   0x0801f55c   0x00000078   Code   RO         2314    x$fpl$deqf          fz_wm.l(deqf.o)
    0x0801f5d4   0x0801f5d4   0x0000005e   Code   RO         2258    x$fpl$dfix          fz_wm.l(dfix.o)
    0x0801f632   0x0801f632   0x0000002e   Code   RO         2263    x$fpl$dflt          fz_wm.l(dflt_clz.o)
    0x0801f660   0x0801f660   0x00000078   Code   RO         2316    x$fpl$dgeqf         fz_wm.l(dgeqf.o)
    0x0801f6d8   0x0801f6d8   0x00000078   Code   RO         2318    x$fpl$dleqf         fz_wm.l(dleqf.o)
    0x0801f750   0x0801f750   0x00000154   Code   RO         2268    x$fpl$dmul          fz_wm.l(dmul.o)
    0x0801f8a4   0x0801f8a4   0x0000009c   Code   RO         2320    x$fpl$dnaninf       fz_wm.l(dnaninf.o)
    0x0801f940   0x0801f940   0x0000000c   Code   RO         2322    x$fpl$dretinf       fz_wm.l(dretinf.o)
    0x0801f94c   0x0801f94c   0x00000016   Code   RO         2247    x$fpl$drsb          fz_wm.l(daddsub_clz.o)
    0x0801f962   0x0801f962   0x00000002   PAD
    0x0801f964   0x0801f964   0x000001dc   Code   RO         2248    x$fpl$dsub          fz_wm.l(daddsub_clz.o)
    0x0801fb40   0x0801fb40   0x00000056   Code   RO         2270    x$fpl$f2d           fz_wm.l(f2d.o)
    0x0801fb96   0x0801fb96   0x00000054   Code   RO         2252    x$fpl$fcmp          fz_wm.l(dcmp.o)
    0x0801fbea   0x0801fbea   0x0000008c   Code   RO         2324    x$fpl$fnaninf       fz_wm.l(fnaninf.o)
    0x0801fc76   0x0801fc76   0x0000001a   Code   RO         2653    x$fpl$fpinit        fz_wm.l(fpinit.o)
    0x0801fc90   0x0801fc90   0x0000000a   Code   RO         2326    x$fpl$fretinf       fz_wm.l(fretinf.o)
    0x0801fc9a   0x0801fc9a   0x00000004   Code   RO         2272    x$fpl$printf1       fz_wm.l(printf1.o)
    0x0801fc9e   0x0801fc9e   0x00000000   Code   RO         2328    x$fpl$usenofp       fz_wm.l(usenofp.o)
    0x0801fc9e   0x0801fc9e   0x00000002   PAD
    0x0801fca0   0x0801fca0   0x00000008   Data   RO         2162    .constdata          c_w.l(_printf_wctomb.o)
    0x0801fca8   0x0801fca8   0x00000028   Data   RO         2183    .constdata          c_w.l(_printf_hex_int_ptr.o)
    0x0801fcd0   0x0801fcd0   0x00000011   Data   RO         2209    .constdata          c_w.l(__printf_flags_ss_wp.o)
    0x0801fce1   0x0801fce1   0x00000007   PAD
    0x0801fce8   0x0801fce8   0x00000098   Data   RO         2277    .constdata          m_wm.l(atan.o)
    0x0801fd80   0x0801fd80   0x00000094   Data   RO         2384    .constdata          c_w.l(bigflt0.o)
    0x0801fe14   0x0801fe14   0x00000474   Data   RO          450    .rodata.asc2_1206   screen_basic.o
    0x08020288   0x08020288   0x000005a0   Data   RO          453    .rodata.asc2_1206c  screen_basic.o
    0x08020828   0x08020828   0x000005f0   Data   RO          451    .rodata.asc2_1608   screen_basic.o
    0x08020e18   0x08020e18   0x00000780   Data   RO          454    .rodata.asc2_1608c  screen_basic.o
    0x08021598   0x08021598   0x00000d5c   Data   RO          452    .rodata.asc2_2412   screen_basic.o
    0x080222f4   0x080222f4   0x000010e0   Data   RO          455    .rodata.asc2_2412c  screen_basic.o
    0x080233d4   0x080233d4   0x000006c0   Data   RO          456    .rodata.asc2_4824   screen_basic.o
    0x08023a94   0x08023a94   0x00000010   Data   RO          130    .rodata.cst16       segger_rtt.o
    0x08023aa4   0x08023aa4   0x00000008   Data   RO         1142    .rodata.cst8        gd32f4xx_rcu.o
    0x08023aac   0x08023aac   0x0000043b   Data   RO           35    .rodata.str1.1      main.o
    0x08023ee7   0x08023ee7   0x00000009   Data   RO          131    .rodata.str1.1      segger_rtt.o
    0x08023ef0   0x08023ef0   0x00000068   Data   RO          190    .rodata.str1.1      monitor.o
    0x08023f58   0x08023f58   0x00000095   Data   RO          209    .rodata.str1.1      12leadapp.o
    0x08023fed   0x08023fed   0x0000002e   Data   RO          302    .rodata.str1.1      nibpsolve.o
    0x0802401b   0x0802401b   0x0000001f   Data   RO          411    .rodata.str1.1      ctrlbd.o
    0x0802403a   0x0802403a   0x00000002   PAD
    0x0802403c   0x0802403c   0x00000010   Data   RO          496    .rodata.str4.4      printer.o
    0x0802404c   0x0802404c   0x00000040   Data   RO         2747    Region$$Table       anon$$obj.o
    0x0802408c   0x0802408c   0x0000001c   Data   RO         2424    locale$$data        c_w.l(lc_numeric_c.o)
    0x080240a8   0x080240a8   0x00000110   Data   RO         2512    locale$$data        c_w.l(lc_ctype_c.o)


    Execution Region RW_IRAM2 (Exec base: 0x10000000, Load base: 0x080241f8, Size: 0x0000f9a0, Max: 0x00010000, ABSOLUTE, COMPRESSED[0x000000e0])

    Exec Addr    Load Addr    Size         Type   Attr      Idx    E Section Name        Object

    0x10000000   COMPRESSED   0x00000008   Data   RW          305    .data..L_MergedGlobals  nibpsolve.o
    0x10000008   COMPRESSED   0x00000008   Data   RW          497    .data..L_MergedGlobals  printer.o
    0x10000010   COMPRESSED   0x00000002   Data   RW          457    .data.BACK_COLOR    screen_basic.o
    0x10000012   COMPRESSED   0x000006c0   Data   RW          494    .data.dprintBuffer  printer.o
    0x100006d2   COMPRESSED   0x00000002   PAD
    0x100006d4   COMPRESSED   0x00000004   Data   RW          282    .data.resp_s_RR     respjudge.o
    0x100006d8        -       0x00000060   Zero   RW         2435    .bss                c_w.l(libspace.o)
    0x10000738        -       0x00000018   Zero   RW          178    .bss..L_MergedGlobals  timer.o
    0x10000750        -       0x00000002   Zero   RW          240    .bss..L_MergedGlobals  appmanager.o
    0x10000752   COMPRESSED   0x00000002   PAD
    0x10000754        -       0x00000018   Zero   RW          284    .bss..L_MergedGlobals  respjudge.o
    0x1000076c        -       0x00000006   Zero   RW          413    .bss..L_MergedGlobals  ctrlbd.o
    0x10000772   COMPRESSED   0x00000002   PAD
    0x10000774        -       0x00000014   Zero   RW          466    .bss..L_MergedGlobals  screen_basic.o
    0x10000788        -       0x00000044   Zero   RW          593    .bss..L_MergedGlobals  resp_monitor.o
    0x100007cc        -       0x0000007c   Zero   RW          353    .bss..L_MergedGlobals.1  12lead.o
    0x10000848        -       0x0000000c   Zero   RW          498    .bss..L_MergedGlobals.1  printer.o
    0x10000854   COMPRESSED   0x00000004   PAD
    0x10000858        -       0x0000007a   Zero   RW          533    .bss..L_MergedGlobals.1  spo2.o
    0x100008d2   COMPRESSED   0x00000002   PAD
    0x100008d4        -       0x00000060   Zero   RW          306    .bss..L_MergedGlobals.5  nibpsolve.o
    0x10000934        -       0x0000007c   Zero   RW          223    .bss..L_MergedGlobals.52  12leadapp.o
    0x100009b0        -       0x00000070   Zero   RW          224    .bss..L_MergedGlobals.53  12leadapp.o
    0x10000a20        -       0x00000200   Zero   RW          132    .bss._acUpBuffer    segger_rtt.o
    0x10000c20        -       0x00000004   Zero   RW          575    .bss.jntm           ecg_monitor.o
    0x10000c24        -       0x00000078   Zero   RW          328    .bss.kl3            12lead.o
    0x10000c9c        -       0x00000078   Zero   RW          330    .bss.kv2            12lead.o
    0x10000d14        -       0x00000078   Zero   RW          332    .bss.kv4            12lead.o
    0x10000d8c        -       0x00000078   Zero   RW          334    .bss.kv6            12lead.o
    0x10000e04        -       0x00001900   Zero   RW          301    .bss.nibpvals       nibpsolve.o
    0x10002704        -       0x00001f40   Zero   RW          214    .bss.pavl           12leadapp.o
    0x10004644        -       0x00001f40   Zero   RW          212    .bss.pl3            12leadapp.o
    0x10006584        -       0x000000c8   Zero   RW          298    .bss.pointidx       nibpsolve.o
    0x1000664c        -       0x000000c8   Zero   RW          299    .bss.psspidx        nibpsolve.o
    0x10006714        -       0x00001f40   Zero   RW          216    .bss.pv1            12leadapp.o
    0x10008654        -       0x00001f40   Zero   RW          218    .bss.pv3            12leadapp.o
    0x1000a594        -       0x00001f40   Zero   RW          220    .bss.pv5            12leadapp.o
    0x1000c4d4        -       0x00000014   Zero   RW          611    .bss.rtc_initpara_time  bsp_rtc.o
    0x1000c4e8        -       0x00000040   Zero   RW          530    .bss.s_arrIRMaxValue  spo2.o
    0x1000c528        -       0x00000320   Zero   RW          527    .bss.s_arrREDCalData  spo2.o
    0x1000c848        -       0x00000001   Zero   RW          238    .bss.selectapp      appmanager.o
    0x1000c849   COMPRESSED   0x00000003   PAD
    0x1000c84c        -       0x00000e10   Zero   RW          266    .bss.solveecg10s.waveindexfx  ecgjudge.o
    0x1000d65c        -       0x00001f40   Zero   RW          268    .bss.spl2           ecgjudge.o
    0x1000f59c   COMPRESSED   0x00000004   PAD
    0x1000f5a0        -       0x00000400   Zero   RW         2128    STACK               startup_gd32f450_470.o


    Execution Region RW_IRAM1 (Exec base: 0x20000000, Load base: 0x080241b8, Size: 0x000af9a8, Max: 0x000b0000, ABSOLUTE)

    Exec Addr    Load Addr    Size         Type   Attr      Idx    E Section Name        Object

    0x20000000   0x080241b8   0x00000006   Data   RW          222    .data..L_MergedGlobals  12leadapp.o
    0x20000006   0x080241be   0x00000002   PAD
    0x20000008   0x080241c0   0x00000008   Data   RW          352    .data..L_MergedGlobals  12lead.o
    0x20000010   0x080241c8   0x00000014   Data   RW          532    .data..L_MergedGlobals  spo2.o
    0x20000024   0x080241dc   0x00000004   Data   RW         2120    .data.SystemCoreClock  system_gd32f4xx.o
    0x20000028   0x080241e0   0x00000004   Data   RW          239    .data.appret        appmanager.o
    0x2000002c   0x080241e4   0x00000010   Data   RW          263    .data.ncfgc         ecgjudge.o
    0x2000003c   0x080241f4   0x00000001   Data   RW          410    .data.scr           ctrlbd.o
    0x2000003d   0x080241f5   0x00000003   PAD
    0x20000040        -       0x00000009   Zero   RW          133    .bss..L_MergedGlobals  segger_rtt.o
    0x20000049   0x080241f5   0x00000003   PAD
    0x2000004c        -       0x0000004c   Zero   RW          191    .bss..L_MergedGlobals  monitor.o
    0x20000098        -       0x0000007c   Zero   RW          270    .bss..L_MergedGlobals  ecgjudge.o
    0x20000114   0x080241f5   0x00000004   PAD
    0x20000118        -       0x00000018   Zero   RW          271    .bss..L_MergedGlobals.1  ecgjudge.o
    0x20000130        -       0x0000007c   Zero   RW          354    .bss..L_MergedGlobals.2  12lead.o
    0x200001ac   0x080241f5   0x00000004   PAD
    0x200001b0        -       0x0000006a   Zero   RW          534    .bss..L_MergedGlobals.2  spo2.o
    0x2000021a   0x080241f5   0x00000002   PAD
    0x2000021c        -       0x00000077   Zero   RW          355    .bss..L_MergedGlobals.3  12lead.o
    0x20000293   0x080241f5   0x00000001   PAD
    0x20000294        -       0x00000060   Zero   RW          535    .bss..L_MergedGlobals.3  spo2.o
    0x200002f4        -       0x000000a8   Zero   RW          129    .bss._SEGGER_RTT    segger_rtt.o
    0x2000039c        -       0x0001f400   Zero   RW          495    .bss.a4buffer       printer.o
    0x2001f79c        -       0x00000004   Zero   RW           58    .bss.delay          systick.o
    0x2001f7a0        -       0x00000001   Zero   RW          237    .bss.destorysign    appmanager.o
    0x2001f7a1   0x080241f5   0x00000003   PAD
    0x2001f7a4        -       0x00000078   Zero   RW          327    .bss.kl2            12lead.o
    0x2001f81c        -       0x00000078   Zero   RW          329    .bss.kv1            12lead.o
    0x2001f894        -       0x00000078   Zero   RW          331    .bss.kv3            12lead.o
    0x2001f90c        -       0x00000078   Zero   RW          333    .bss.kv5            12lead.o
    0x2001f984        -       0x0005dc00   Zero   RW          461    .bss.ltdc_lcd_framebuf0  screen_basic.o
    0x2007d584        -       0x00000014   Zero   RW          296    .bss.nbphight_pass_filter  nibpsolve.o
    0x2007d598        -       0x00001f40   Zero   RW          215    .bss.pavf           12leadapp.o
    0x2007f4d8        -       0x00001f40   Zero   RW          213    .bss.pavr           12leadapp.o
    0x20081418        -       0x00001f40   Zero   RW          210    .bss.pl1            12leadapp.o
    0x20083358        -       0x00001f40   Zero   RW          211    .bss.pl2            12leadapp.o
    0x20085298        -       0x00001f40   Zero   RW          217    .bss.pv2            12leadapp.o
    0x200871d8        -       0x00001f40   Zero   RW          219    .bss.pv4            12leadapp.o
    0x20089118        -       0x00001f40   Zero   RW          208    .bss.pv6            12leadapp.o
    0x2008b058        -       0x00000118   Zero   RW          300    .bss.resultidx      nibpsolve.o
    0x2008b170        -       0x00000320   Zero   RW          528    .bss.s_arrIRCalData  spo2.o
    0x2008b490        -       0x00000040   Zero   RW          531    .bss.s_arrIRMinValue  spo2.o
    0x2008b4d0        -       0x00000040   Zero   RW          529    .bss.s_arrREDMinValue  spo2.o
    0x2008b510        -       0x0001b580   Zero   RW          221    .bss.sidebar12      12leadapp.o
    0x200a6a90        -       0x00003200   Zero   RW          297    .bss.slnibp         nibpsolve.o
    0x200a9c90        -       0x00001f40   Zero   RW          267    .bss.solveecg10s.clnix  ecgjudge.o
    0x200abbd0        -       0x00000e10   Zero   RW          265    .bss.solveecg10s.waveindex  ecgjudge.o
    0x200ac9e0        -       0x00001f40   Zero   RW          283    .bss.spresp         respjudge.o
    0x200ae920        -       0x00000004   Zero   RW          493    .bss.step           printer.o
    0x200ae924        -       0x00000c80   Zero   RW          264    .bss.waveindexfxnew  ecgjudge.o
    0x200af5a4   0x080241f5   0x00000004   PAD
    0x200af5a8        -       0x00000400   Zero   RW         2129    HEAP                startup_gd32f450_470.o


==============================================================================

Image component sizes


      Code (inc. data)   RO Data    RW Data    ZI Data      Debug   Object Name

      5594         72          0          8       1327      10626   12lead.o
     31942        388        149          6     208236      38272   12leadapp.o
       222          0          0          0          0       2447   adc.o
       394         22          0          4          4       1404   appmanager.o
       214          0          0          0         20       6442   bsp_rtc.o
      1866        198         31          1          6       6986   ctrlbd.o
       134          0          0          0          0       2359   dac.o
      3004         68          0          0          4       5197   ecg_monitor.o
     12256        128          0         16      26548      31156   ecgjudge.o
       680          0          0          0          0      12077   gd32f4xx_adc.o
       210          0          0          0          0       8248   gd32f4xx_dac.o
       176          0          0          0          0       3296   gd32f4xx_exti.o
       826          0          0          0          0       5857   gd32f4xx_gpio.o
        16          0          0          0          0        905   gd32f4xx_it.o
       194          0          0          0          0       3708   gd32f4xx_misc.o
        18          0          0          0          0       6165   gd32f4xx_pmu.o
      1014         50          8          0          0      20596   gd32f4xx_rcu.o
       664          0          0          0          0      17575   gd32f4xx_rtc.o
        82          0          0          0          0       9583   gd32f4xx_spi.o
        82          6          0          0          0       3858   gd32f4xx_syscfg.o
       594          0          0          0          0      21220   gd32f4xx_timer.o
       520          0          0          0          0       8238   gd32f4xx_tli.o
       514          0          0          0          0      13467   gd32f4xx_usart.o
       628        148       1083          0          0       8573   main.o
     24616        546        104          0         76      29465   monitor.o
      2554        112         46          8      19996       6077   nibpsolve.o
      2346        100          0          0          0       5218   pressure.o
      2166          0         16       1736     128016       5502   printer.o
      1376         24          0          0         68       4713   resp_monitor.o
       920          8          0          4       8024       2493   respjudge.o
      9672          0      15488          2     384020      32133   screen_basic.o
      1186          0         25          0        689      32325   segger_rtt.o
      2142        120          0          0          0       9214   segger_rtt_printf.o
      8718         86          0         20       2116      21638   spo2.o
        64         26        428          0       2048        940   startup_gd32f450_470.o
       524          0          0          4          0       2907   system_gd32f4xx.o
       178          0          0          0          4       4796   systick.o
       274          0          0          0         24       5783   timer.o
       230          0          0          0          0       2902   uart.o

    ----------------------------------------------------------------------
    119020       2110      17444       1816     781264     414361   Object Totals
         0          0         64          0          0          0   (incl. Generated)
       210          8          2          7         38          0   (incl. Padding)

    ----------------------------------------------------------------------

      Code (inc. data)   RO Data    RW Data    ZI Data      Debug   Library Member Name

        90          0          0          0          0          0   __dczerorl2.o
         8          0          0          0          0         68   __main.o
       392          4         17          0          0         92   __printf_flags_ss_wp.o
        14          0          0          0          0         68   __printf_wp.o
         0          0          0          0          0          0   __rtentry.o
        12          0          0          0          0          0   __rtentry2.o
         6          0          0          0          0          0   __rtentry4.o
        94          8          0          0          0          0   __scatter.o
        26          0          0          0          0          0   __scatter_copy.o
        28          0          0          0          0          0   __scatter_zi.o
        72          0          0          0          0         96   _c16rtomb.o
         6          0          0          0          0          0   _printf_c.o
        44          0          0          0          0        108   _printf_char.o
        48          6          0          0          0         96   _printf_char_common.o
        40          0          0          0          0         68   _printf_charcount.o
         6          0          0          0          0          0   _printf_d.o
       120         16          0          0          0         92   _printf_dec.o
         6          0          0          0          0          0   _printf_f.o
      1052          0          0          0          0        148   _printf_fp_dec.o
       128         16          0          0          0         84   _printf_fp_infnan.o
       124          4         40          0          0        144   _printf_hex_int_ptr.o
         6          0          0          0          0          0   _printf_i.o
       178          0          0          0          0         88   _printf_intcommon.o
        10          0          0          0          0          0   _printf_l.o
         6          0          0          0          0          0   _printf_lc.o
         6          0          0          0          0          0   _printf_ls.o
         6          0          0          0          0          0   _printf_n.o
         6          0          0          0          0          0   _printf_o.o
        84         10          0          0          0         88   _printf_oct_int.o
         6          0          0          0          0          0   _printf_p.o
        78          0          0          0          0        108   _printf_pad.o
         0          0          0          0          0          0   _printf_percent.o
         4          0          0          0          0          0   _printf_percent_end.o
         6          0          0          0          0          0   _printf_s.o
        82          0          0          0          0         80   _printf_str.o
        36          0          0          0          0         84   _printf_truncate.o
         6          0          0          0          0          0   _printf_u.o
        44          0          0          0          0        108   _printf_wchar.o
       188          6          8          0          0         92   _printf_wctomb.o
         6          0          0          0          0          0   _printf_x.o
        10          0          0          0          0         68   _sputc.o
        16          0          0          0          0         68   aeabi_memset4.o
       228          4        148          0          0         96   bigflt0.o
      1936        128          0          0          0        668   btod.o
        18          0          0          0          0         80   exit.o
         6          0          0          0          0        152   heapauxi.o
         0          0          0          0          0          0   indicate_semi.o
        44         10        272          0          0         76   lc_ctype_c.o
        44         10         28          0          0         76   lc_numeric_c.o
         2          0          0          0          0          0   libinit.o
        34          0          0          0          0          0   libinit2.o
         2          0          0          0          0          0   libshutdown.o
         2          0          0          0          0          0   libshutdown2.o
         8          4          0          0         96         68   libspace.o
       138          0          0          0          0         80   lludiv10.o
       240          0          0          0          0        100   lludivv7m.o
        40          6          0          0          0         84   noretval__2sprintf.o
        16          4          0          0          0         76   rt_ctype_table.o
         8          4          0          0          0         68   rt_locale_intlibspace.o
        68          0          0          0          0         68   rt_memclr.o
        78          0          0          0          0         80   rt_memclr_w.o
       138          0          0          0          0         68   rt_memcpy_v6.o
       100          0          0          0          0         80   rt_memcpy_w.o
       122          0          0          0          0         80   rt_memmove_w.o
         2          0          0          0          0          0   rtexit.o
        10          0          0          0          0          0   rtexit2.o
       124          0          0          0          0         88   strcmpv7em.o
        12          4          0          0          0         68   sys_exit.o
        74          0          0          0          0         80   sys_stackheap_outer.o
         2          0          0          0          0         68   use_no_semi.o
        24          0          0          0          0        164   basic.o
        98          4          0          0          0        140   d2f.o
       834         16          0          0          0        516   daddsub_clz.o
        84          0          0          0          0        244   dcmp.o
        24          0          0          0          0        116   dcmpi.o
       696        140          0          0          0        264   ddiv.o
       120          4          0          0          0        140   deqf.o
        94          4          0          0          0        140   dfix.o
        46          0          0          0          0        116   dflt_clz.o
       120          4          0          0          0        140   dgeqf.o
       120          4          0          0          0        140   dleqf.o
       340         12          0          0          0        152   dmul.o
       156          4          0          0          0        140   dnaninf.o
        12          0          0          0          0        116   dretinf.o
        86          4          0          0          0        132   f2d.o
       140          4          0          0          0        132   fnaninf.o
        26          0          0          0          0        116   fpinit.o
        10          0          0          0          0        116   fretinf.o
         4          0          0          0          0        116   printf1.o
         0          0          0          0          0          0   usenofp.o
       728        106        152          0          0        228   atan.o
        52          8          0          0          0        248   dunder.o
        24          0          0          0          0        124   fabs.o
        48          0          0          0          0        124   fpclassify.o
       248          0          0          0          0        152   poly.o

    ----------------------------------------------------------------------
     10760        558        672          0         96       8168   Library Totals
        30          0          7          0          0          0   (incl. Padding)

    ----------------------------------------------------------------------

      Code (inc. data)   RO Data    RW Data    ZI Data      Debug   Library Name

      6596        244        513          0         96       4152   c_w.l
      3034        200          0          0          0       3140   fz_wm.l
      1100        114        152          0          0        876   m_wm.l

    ----------------------------------------------------------------------
     10760        558        672          0         96       8168   Library Totals

    ----------------------------------------------------------------------

==============================================================================


      Code (inc. data)   RO Data    RW Data    ZI Data      Debug   

    129780       2668      18116       1816     781360     417137   Grand Totals
    129780       2668      18116        288     781360     417137   ELF Image Totals (compressed)
    129780       2668      18116        288          0          0   ROM Totals

==============================================================================

    Total RO  Size (Code + RO Data)               147896 ( 144.43kB)
    Total RW  Size (RW Data + ZI Data)            783176 ( 764.82kB)
    Total ROM Size (Code + RO Data + RW Data)     148184 ( 144.71kB)

==============================================================================

