#! /usr/local/iverilog/bin/vvp
:ivl_version "11.0 (devel)" "(s20150603-642-g3bdb50da)";
:ivl_delay_selection "TYPICAL";
:vpi_time_precision - 10;
:vpi_module "system";
:vpi_module "vhdl_sys";
:vpi_module "vhdl_textio";
:vpi_module "v2005_math";
:vpi_module "va_math";
S_0000000001008980 .scope module, "osc_btn_operation_tb" "osc_btn_operation_tb" 2 12;
 .timescale -9 -10;
v00000000010af100_0 .var "btn_done", 0 0;
v00000000010af4c0_0 .var "btn_left", 0 0;
v00000000010af9c0_0 .var "btn_right", 0 0;
v00000000010af560_0 .var "btn_sure", 0 0;
v00000000010af1a0_0 .var "btn_up", 0 0;
v00000000010af880_0 .var "ch1_gain_btn", 0 0;
v00000000010b0320_0 .net "ch1_gain_para", 3 0, v00000000010afce0_0;  1 drivers
v00000000010b03c0_0 .var "ch1_offset_btn", 0 0;
v00000000010b1fc0_0 .net "ch1_offset_para", 3 0, v00000000010b0a00_0;  1 drivers
v00000000010b2f60_0 .var "ch2_gain_btn", 0 0;
v00000000010b3000_0 .net "ch2_gain_para", 3 0, v00000000010b0f00_0;  1 drivers
v00000000010b1980_0 .var "ch2_offset_btn", 0 0;
v00000000010b2880_0 .net "ch2_offset_para", 3 0, v00000000010b0aa0_0;  1 drivers
v00000000010b2ce0_0 .var "osc_freq_btn", 0 0;
v00000000010b2d80_0 .var "osc_time_btn", 0 0;
v00000000010b1700_0 .var "swg_amp_btn", 0 0;
v00000000010b1520_0 .net "swg_amp_para", 3 0, v00000000010b0780_0;  1 drivers
v00000000010b1840_0 .var "swg_freq_btn", 0 0;
v00000000010b17a0_0 .net "swg_freq_para", 3 0, v00000000010b0820_0;  1 drivers
v00000000010b2380_0 .var "swg_wave_btn", 0 0;
v00000000010b3280_0 .net "swg_wave_para", 3 0, v00000000010b0140_0;  1 drivers
v00000000010b1660_0 .var "sys_clk_50m", 0 0;
v00000000010b30a0_0 .var "sys_rst_n", 0 0;
S_0000000001039a50 .scope module, "osc_btn_operation_init" "osc_btn_operation" 2 42, 3 23 0, S_0000000001008980;
 .timescale -9 -10;
    .port_info 0 /INPUT 1 "sys_clk_50m";
    .port_info 1 /INPUT 1 "sys_rst_n";
    .port_info 2 /INPUT 1 "btn_up";
    .port_info 3 /INPUT 1 "btn_done";
    .port_info 4 /INPUT 1 "btn_left";
    .port_info 5 /INPUT 1 "btn_right";
    .port_info 6 /INPUT 1 "btn_sure";
    .port_info 7 /INPUT 1 "osc_freq_btn";
    .port_info 8 /INPUT 1 "osc_time_btn";
    .port_info 9 /INPUT 1 "ch1_offset_btn";
    .port_info 10 /INPUT 1 "ch1_gain_btn";
    .port_info 11 /INPUT 1 "ch2_offset_btn";
    .port_info 12 /INPUT 1 "ch2_gain_btn";
    .port_info 13 /INPUT 1 "swg_wave_btn";
    .port_info 14 /INPUT 1 "swg_freq_btn";
    .port_info 15 /INPUT 1 "swg_amp_btn";
    .port_info 16 /OUTPUT 4 "swg_wave_para";
    .port_info 17 /OUTPUT 4 "swg_freq_para";
    .port_info 18 /OUTPUT 4 "swg_amp_para";
    .port_info 19 /OUTPUT 4 "ch1_offset_para";
    .port_info 20 /OUTPUT 4 "ch2_offset_para";
    .port_info 21 /OUTPUT 4 "ch1_gain_para";
    .port_info 22 /OUTPUT 4 "ch2_gain_para";
P_0000000001039be0 .param/l "CHECK_FUNC_BTN" 0 3 65, C4<011>;
P_0000000001039c18 .param/l "IDLE" 0 3 62, C4<000>;
P_0000000001039c50 .param/l "TIME_10MS_MAX" 0 3 58, C4<000011110100001001000000>;
P_0000000001039c88 .param/l "TIME_200MS_MAX" 0 3 59, C4<01010>;
P_0000000001039cc0 .param/l "TIME_3S_MAX" 0 3 60, C4<010010110>;
P_0000000001039cf8 .param/l "WAIT_3S" 0 3 66, C4<100>;
P_0000000001039d30 .param/l "WAIT_DIR_200MS" 0 3 67, C4<101>;
P_0000000001039d68 .param/l "WAIT_FUNC_20MS" 0 3 64, C4<010>;
P_0000000001039da0 .param/l "WAIT_FUNC_BTN_DONE" 0 3 63, C4<001>;
L_00000000014e00d0 .functor BUFT 1, C4<1>, C4<0>, C4<0>, C4<0>;
L_0000000001047730 .functor AND 1, L_00000000010b2e20, L_00000000014e00d0, C4<1>, C4<1>;
L_00000000014e0160 .functor BUFT 1, C4<0>, C4<0>, C4<0>, C4<0>;
L_0000000001047650 .functor XNOR 1, v00000000010b0d20_0, L_00000000014e0160, C4<0>, C4<0>;
L_00000000010470a0 .functor AND 1, L_00000000010b2600, L_0000000001047650, C4<1>, C4<1>;
L_0000000001047340 .functor AND 1, L_00000000010b2a60, L_00000000010b22e0, C4<1>, C4<1>;
L_00000000014e0280 .functor BUFT 1, C4<0>, C4<0>, C4<0>, C4<0>;
L_00000000010479d0 .functor XNOR 1, v00000000010b0d20_0, L_00000000014e0280, C4<0>, C4<0>;
L_0000000001047110 .functor AND 1, L_00000000010b2ba0, L_00000000010479d0, C4<1>, C4<1>;
L_00000000014e0310 .functor BUFT 1, C4<1>, C4<0>, C4<0>, C4<0>;
L_0000000001047500 .functor XNOR 1, v00000000010b0d20_0, L_00000000014e0310, C4<0>, C4<0>;
L_0000000001047180 .functor AND 1, L_00000000010b1d40, L_0000000001047500, C4<1>, C4<1>;
L_00000000014e03a0 .functor BUFT 1, C4<0>, C4<0>, C4<0>, C4<0>;
L_0000000001047e30 .functor XNOR 1, v00000000010af600_0, L_00000000014e03a0, C4<0>, C4<0>;
L_00000000010471f0 .functor AND 1, L_00000000010b3140, L_0000000001047e30, C4<1>, C4<1>;
L_00000000010476c0 .functor AND 1, L_00000000010b24c0, L_00000000010b29c0, C4<1>, C4<1>;
L_0000000001047dc0 .functor AND 1, L_00000000010b3320, L_00000000010b2b00, C4<1>, C4<1>;
L_0000000001047b20 .functor NOT 1, v00000000010b0be0_0, C4<0>, C4<0>, C4<0>;
L_0000000001047c00 .functor AND 1, L_0000000001047b20, v00000000010afa60_0, C4<1>, C4<1>;
L_0000000001047c70 .functor NOT 1, v00000000010afa60_0, C4<0>, C4<0>, C4<0>;
L_0000000001047960 .functor AND 1, v00000000010b0be0_0, L_0000000001047c70, C4<1>, C4<1>;
L_0000000001047b90 .functor OR 1, L_0000000001047c00, L_0000000001047960, C4<0>, C4<0>;
L_00000000014e0088 .functor BUFT 1, C4<000>, C4<0>, C4<0>, C4<0>;
v0000000001001600_0 .net/2u *"_s0", 2 0, L_00000000014e0088;  1 drivers
v0000000001002a00_0 .net *"_s10", 0 0, L_00000000010b2600;  1 drivers
v0000000001003040_0 .net/2u *"_s12", 0 0, L_00000000014e0160;  1 drivers
v0000000001001f60_0 .net *"_s14", 0 0, L_0000000001047650;  1 drivers
L_00000000014e01a8 .functor BUFT 1, C4<010>, C4<0>, C4<0>, C4<0>;
v0000000001003180_0 .net/2u *"_s18", 2 0, L_00000000014e01a8;  1 drivers
v0000000001002dc0_0 .net *"_s2", 0 0, L_00000000010b2e20;  1 drivers
v00000000010030e0_0 .net *"_s20", 0 0, L_00000000010b2a60;  1 drivers
L_00000000014e01f0 .functor BUFT 1, C4<000011110100001000111111>, C4<0>, C4<0>, C4<0>;
v0000000001002000_0 .net/2u *"_s22", 23 0, L_00000000014e01f0;  1 drivers
v00000000010016a0_0 .net *"_s24", 0 0, L_00000000010b22e0;  1 drivers
L_00000000014e0238 .functor BUFT 1, C4<011>, C4<0>, C4<0>, C4<0>;
v0000000001003220_0 .net/2u *"_s28", 2 0, L_00000000014e0238;  1 drivers
v00000000010023c0_0 .net *"_s30", 0 0, L_00000000010b2ba0;  1 drivers
v0000000001002640_0 .net/2u *"_s32", 0 0, L_00000000014e0280;  1 drivers
v00000000010028c0_0 .net *"_s34", 0 0, L_00000000010479d0;  1 drivers
L_00000000014e02c8 .functor BUFT 1, C4<011>, C4<0>, C4<0>, C4<0>;
v0000000001001380_0 .net/2u *"_s38", 2 0, L_00000000014e02c8;  1 drivers
v00000000010026e0_0 .net/2u *"_s4", 0 0, L_00000000014e00d0;  1 drivers
v0000000001001420_0 .net *"_s40", 0 0, L_00000000010b1d40;  1 drivers
v0000000001002b40_0 .net/2u *"_s42", 0 0, L_00000000014e0310;  1 drivers
v0000000001001c40_0 .net *"_s44", 0 0, L_0000000001047500;  1 drivers
L_00000000014e0358 .functor BUFT 1, C4<100>, C4<0>, C4<0>, C4<0>;
v00000000010014c0_0 .net/2u *"_s48", 2 0, L_00000000014e0358;  1 drivers
v0000000001001740_0 .net *"_s50", 0 0, L_00000000010b3140;  1 drivers
v00000000010017e0_0 .net/2u *"_s52", 0 0, L_00000000014e03a0;  1 drivers
v0000000001001920_0 .net *"_s54", 0 0, L_0000000001047e30;  1 drivers
L_00000000014e03e8 .functor BUFT 1, C4<100>, C4<0>, C4<0>, C4<0>;
v0000000001002960_0 .net/2u *"_s58", 2 0, L_00000000014e03e8;  1 drivers
v00000000010019c0_0 .net *"_s60", 0 0, L_00000000010b24c0;  1 drivers
L_00000000014e0430 .functor BUFT 1, C4<010010101>, C4<0>, C4<0>, C4<0>;
v0000000001001b00_0 .net/2u *"_s62", 8 0, L_00000000014e0430;  1 drivers
v00000000010020a0_0 .net *"_s64", 0 0, L_00000000010b29c0;  1 drivers
L_00000000014e0478 .functor BUFT 1, C4<101>, C4<0>, C4<0>, C4<0>;
v0000000001001ba0_0 .net/2u *"_s68", 2 0, L_00000000014e0478;  1 drivers
v0000000001001ce0_0 .net *"_s70", 0 0, L_00000000010b3320;  1 drivers
L_00000000014e04c0 .functor BUFT 1, C4<01001>, C4<0>, C4<0>, C4<0>;
v0000000001001d80_0 .net/2u *"_s72", 4 0, L_00000000014e04c0;  1 drivers
v0000000001001e20_0 .net *"_s74", 0 0, L_00000000010b2b00;  1 drivers
v0000000001002140_0 .net *"_s78", 0 0, L_0000000001047b20;  1 drivers
L_00000000014e0118 .functor BUFT 1, C4<001>, C4<0>, C4<0>, C4<0>;
v0000000001002280_0 .net/2u *"_s8", 2 0, L_00000000014e0118;  1 drivers
v0000000001002320_0 .net *"_s80", 0 0, L_0000000001047c00;  1 drivers
v0000000001002460_0 .net *"_s82", 0 0, L_0000000001047c70;  1 drivers
v0000000001002500_0 .net *"_s84", 0 0, L_0000000001047960;  1 drivers
v00000000010025a0_0 .net "btn_done", 0 0, v00000000010af100_0;  1 drivers
v0000000001002820_0 .net "btn_left", 0 0, v00000000010af4c0_0;  1 drivers
v00000000010b0000_0 .net "btn_right", 0 0, v00000000010af9c0_0;  1 drivers
v00000000010af920_0 .var "btn_state_c", 2 0;
v00000000010b0dc0_0 .var "btn_state_n", 2 0;
v00000000010af6a0_0 .net "btn_sure", 0 0, v00000000010af560_0;  1 drivers
v00000000010af240_0 .net "btn_up", 0 0, v00000000010af1a0_0;  1 drivers
v00000000010b0500_0 .net "ch1_gain_btn", 0 0, v00000000010af880_0;  1 drivers
v00000000010afce0_0 .var "ch1_gain_para", 3 0;
v00000000010b00a0_0 .net "ch1_offset_btn", 0 0, v00000000010b03c0_0;  1 drivers
v00000000010b0a00_0 .var "ch1_offset_para", 3 0;
v00000000010afc40_0 .net "ch2_gain_btn", 0 0, v00000000010b2f60_0;  1 drivers
v00000000010b05a0_0 .net "ch2_gain_edge", 0 0, L_0000000001047b90;  1 drivers
v00000000010afe20_0 .var "ch2_gain_level", 0 0;
v00000000010b0f00_0 .var "ch2_gain_para", 3 0;
v00000000010b0460_0 .net "ch2_offset_btn", 0 0, v00000000010b1980_0;  1 drivers
v00000000010b0aa0_0 .var "ch2_offset_para", 3 0;
v00000000010b0640_0 .net "check_func_to_3s", 0 0, L_0000000001047110;  1 drivers
v00000000010b06e0_0 .net "check_func_to_idle", 0 0, L_0000000001047180;  1 drivers
v00000000010af600_0 .var "direction_btn", 0 0;
v00000000010b0d20_0 .var "func_btn", 0 0;
v00000000010af420_0 .net "idle_to_wait_func", 0 0, L_0000000001047730;  1 drivers
v00000000010b08c0_0 .net "osc_freq_btn", 0 0, v00000000010b2ce0_0;  1 drivers
v00000000010af380_0 .net "osc_time_btn", 0 0, v00000000010b2d80_0;  1 drivers
v00000000010af7e0_0 .var "para_func", 2 0;
v00000000010af2e0_0 .var "r0_ch2_gain_level", 0 0;
v00000000010b0be0_0 .var "r1_ch2_gain_level", 0 0;
v00000000010afa60_0 .var "r2_ch2_gain_level", 0 0;
v00000000010b0280_0 .net "swg_amp_btn", 0 0, v00000000010b1700_0;  1 drivers
v00000000010b0780_0 .var "swg_amp_para", 3 0;
v00000000010afd80_0 .net "swg_freq_btn", 0 0, v00000000010b1840_0;  1 drivers
v00000000010b0820_0 .var "swg_freq_para", 3 0;
v00000000010b0e60_0 .net "swg_wave_btn", 0 0, v00000000010b2380_0;  1 drivers
v00000000010b0140_0 .var "swg_wave_para", 3 0;
v00000000010b0960_0 .net "sys_clk_50m", 0 0, v00000000010b1660_0;  1 drivers
v00000000010afb00_0 .net "sys_rst_n", 0 0, v00000000010b30a0_0;  1 drivers
v00000000010afec0_0 .var "time_10ms_cnt", 23 0;
v00000000010b0b40_0 .var "time_200ms_cnt", 4 0;
v00000000010b0c80_0 .var "time_3s_cnt", 8 0;
v00000000010afba0_0 .net "wait_200ms_to_3s", 0 0, L_0000000001047dc0;  1 drivers
v00000000010af060_0 .net "wait_20ms_to_check_func", 0 0, L_0000000001047340;  1 drivers
v00000000010b01e0_0 .net "wait_3s_to_200ms", 0 0, L_00000000010471f0;  1 drivers
v00000000010aff60_0 .net "wait_3s_to_idle", 0 0, L_00000000010476c0;  1 drivers
v00000000010af740_0 .net "wait_func_to_20ms", 0 0, L_00000000010470a0;  1 drivers
E_0000000001055aa0/0 .event negedge, v00000000010afb00_0;
E_0000000001055aa0/1 .event posedge, v00000000010b0960_0;
E_0000000001055aa0 .event/or E_0000000001055aa0/0, E_0000000001055aa0/1;
E_00000000010561e0/0 .event edge, v00000000010af920_0, v00000000010af420_0, v00000000010af740_0, v00000000010af060_0;
E_00000000010561e0/1 .event edge, v00000000010b0640_0, v00000000010b06e0_0, v00000000010b01e0_0, v00000000010aff60_0;
E_00000000010561e0/2 .event edge, v00000000010afba0_0;
E_00000000010561e0 .event/or E_00000000010561e0/0, E_00000000010561e0/1, E_00000000010561e0/2;
L_00000000010b2e20 .cmp/eq 3, v00000000010af920_0, L_00000000014e0088;
L_00000000010b2600 .cmp/eq 3, v00000000010af920_0, L_00000000014e0118;
L_00000000010b2a60 .cmp/eq 3, v00000000010af920_0, L_00000000014e01a8;
L_00000000010b22e0 .cmp/eq 24, v00000000010afec0_0, L_00000000014e01f0;
L_00000000010b2ba0 .cmp/eq 3, v00000000010af920_0, L_00000000014e0238;
L_00000000010b1d40 .cmp/eq 3, v00000000010af920_0, L_00000000014e02c8;
L_00000000010b3140 .cmp/eq 3, v00000000010af920_0, L_00000000014e0358;
L_00000000010b24c0 .cmp/eq 3, v00000000010af920_0, L_00000000014e03e8;
L_00000000010b29c0 .cmp/eq 9, v00000000010b0c80_0, L_00000000014e0430;
L_00000000010b3320 .cmp/eq 3, v00000000010af920_0, L_00000000014e0478;
L_00000000010b2b00 .cmp/eq 5, v00000000010b0b40_0, L_00000000014e04c0;
    .scope S_0000000001039a50;
T_0 ;
    %wait E_0000000001055aa0;
    %load/vec4 v00000000010afb00_0;
    %cmpi/e 0, 0, 1;
    %jmp/0xz  T_0.0, 4;
    %pushi/vec4 1, 0, 1;
    %assign/vec4 v00000000010b0d20_0, 0;
    %jmp T_0.1;
T_0.0 ;
    %load/vec4 v00000000010b00a0_0;
    %cmpi/e 0, 0, 1;
    %flag_mov 8, 4;
    %load/vec4 v00000000010b0460_0;
    %cmpi/e 0, 0, 1;
    %flag_or 4, 8;
    %flag_mov 8, 4;
    %load/vec4 v00000000010afd80_0;
    %cmpi/e 0, 0, 1;
    %flag_or 4, 8;
    %flag_mov 8, 4;
    %load/vec4 v00000000010b0280_0;
    %cmpi/e 0, 0, 1;
    %flag_or 4, 8;
    %jmp/0xz  T_0.2, 4;
    %pushi/vec4 0, 0, 1;
    %assign/vec4 v00000000010b0d20_0, 0;
    %jmp T_0.3;
T_0.2 ;
    %pushi/vec4 1, 0, 1;
    %assign/vec4 v00000000010b0d20_0, 0;
T_0.3 ;
T_0.1 ;
    %jmp T_0;
    .thread T_0;
    .scope S_0000000001039a50;
T_1 ;
    %wait E_0000000001055aa0;
    %load/vec4 v00000000010afb00_0;
    %cmpi/e 0, 0, 1;
    %jmp/0xz  T_1.0, 4;
    %pushi/vec4 1, 0, 1;
    %assign/vec4 v00000000010af600_0, 0;
    %jmp T_1.1;
T_1.0 ;
    %load/vec4 v00000000010af240_0;
    %cmpi/e 0, 0, 1;
    %flag_mov 8, 4;
    %load/vec4 v00000000010025a0_0;
    %cmpi/e 0, 0, 1;
    %flag_or 4, 8;
    %flag_mov 8, 4;
    %load/vec4 v0000000001002820_0;
    %cmpi/e 0, 0, 1;
    %flag_or 4, 8;
    %flag_mov 8, 4;
    %load/vec4 v00000000010b0000_0;
    %cmpi/e 0, 0, 1;
    %flag_or 4, 8;
    %jmp/0xz  T_1.2, 4;
    %pushi/vec4 0, 0, 1;
    %assign/vec4 v00000000010af600_0, 0;
    %jmp T_1.3;
T_1.2 ;
    %pushi/vec4 1, 0, 1;
    %assign/vec4 v00000000010af600_0, 0;
T_1.3 ;
T_1.1 ;
    %jmp T_1;
    .thread T_1;
    .scope S_0000000001039a50;
T_2 ;
    %wait E_0000000001055aa0;
    %load/vec4 v00000000010afb00_0;
    %cmpi/e 0, 0, 1;
    %jmp/0xz  T_2.0, 4;
    %pushi/vec4 0, 0, 24;
    %assign/vec4 v00000000010afec0_0, 0;
    %jmp T_2.1;
T_2.0 ;
    %load/vec4 v00000000010afec0_0;
    %cmpi/e 999999, 0, 24;
    %jmp/0xz  T_2.2, 4;
    %pushi/vec4 0, 0, 24;
    %assign/vec4 v00000000010afec0_0, 0;
    %jmp T_2.3;
T_2.2 ;
    %load/vec4 v00000000010af920_0;
    %cmpi/e 2, 0, 3;
    %flag_mov 8, 4;
    %load/vec4 v00000000010af920_0;
    %cmpi/e 5, 0, 3;
    %flag_or 4, 8;
    %flag_mov 8, 4;
    %load/vec4 v00000000010af920_0;
    %cmpi/e 4, 0, 3;
    %flag_or 4, 8;
    %jmp/0xz  T_2.4, 4;
    %load/vec4 v00000000010afec0_0;
    %addi 1, 0, 24;
    %assign/vec4 v00000000010afec0_0, 0;
    %jmp T_2.5;
T_2.4 ;
    %pushi/vec4 0, 0, 24;
    %assign/vec4 v00000000010afec0_0, 0;
T_2.5 ;
T_2.3 ;
T_2.1 ;
    %jmp T_2;
    .thread T_2;
    .scope S_0000000001039a50;
T_3 ;
    %wait E_0000000001055aa0;
    %load/vec4 v00000000010afb00_0;
    %cmpi/e 0, 0, 1;
    %jmp/0xz  T_3.0, 4;
    %pushi/vec4 0, 0, 5;
    %assign/vec4 v00000000010b0b40_0, 0;
    %jmp T_3.1;
T_3.0 ;
    %load/vec4 v00000000010b0b40_0;
    %cmpi/e 9, 0, 5;
    %jmp/0xz  T_3.2, 4;
    %pushi/vec4 0, 0, 5;
    %assign/vec4 v00000000010b0b40_0, 0;
    %jmp T_3.3;
T_3.2 ;
    %load/vec4 v00000000010af920_0;
    %cmpi/e 5, 0, 3;
    %jmp/0xz  T_3.4, 4;
    %load/vec4 v00000000010afec0_0;
    %cmpi/e 999999, 0, 24;
    %jmp/0xz  T_3.6, 4;
    %load/vec4 v00000000010b0b40_0;
    %addi 1, 0, 5;
    %assign/vec4 v00000000010b0b40_0, 0;
    %jmp T_3.7;
T_3.6 ;
    %load/vec4 v00000000010b0b40_0;
    %assign/vec4 v00000000010b0b40_0, 0;
T_3.7 ;
    %jmp T_3.5;
T_3.4 ;
    %pushi/vec4 0, 0, 5;
    %assign/vec4 v00000000010b0b40_0, 0;
T_3.5 ;
T_3.3 ;
T_3.1 ;
    %jmp T_3;
    .thread T_3;
    .scope S_0000000001039a50;
T_4 ;
    %wait E_0000000001055aa0;
    %load/vec4 v00000000010afb00_0;
    %cmpi/e 0, 0, 1;
    %jmp/0xz  T_4.0, 4;
    %pushi/vec4 0, 0, 9;
    %assign/vec4 v00000000010b0c80_0, 0;
    %jmp T_4.1;
T_4.0 ;
    %load/vec4 v00000000010b0c80_0;
    %cmpi/e 149, 0, 9;
    %jmp/0xz  T_4.2, 4;
    %pushi/vec4 0, 0, 9;
    %assign/vec4 v00000000010b0c80_0, 0;
    %jmp T_4.3;
T_4.2 ;
    %load/vec4 v00000000010af920_0;
    %cmpi/e 4, 0, 3;
    %jmp/0xz  T_4.4, 4;
    %load/vec4 v00000000010afec0_0;
    %cmpi/e 999999, 0, 24;
    %jmp/0xz  T_4.6, 4;
    %load/vec4 v00000000010b0c80_0;
    %addi 1, 0, 9;
    %assign/vec4 v00000000010b0c80_0, 0;
    %jmp T_4.7;
T_4.6 ;
    %load/vec4 v00000000010b0c80_0;
    %assign/vec4 v00000000010b0c80_0, 0;
T_4.7 ;
    %jmp T_4.5;
T_4.4 ;
    %pushi/vec4 0, 0, 9;
    %assign/vec4 v00000000010b0c80_0, 0;
T_4.5 ;
T_4.3 ;
T_4.1 ;
    %jmp T_4;
    .thread T_4;
    .scope S_0000000001039a50;
T_5 ;
    %wait E_0000000001055aa0;
    %load/vec4 v00000000010afb00_0;
    %cmpi/e 0, 0, 1;
    %jmp/0xz  T_5.0, 4;
    %pushi/vec4 0, 0, 3;
    %assign/vec4 v00000000010af920_0, 0;
    %jmp T_5.1;
T_5.0 ;
    %load/vec4 v00000000010b0dc0_0;
    %assign/vec4 v00000000010af920_0, 0;
T_5.1 ;
    %jmp T_5;
    .thread T_5;
    .scope S_0000000001039a50;
T_6 ;
    %wait E_00000000010561e0;
    %load/vec4 v00000000010af920_0;
    %dup/vec4;
    %pushi/vec4 0, 0, 3;
    %cmp/u;
    %jmp/1 T_6.0, 6;
    %dup/vec4;
    %pushi/vec4 1, 0, 3;
    %cmp/u;
    %jmp/1 T_6.1, 6;
    %dup/vec4;
    %pushi/vec4 2, 0, 3;
    %cmp/u;
    %jmp/1 T_6.2, 6;
    %dup/vec4;
    %pushi/vec4 3, 0, 3;
    %cmp/u;
    %jmp/1 T_6.3, 6;
    %dup/vec4;
    %pushi/vec4 4, 0, 3;
    %cmp/u;
    %jmp/1 T_6.4, 6;
    %dup/vec4;
    %pushi/vec4 5, 0, 3;
    %cmp/u;
    %jmp/1 T_6.5, 6;
    %pushi/vec4 0, 0, 3;
    %store/vec4 v00000000010b0dc0_0, 0, 3;
    %jmp T_6.7;
T_6.0 ;
    %load/vec4 v00000000010af420_0;
    %flag_set/vec4 8;
    %jmp/0xz  T_6.8, 8;
    %pushi/vec4 1, 0, 3;
    %store/vec4 v00000000010b0dc0_0, 0, 3;
    %jmp T_6.9;
T_6.8 ;
    %load/vec4 v00000000010af920_0;
    %store/vec4 v00000000010b0dc0_0, 0, 3;
T_6.9 ;
    %jmp T_6.7;
T_6.1 ;
    %load/vec4 v00000000010af740_0;
    %flag_set/vec4 8;
    %jmp/0xz  T_6.10, 8;
    %pushi/vec4 2, 0, 3;
    %store/vec4 v00000000010b0dc0_0, 0, 3;
    %jmp T_6.11;
T_6.10 ;
    %load/vec4 v00000000010af920_0;
    %store/vec4 v00000000010b0dc0_0, 0, 3;
T_6.11 ;
    %jmp T_6.7;
T_6.2 ;
    %load/vec4 v00000000010af060_0;
    %flag_set/vec4 8;
    %jmp/0xz  T_6.12, 8;
    %pushi/vec4 3, 0, 3;
    %store/vec4 v00000000010b0dc0_0, 0, 3;
    %jmp T_6.13;
T_6.12 ;
    %load/vec4 v00000000010af920_0;
    %store/vec4 v00000000010b0dc0_0, 0, 3;
T_6.13 ;
    %jmp T_6.7;
T_6.3 ;
    %load/vec4 v00000000010b0640_0;
    %flag_set/vec4 8;
    %jmp/0xz  T_6.14, 8;
    %pushi/vec4 4, 0, 3;
    %store/vec4 v00000000010b0dc0_0, 0, 3;
    %jmp T_6.15;
T_6.14 ;
    %load/vec4 v00000000010b06e0_0;
    %flag_set/vec4 8;
    %jmp/0xz  T_6.16, 8;
    %pushi/vec4 0, 0, 3;
    %store/vec4 v00000000010b0dc0_0, 0, 3;
    %jmp T_6.17;
T_6.16 ;
    %load/vec4 v00000000010af920_0;
    %store/vec4 v00000000010b0dc0_0, 0, 3;
T_6.17 ;
T_6.15 ;
    %jmp T_6.7;
T_6.4 ;
    %load/vec4 v00000000010b01e0_0;
    %flag_set/vec4 8;
    %jmp/0xz  T_6.18, 8;
    %pushi/vec4 5, 0, 3;
    %store/vec4 v00000000010b0dc0_0, 0, 3;
    %jmp T_6.19;
T_6.18 ;
    %load/vec4 v00000000010aff60_0;
    %flag_set/vec4 8;
    %jmp/0xz  T_6.20, 8;
    %pushi/vec4 0, 0, 3;
    %store/vec4 v00000000010b0dc0_0, 0, 3;
    %jmp T_6.21;
T_6.20 ;
    %load/vec4 v00000000010af920_0;
    %store/vec4 v00000000010b0dc0_0, 0, 3;
T_6.21 ;
T_6.19 ;
    %jmp T_6.7;
T_6.5 ;
    %load/vec4 v00000000010afba0_0;
    %flag_set/vec4 8;
    %jmp/0xz  T_6.22, 8;
    %pushi/vec4 4, 0, 3;
    %store/vec4 v00000000010b0dc0_0, 0, 3;
    %jmp T_6.23;
T_6.22 ;
    %load/vec4 v00000000010af920_0;
    %store/vec4 v00000000010b0dc0_0, 0, 3;
T_6.23 ;
    %jmp T_6.7;
T_6.7 ;
    %pop/vec4 1;
    %jmp T_6;
    .thread T_6, $push;
    .scope S_0000000001039a50;
T_7 ;
    %wait E_0000000001055aa0;
    %load/vec4 v00000000010afb00_0;
    %cmpi/e 0, 0, 1;
    %jmp/0xz  T_7.0, 4;
    %pushi/vec4 0, 0, 3;
    %assign/vec4 v00000000010af7e0_0, 0;
    %jmp T_7.1;
T_7.0 ;
    %load/vec4 v00000000010af920_0;
    %cmpi/e 3, 0, 3;
    %jmp/0xz  T_7.2, 4;
    %load/vec4 v00000000010b00a0_0;
    %cmpi/e 0, 0, 1;
    %jmp/0xz  T_7.4, 4;
    %pushi/vec4 1, 0, 3;
    %assign/vec4 v00000000010af7e0_0, 0;
    %jmp T_7.5;
T_7.4 ;
    %load/vec4 v00000000010b0460_0;
    %cmpi/e 0, 0, 1;
    %jmp/0xz  T_7.6, 4;
    %pushi/vec4 2, 0, 3;
    %assign/vec4 v00000000010af7e0_0, 0;
    %jmp T_7.7;
T_7.6 ;
    %load/vec4 v00000000010b0820_0;
    %cmpi/e 0, 0, 4;
    %jmp/0xz  T_7.8, 4;
    %pushi/vec4 3, 0, 3;
    %assign/vec4 v00000000010af7e0_0, 0;
    %jmp T_7.9;
T_7.8 ;
    %load/vec4 v00000000010b0780_0;
    %cmpi/e 0, 0, 4;
    %jmp/0xz  T_7.10, 4;
    %pushi/vec4 4, 0, 3;
    %assign/vec4 v00000000010af7e0_0, 0;
    %jmp T_7.11;
T_7.10 ;
    %load/vec4 v00000000010af7e0_0;
    %assign/vec4 v00000000010af7e0_0, 0;
T_7.11 ;
T_7.9 ;
T_7.7 ;
T_7.5 ;
    %jmp T_7.3;
T_7.2 ;
    %load/vec4 v00000000010af920_0;
    %cmpi/e 0, 0, 3;
    %jmp/0xz  T_7.12, 4;
    %pushi/vec4 0, 0, 3;
    %assign/vec4 v00000000010af7e0_0, 0;
    %jmp T_7.13;
T_7.12 ;
    %load/vec4 v00000000010af7e0_0;
    %assign/vec4 v00000000010af7e0_0, 0;
T_7.13 ;
T_7.3 ;
T_7.1 ;
    %jmp T_7;
    .thread T_7;
    .scope S_0000000001039a50;
T_8 ;
    %wait E_0000000001055aa0;
    %load/vec4 v00000000010afb00_0;
    %cmpi/e 0, 0, 1;
    %jmp/0xz  T_8.0, 4;
    %pushi/vec4 5, 0, 4;
    %assign/vec4 v00000000010b0a00_0, 0;
    %jmp T_8.1;
T_8.0 ;
    %load/vec4 v00000000010b0a00_0;
    %cmpi/e 11, 0, 4;
    %jmp/0xz  T_8.2, 4;
    %pushi/vec4 5, 0, 4;
    %assign/vec4 v00000000010b0a00_0, 0;
    %jmp T_8.3;
T_8.2 ;
    %load/vec4 v00000000010af920_0;
    %pushi/vec4 5, 0, 3;
    %cmp/e;
    %flag_get/vec4 4;
    %load/vec4 v00000000010b0b40_0;
    %pushi/vec4 2, 0, 5;
    %cmp/e;
    %flag_get/vec4 4;
    %and;
    %load/vec4 v00000000010afec0_0;
    %pushi/vec4 999999, 0, 24;
    %cmp/e;
    %flag_get/vec4 4;
    %and;
    %load/vec4 v00000000010af7e0_0;
    %pad/u 4;
    %pushi/vec4 1, 0, 4;
    %cmp/e;
    %flag_get/vec4 4;
    %and;
    %load/vec4 v00000000010af240_0;
    %pushi/vec4 0, 0, 1;
    %cmp/e;
    %flag_get/vec4 4;
    %and;
    %flag_set/vec4 8;
    %jmp/0xz  T_8.4, 8;
    %load/vec4 v00000000010b0a00_0;
    %addi 1, 0, 4;
    %assign/vec4 v00000000010b0a00_0, 0;
    %jmp T_8.5;
T_8.4 ;
    %load/vec4 v00000000010af920_0;
    %pushi/vec4 5, 0, 3;
    %cmp/e;
    %flag_get/vec4 4;
    %load/vec4 v00000000010b0b40_0;
    %pushi/vec4 2, 0, 5;
    %cmp/e;
    %flag_get/vec4 4;
    %and;
    %load/vec4 v00000000010afec0_0;
    %pushi/vec4 999999, 0, 24;
    %cmp/e;
    %flag_get/vec4 4;
    %and;
    %load/vec4 v00000000010af7e0_0;
    %pad/u 4;
    %pushi/vec4 1, 0, 4;
    %cmp/e;
    %flag_get/vec4 4;
    %and;
    %load/vec4 v00000000010025a0_0;
    %pushi/vec4 0, 0, 1;
    %cmp/e;
    %flag_get/vec4 4;
    %and;
    %flag_set/vec4 8;
    %jmp/0xz  T_8.6, 8;
    %load/vec4 v00000000010b0a00_0;
    %subi 1, 0, 4;
    %assign/vec4 v00000000010b0a00_0, 0;
    %jmp T_8.7;
T_8.6 ;
    %load/vec4 v00000000010b0a00_0;
    %assign/vec4 v00000000010b0a00_0, 0;
T_8.7 ;
T_8.5 ;
T_8.3 ;
T_8.1 ;
    %jmp T_8;
    .thread T_8;
    .scope S_0000000001039a50;
T_9 ;
    %wait E_0000000001055aa0;
    %load/vec4 v00000000010afb00_0;
    %cmpi/e 0, 0, 1;
    %jmp/0xz  T_9.0, 4;
    %pushi/vec4 5, 0, 4;
    %assign/vec4 v00000000010b0aa0_0, 0;
    %jmp T_9.1;
T_9.0 ;
    %load/vec4 v00000000010b0aa0_0;
    %cmpi/e 11, 0, 4;
    %jmp/0xz  T_9.2, 4;
    %pushi/vec4 5, 0, 4;
    %assign/vec4 v00000000010b0aa0_0, 0;
    %jmp T_9.3;
T_9.2 ;
    %load/vec4 v00000000010af920_0;
    %pushi/vec4 5, 0, 3;
    %cmp/e;
    %flag_get/vec4 4;
    %load/vec4 v00000000010b0b40_0;
    %pushi/vec4 2, 0, 5;
    %cmp/e;
    %flag_get/vec4 4;
    %and;
    %load/vec4 v00000000010afec0_0;
    %pushi/vec4 999999, 0, 24;
    %cmp/e;
    %flag_get/vec4 4;
    %and;
    %load/vec4 v00000000010af7e0_0;
    %pad/u 4;
    %pushi/vec4 2, 0, 4;
    %cmp/e;
    %flag_get/vec4 4;
    %and;
    %load/vec4 v00000000010af240_0;
    %pushi/vec4 0, 0, 1;
    %cmp/e;
    %flag_get/vec4 4;
    %and;
    %flag_set/vec4 8;
    %jmp/0xz  T_9.4, 8;
    %load/vec4 v00000000010b0aa0_0;
    %addi 1, 0, 4;
    %assign/vec4 v00000000010b0aa0_0, 0;
    %jmp T_9.5;
T_9.4 ;
    %load/vec4 v00000000010af920_0;
    %pushi/vec4 5, 0, 3;
    %cmp/e;
    %flag_get/vec4 4;
    %load/vec4 v00000000010b0b40_0;
    %pushi/vec4 2, 0, 5;
    %cmp/e;
    %flag_get/vec4 4;
    %and;
    %load/vec4 v00000000010afec0_0;
    %pushi/vec4 999999, 0, 24;
    %cmp/e;
    %flag_get/vec4 4;
    %and;
    %load/vec4 v00000000010af7e0_0;
    %pad/u 4;
    %pushi/vec4 2, 0, 4;
    %cmp/e;
    %flag_get/vec4 4;
    %and;
    %load/vec4 v00000000010025a0_0;
    %pushi/vec4 0, 0, 1;
    %cmp/e;
    %flag_get/vec4 4;
    %and;
    %flag_set/vec4 8;
    %jmp/0xz  T_9.6, 8;
    %load/vec4 v00000000010b0aa0_0;
    %subi 1, 0, 4;
    %assign/vec4 v00000000010b0aa0_0, 0;
    %jmp T_9.7;
T_9.6 ;
    %load/vec4 v00000000010b0aa0_0;
    %assign/vec4 v00000000010b0aa0_0, 0;
T_9.7 ;
T_9.5 ;
T_9.3 ;
T_9.1 ;
    %jmp T_9;
    .thread T_9;
    .scope S_0000000001039a50;
T_10 ;
    %wait E_0000000001055aa0;
    %load/vec4 v00000000010afb00_0;
    %cmpi/e 0, 0, 1;
    %jmp/0xz  T_10.0, 4;
    %pushi/vec4 5, 0, 4;
    %assign/vec4 v00000000010b0820_0, 0;
    %jmp T_10.1;
T_10.0 ;
    %load/vec4 v00000000010b0820_0;
    %cmpi/e 11, 0, 4;
    %jmp/0xz  T_10.2, 4;
    %pushi/vec4 5, 0, 4;
    %assign/vec4 v00000000010b0820_0, 0;
    %jmp T_10.3;
T_10.2 ;
    %load/vec4 v00000000010af920_0;
    %pushi/vec4 5, 0, 3;
    %cmp/e;
    %flag_get/vec4 4;
    %load/vec4 v00000000010b0b40_0;
    %pushi/vec4 2, 0, 5;
    %cmp/e;
    %flag_get/vec4 4;
    %and;
    %load/vec4 v00000000010afec0_0;
    %pushi/vec4 999999, 0, 24;
    %cmp/e;
    %flag_get/vec4 4;
    %and;
    %load/vec4 v00000000010af7e0_0;
    %pad/u 4;
    %pushi/vec4 3, 0, 4;
    %cmp/e;
    %flag_get/vec4 4;
    %and;
    %load/vec4 v00000000010af240_0;
    %pushi/vec4 0, 0, 1;
    %cmp/e;
    %flag_get/vec4 4;
    %and;
    %flag_set/vec4 8;
    %jmp/0xz  T_10.4, 8;
    %load/vec4 v00000000010b0820_0;
    %addi 1, 0, 4;
    %assign/vec4 v00000000010b0820_0, 0;
    %jmp T_10.5;
T_10.4 ;
    %load/vec4 v00000000010af920_0;
    %pushi/vec4 5, 0, 3;
    %cmp/e;
    %flag_get/vec4 4;
    %load/vec4 v00000000010b0b40_0;
    %pushi/vec4 2, 0, 5;
    %cmp/e;
    %flag_get/vec4 4;
    %and;
    %load/vec4 v00000000010afec0_0;
    %pushi/vec4 999999, 0, 24;
    %cmp/e;
    %flag_get/vec4 4;
    %and;
    %load/vec4 v00000000010af7e0_0;
    %pad/u 4;
    %pushi/vec4 3, 0, 4;
    %cmp/e;
    %flag_get/vec4 4;
    %and;
    %load/vec4 v00000000010025a0_0;
    %pushi/vec4 0, 0, 1;
    %cmp/e;
    %flag_get/vec4 4;
    %and;
    %flag_set/vec4 8;
    %jmp/0xz  T_10.6, 8;
    %load/vec4 v00000000010b0820_0;
    %subi 1, 0, 4;
    %assign/vec4 v00000000010b0820_0, 0;
    %jmp T_10.7;
T_10.6 ;
    %load/vec4 v00000000010b0820_0;
    %assign/vec4 v00000000010b0820_0, 0;
T_10.7 ;
T_10.5 ;
T_10.3 ;
T_10.1 ;
    %jmp T_10;
    .thread T_10;
    .scope S_0000000001039a50;
T_11 ;
    %wait E_0000000001055aa0;
    %load/vec4 v00000000010afb00_0;
    %cmpi/e 0, 0, 1;
    %jmp/0xz  T_11.0, 4;
    %pushi/vec4 5, 0, 4;
    %assign/vec4 v00000000010b0780_0, 0;
    %jmp T_11.1;
T_11.0 ;
    %load/vec4 v00000000010b0aa0_0;
    %cmpi/e 11, 0, 4;
    %jmp/0xz  T_11.2, 4;
    %pushi/vec4 5, 0, 4;
    %assign/vec4 v00000000010b0780_0, 0;
    %jmp T_11.3;
T_11.2 ;
    %load/vec4 v00000000010af920_0;
    %pushi/vec4 5, 0, 3;
    %cmp/e;
    %flag_get/vec4 4;
    %load/vec4 v00000000010b0b40_0;
    %pushi/vec4 2, 0, 5;
    %cmp/e;
    %flag_get/vec4 4;
    %and;
    %load/vec4 v00000000010afec0_0;
    %pushi/vec4 999999, 0, 24;
    %cmp/e;
    %flag_get/vec4 4;
    %and;
    %load/vec4 v00000000010af7e0_0;
    %pad/u 4;
    %pushi/vec4 4, 0, 4;
    %cmp/e;
    %flag_get/vec4 4;
    %and;
    %load/vec4 v00000000010af240_0;
    %pushi/vec4 0, 0, 1;
    %cmp/e;
    %flag_get/vec4 4;
    %and;
    %flag_set/vec4 8;
    %jmp/0xz  T_11.4, 8;
    %load/vec4 v00000000010b0780_0;
    %addi 1, 0, 4;
    %assign/vec4 v00000000010b0780_0, 0;
    %jmp T_11.5;
T_11.4 ;
    %load/vec4 v00000000010af920_0;
    %pushi/vec4 5, 0, 3;
    %cmp/e;
    %flag_get/vec4 4;
    %load/vec4 v00000000010b0b40_0;
    %pushi/vec4 2, 0, 5;
    %cmp/e;
    %flag_get/vec4 4;
    %and;
    %load/vec4 v00000000010afec0_0;
    %pushi/vec4 999999, 0, 24;
    %cmp/e;
    %flag_get/vec4 4;
    %and;
    %load/vec4 v00000000010af7e0_0;
    %pad/u 4;
    %pushi/vec4 4, 0, 4;
    %cmp/e;
    %flag_get/vec4 4;
    %and;
    %load/vec4 v00000000010025a0_0;
    %pushi/vec4 0, 0, 1;
    %cmp/e;
    %flag_get/vec4 4;
    %and;
    %flag_set/vec4 8;
    %jmp/0xz  T_11.6, 8;
    %load/vec4 v00000000010b0780_0;
    %subi 1, 0, 4;
    %assign/vec4 v00000000010b0780_0, 0;
    %jmp T_11.7;
T_11.6 ;
    %load/vec4 v00000000010b0780_0;
    %assign/vec4 v00000000010b0780_0, 0;
T_11.7 ;
T_11.5 ;
T_11.3 ;
T_11.1 ;
    %jmp T_11;
    .thread T_11;
    .scope S_0000000001039a50;
T_12 ;
    %wait E_0000000001055aa0;
    %load/vec4 v00000000010afb00_0;
    %cmpi/e 0, 0, 1;
    %jmp/0xz  T_12.0, 4;
    %pushi/vec4 0, 0, 1;
    %assign/vec4 v00000000010afe20_0, 0;
    %jmp T_12.1;
T_12.0 ;
    %load/vec4 v00000000010afc40_0;
    %cmpi/e 0, 0, 1;
    %jmp/0xz  T_12.2, 4;
    %pushi/vec4 0, 0, 1;
    %assign/vec4 v00000000010afe20_0, 0;
    %jmp T_12.3;
T_12.2 ;
    %load/vec4 v00000000010afc40_0;
    %cmpi/e 1, 0, 1;
    %jmp/0xz  T_12.4, 4;
    %pushi/vec4 1, 0, 1;
    %assign/vec4 v00000000010afe20_0, 0;
    %jmp T_12.5;
T_12.4 ;
    %pushi/vec4 0, 0, 1;
    %assign/vec4 v00000000010afe20_0, 0;
T_12.5 ;
T_12.3 ;
T_12.1 ;
    %jmp T_12;
    .thread T_12;
    .scope S_0000000001039a50;
T_13 ;
    %wait E_0000000001055aa0;
    %load/vec4 v00000000010afb00_0;
    %cmpi/e 0, 0, 1;
    %jmp/0xz  T_13.0, 4;
    %pushi/vec4 0, 0, 1;
    %assign/vec4 v00000000010af2e0_0, 0;
    %pushi/vec4 0, 0, 1;
    %assign/vec4 v00000000010b0be0_0, 0;
    %pushi/vec4 0, 0, 1;
    %assign/vec4 v00000000010afa60_0, 0;
    %jmp T_13.1;
T_13.0 ;
    %load/vec4 v00000000010afe20_0;
    %assign/vec4 v00000000010af2e0_0, 0;
    %load/vec4 v00000000010af2e0_0;
    %assign/vec4 v00000000010b0be0_0, 0;
    %load/vec4 v00000000010b0be0_0;
    %assign/vec4 v00000000010afa60_0, 0;
T_13.1 ;
    %jmp T_13;
    .thread T_13;
    .scope S_0000000001039a50;
T_14 ;
    %wait E_0000000001055aa0;
    %load/vec4 v00000000010afb00_0;
    %cmpi/e 0, 0, 1;
    %jmp/0xz  T_14.0, 4;
    %pushi/vec4 5, 0, 4;
    %assign/vec4 v00000000010b0f00_0, 0;
    %jmp T_14.1;
T_14.0 ;
    %load/vec4 v00000000010b0f00_0;
    %cmpi/e 11, 0, 4;
    %jmp/0xz  T_14.2, 4;
    %pushi/vec4 5, 0, 4;
    %assign/vec4 v00000000010b0f00_0, 0;
    %jmp T_14.3;
T_14.2 ;
    %load/vec4 v00000000010b05a0_0;
    %cmpi/e 1, 0, 1;
    %jmp/0xz  T_14.4, 4;
    %load/vec4 v00000000010b0f00_0;
    %addi 1, 0, 4;
    %assign/vec4 v00000000010b0f00_0, 0;
    %jmp T_14.5;
T_14.4 ;
    %load/vec4 v00000000010b0f00_0;
    %assign/vec4 v00000000010b0f00_0, 0;
T_14.5 ;
T_14.3 ;
T_14.1 ;
    %jmp T_14;
    .thread T_14;
    .scope S_0000000001008980;
T_15 ;
    %vpi_call 2 74 "$dumpfile", "wave.vcd" {0 0 0};
    %vpi_call 2 75 "$dumpvars", 32'sb00000000000000000000000000000000, S_0000000001008980 {0 0 0};
    %end;
    .thread T_15;
    .scope S_0000000001008980;
T_16 ;
    %pushi/vec4 0, 0, 1;
    %store/vec4 v00000000010b1660_0, 0, 1;
    %end;
    .thread T_16;
    .scope S_0000000001008980;
T_17 ;
    %delay 100, 0;
    %load/vec4 v00000000010b1660_0;
    %inv;
    %store/vec4 v00000000010b1660_0, 0, 1;
    %jmp T_17;
    .thread T_17;
    .scope S_0000000001008980;
T_18 ;
    %pushi/vec4 0, 0, 1;
    %store/vec4 v00000000010b30a0_0, 0, 1;
    %pushi/vec4 1, 0, 1;
    %store/vec4 v00000000010af1a0_0, 0, 1;
    %pushi/vec4 1, 0, 1;
    %store/vec4 v00000000010af100_0, 0, 1;
    %pushi/vec4 1, 0, 1;
    %store/vec4 v00000000010af4c0_0, 0, 1;
    %pushi/vec4 1, 0, 1;
    %store/vec4 v00000000010af9c0_0, 0, 1;
    %pushi/vec4 1, 0, 1;
    %store/vec4 v00000000010af560_0, 0, 1;
    %pushi/vec4 1, 0, 1;
    %store/vec4 v00000000010b2ce0_0, 0, 1;
    %pushi/vec4 1, 0, 1;
    %store/vec4 v00000000010b2d80_0, 0, 1;
    %pushi/vec4 1, 0, 1;
    %store/vec4 v00000000010b03c0_0, 0, 1;
    %pushi/vec4 1, 0, 1;
    %store/vec4 v00000000010af880_0, 0, 1;
    %pushi/vec4 1, 0, 1;
    %store/vec4 v00000000010b1980_0, 0, 1;
    %pushi/vec4 1, 0, 1;
    %store/vec4 v00000000010b2f60_0, 0, 1;
    %pushi/vec4 1, 0, 1;
    %store/vec4 v00000000010b2380_0, 0, 1;
    %pushi/vec4 1, 0, 1;
    %store/vec4 v00000000010b1840_0, 0, 1;
    %pushi/vec4 1, 0, 1;
    %store/vec4 v00000000010b1700_0, 0, 1;
    %delay 1010, 0;
    %pushi/vec4 1, 0, 1;
    %store/vec4 v00000000010b30a0_0, 0, 1;
    %delay 1010, 0;
    %delay 5010, 0;
    %pushi/vec4 0, 0, 1;
    %store/vec4 v00000000010b2f60_0, 0, 1;
    %delay 500010, 0;
    %pushi/vec4 1, 0, 1;
    %store/vec4 v00000000010b2f60_0, 0, 1;
    %delay 500010, 0;
    %pushi/vec4 0, 0, 1;
    %store/vec4 v00000000010b2f60_0, 0, 1;
    %delay 500010, 0;
    %pushi/vec4 1, 0, 1;
    %store/vec4 v00000000010b2f60_0, 0, 1;
    %delay 500010, 0;
    %pushi/vec4 0, 0, 1;
    %store/vec4 v00000000010b2f60_0, 0, 1;
    %delay 500010, 0;
    %pushi/vec4 1, 0, 1;
    %store/vec4 v00000000010b2f60_0, 0, 1;
    %delay 500010, 0;
    %vpi_call 2 133 "$finish" {0 0 0};
    %end;
    .thread T_18;
# The file index is used to find the file name in the following table.
:file_names 4;
    "N/A";
    "<interactive>";
    "osc_btn_operation_tb.v";
    "osc_btn_operation.v";
