../User/imu.c:22:6:software_Delay	24	static,ignoring_inline_asm
../User/imu.c:49:9:IMU_I2C_WriteReg	40	static
../User/imu.c:69:9:IMU_I2C_ReadReg	40	static
../User/imu.c:102:9:acc_gyro_init	16	static
../User/imu.c:134:6:acc_gyro_sample_data	24	static
../User/imu.c:159:6:set_acc_gyro_offset	64	static
../User/imu.c:232:9:mag_init	24	static
../User/imu.c:265:13:mag_wait_data_update	16	static
../User/imu.c:282:6:mag_sample_data	24	static
../User/imu.c:300:6:mag_sample_offset_data	24	static
../User/imu.c:322:6:mag_Write_Offset	24	static
../User/imu.c:351:6:mag_set_offset	40	static
../User/imu.c:454:11:complementaryFilter	104	static
../User/imu.c:492:6:complementary_get_euler	32	static
../User/imu.c:532:6:init_attitude	16	static
../User/imu.c:613:6:simple_3d_trans	24	static
../User/imu.c:641:6:calculate_attitude	104	static
../User/imu.c:873:6:read_flash_information	24	static
../User/imu.c:926:6:imu_init	16	static
../User/imu.c:952:6:imu_sample_data	8	static
../User/imu.c:976:6:imu_data_transition	16	static
../User/imu.c:1001:6:imu_final_data_get	64	static
../User/imu.c:1034:6:imu_9_shell_cmd_to_do	8	static
../User/imu.c:1070:6:data_output_mode	144	static
../User/imu.c:1108:6:IMU_Schedule	24	static
