***** 2023/07/16 20:46:20 *****
QE Version                                        :3.1.0.v20220401-0732
Project Path                                      :C:\Users\Administrator\e2_studio\workspace\RA
Configuration File                                :RATOUCH
IDE                                               :e2 studio with Emulator
Emulator                                          :
MCU                                               :RA2E1 R7FA2E1A72DFL
<< METHOD 0 >>
[Button(self) 0]
TS                                                : TS10,
[Button(self) 1]
TS                                                : TS11,

<<<< Tuning Type : Normal >>>>
System Clock Frequency (MHz)                      :48.000
PCLKB Frequency (MHz)                             :24.000
CTSU Operating Frequency (MHz)                    :24.000
Operating Voltage (V)                             :3.300

---------- Phase1 ----------
<< METHOD 0 >>
[TS10]
Count Value                                       : 5462
Resistance Value (ohm)                            : 560
Parasitic Capacitance (pF)                        : 37.930557
Sensor Drive Pulse Frequency (MHz)                : 1.0

[TS11]
Count Value                                       : 5155
Resistance Value (ohm)                            : 560
Parasitic Capacitance (pF)                        : 35.79861
Sensor Drive Pulse Frequency (MHz)                : 1.0


---------- Phase2 ----------
<< METHOD 0 >>
[TS10]
Sensor Drive Pulse Frequency (MHz)                : 1.0
CTSUSNUM                                          : 15
CTSUSDPA                                          : 15
CTSUSO                                            : 234

[TS11]
Sensor Drive Pulse Frequency (MHz)                : 1.0
CTSUSNUM                                          : 15
CTSUSDPA                                          : 15
CTSUSO                                            : 215


---------- Phase3 ----------
<< METHOD 0 >>
[Button(self) 0]
  << TS10 >>
  Count Value (Off)                               : 15334
  Count Value (On)                                : 30686
  Threshold                                       : 9211
  Hysteresis                                      : 460

[Button(self) 1]
  << TS11 >>
  Count Value (Off)                               : 15450
  Count Value (On)                                : 28732
  Threshold                                       : 7969
  Hysteresis                                      : 398

