***** 2023/07/16 20:46:44 *****
QE Version                                        :3.1.0.v20220401-0732
Project Path                                      :C:\Users\Administrator\e2_studio\workspace\RA
Configuration File                                :RATOUCH
IDE                                               :e2 studio with Emulator
Emulator                                          :
MCU                                               :RA2E1 R7FA2E1A72DFL
<< METHOD 0 >>
[Button(self) 0]
TS                                                : TS10,
[Button(self) 1]
TS                                                : TS11,

<<<< Tuning Type : Normal >>>>
System Clock Frequency (MHz)                      :48.000
PCLKB Frequency (MHz)                             :24.000
CTSU Operating Frequency (MHz)                    :24.000
Operating Voltage (V)                             :3.300

---------- Phase1 ----------
<< METHOD 0 >>
[TS10]
Count Value                                       : 5514
Resistance Value (ohm)                            : 560
Parasitic Capacitance (pF)                        : 38.291668
Sensor Drive Pulse Frequency (MHz)                : 1.0

[TS11]
Count Value                                       : 5075
Resistance Value (ohm)                            : 560
Parasitic Capacitance (pF)                        : 35.243057
Sensor Drive Pulse Frequency (MHz)                : 1.0


---------- Phase2 ----------
<< METHOD 0 >>
[TS10]
Sensor Drive Pulse Frequency (MHz)                : 1.0
CTSUSNUM                                          : 15
CTSUSDPA                                          : 15
CTSUSO                                            : 234

[TS11]
Sensor Drive Pulse Frequency (MHz)                : 1.0
CTSUSNUM                                          : 15
CTSUSDPA                                          : 15
CTSUSO                                            : 216


---------- Phase3 ----------
<< METHOD 0 >>
[Button(self) 0]
  << TS10 >>
  Count Value (Off)                               : 15616
  Count Value (On)                                : 32128
  Threshold                                       : 9907
  Hysteresis                                      : 495

[Button(self) 1]
  << TS11 >>
  Count Value (Off)                               : 15292
  Count Value (On)                                : 31344
  Threshold                                       : 9631
  Hysteresis                                      : 481


---------- Phase3 ----------
<< METHOD 0 >>
[Button(self) 0]
  << TS10 >>
  Count Value (Off)                               : 15442
  Count Value (On)                                : 15500
  Threshold                                       : 34
  Hysteresis                                      : 1

[Button(self) 1]
  << TS11 >>
  Count Value (Off)                               : 15312
  Count Value (On)                                : 15290
  Threshold                                       : 65535
  Hysteresis                                      : 3276


---------- Phase3 ----------
<< METHOD 0 >>
[Button(self) 0]
  << TS10 >>
  Count Value (Off)                               : 15560
  Count Value (On)                                : 15174
  Threshold                                       : 65535
  Hysteresis                                      : 3276

[Button(self) 1]
  << TS11 >>
  Count Value (Off)                               : 14890
  Count Value (On)                                : 15158
  Threshold                                       : 160
  Hysteresis                                      : 8


---------- Phase3 ----------
<< METHOD 0 >>
[Button(self) 0]
  << TS10 >>
  Count Value (Off)                               : 15216
  Count Value (On)                                : 15196
  Threshold                                       : 65535
  Hysteresis                                      : 3276

[Button(self) 1]
  << TS11 >>
  Count Value (Off)                               : 15314
  Count Value (On)                                : 15148
  Threshold                                       : 65535
  Hysteresis                                      : 3276

