***** 2023/07/16 20:56:22 *****
QE Version                                        :3.1.0.v20220401-0732
Project Path                                      :C:\Users\Administrator\e2_studio\workspace\RA
Configuration File                                :RATOUCH
IDE                                               :e2 studio with Emulator
Emulator                                          :
MCU                                               :RA2E1 R7FA2E1A72DFL
<< METHOD 0 >>
[Button(self) 0]
TS                                                : TS10,
[Button(self) 1]
TS                                                : TS11,

<<<< Tuning Type : Normal >>>>
System Clock Frequency (MHz)                      :48.000
PCLKB Frequency (MHz)                             :24.000
CTSU Operating Frequency (MHz)                    :24.000
Operating Voltage (V)                             :3.300

---------- Phase1 ----------
<< METHOD 0 >>
[TS10]
Count Value                                       : 5397
Resistance Value (ohm)                            : 560
Parasitic Capacitance (pF)                        : 37.479168
Sensor Drive Pulse Frequency (MHz)                : 1.0

[TS11]
Count Value                                       : 5128
Resistance Value (ohm)                            : 560
Parasitic Capacitance (pF)                        : 35.61111
Sensor Drive Pulse Frequency (MHz)                : 1.0


---------- Phase2 ----------
<< METHOD 0 >>
[TS10]
Sensor Drive Pulse Frequency (MHz)                : 1.0
CTSUSNUM                                          : 15
CTSUSDPA                                          : 15
CTSUSO                                            : 235

[TS11]
Sensor Drive Pulse Frequency (MHz)                : 1.0
CTSUSNUM                                          : 15
CTSUSDPA                                          : 15
CTSUSO                                            : 214


---------- Phase3 ----------
<< METHOD 0 >>
[Button(self) 0]
  << TS10 >>
  Count Value (Off)                               : 15670
  Count Value (On)                                : 15308
  Threshold                                       : 65535
  Hysteresis                                      : 3276

[Button(self) 1]
  << TS11 >>
  Count Value (Off)                               : 15536
  Count Value (On)                                : 15628
  Threshold                                       : 55
  Hysteresis                                      : 2


---------- Phase3 ----------
<< METHOD 0 >>
[Button(self) 0]
  << TS10 >>
  Count Value (Off)                               : 15292
  Count Value (On)                                : 33622
  Threshold                                       : 10998
  Hysteresis                                      : 549

[Button(self) 1]
  << TS11 >>
  Count Value (Off)                               : 15408
  Count Value (On)                                : 34044
  Threshold                                       : 11181
  Hysteresis                                      : 559

